 rt

 Timestamp is 33dd0f0d (Mon Jul 28 14:28:45 1997)

 Preferred load address is 11000000

 Start         Length     Name                   Class
 0001:00000000 000ecf4aH .text                   CODE
 0002:00000000 00000b69H .rdata                  DATA
 0002:00000b70 0000306dH .edata                  DATA
 0003:00000000 00000004H .CRT$XCA                DATA
 0003:00000004 00000004H .CRT$XCZ                DATA
 0003:00000008 00000004H .CRT$XIA                DATA
 0003:0000000c 00000004H .CRT$XIZ                DATA
 0003:00000010 0001781fH .data                   DATA
 0003:00017830 000285bcH .bss                    DATA
 0004:00000000 000000c8H .idata$2                DATA
 0004:000000c8 00000014H .idata$3                DATA
 0004:000000dc 000006f8H .idata$4                DATA
 0004:000007d4 000006f8H .idata$5                DATA
 0004:00000ecc 00001836H .idata$6                DATA
 0005:00000000 00000058H .rsrc$01                DATA
 0005:00000060 00000370H .rsrc$02                DATA

  Address         Publics by Value              Rva+Base   Lib:Object

 0001:00000000       _cal                       11001000 f cal.obj
 0001:0000002b       _cal_opt                   1100102b f cal.obj
 0001:00001760       _cal_reverse               11002760 f cal.obj
 0001:00001800       _calculator                11002800 f calc.obj
 0001:00004600       _combobox_msg@16           11005600 f control.obj
 0001:00004abf       _redrawn_by_Windows        11005abf f control.obj
 0001:00004aee       _subedit_msg@16            11005aee f control.obj
 0001:00004be0       _datacollect               11005be0 f datacoll.obj
 0001:00006b8b       _fld_boxtype               11007b8b f datacoll.obj
 0001:00006d2b       _drawfldbox                11007d2b f datacoll.obj
 0001:00006e0d       _drawfield                 11007e0d f datacoll.obj
 0001:00006fe6       _display_rect              11007fe6 f datacoll.obj
 0001:0000704b       _makefieldtext             1100804b f datacoll.obj
 0001:000074d9       _setfont                   110084d9 f datacoll.obj
 0001:00007518       _dovalidation              11008518 f datacoll.obj
 0001:000077f9       _doduringentry             110087f9 f datacoll.obj
 0001:0000795c       _do_vals                   1100895c f datacoll.obj
 0001:00007d6b       _copy_pick                 11008d6b f datacoll.obj
 0001:0000840f       _dc_set_te_text            1100940f f datacoll.obj
 0001:00008656       _dc_do_editted_te          11009656 f datacoll.obj
 0001:0000a976       _field_focus               1100b976 f datacoll.obj
 0001:0000b040       _fp_from_dlp               1100c040 f datacoll.obj
 0001:0000b097       _copy_from_combobox        1100c097 f datacoll.obj
 0001:0000b330       _dump_field                1100c330 f debug.obj
 0001:0000b61f       _makeobj                   1100c61f f debug.obj
 0001:0000b658       _debug_dl                  1100c658 f debug.obj
 0001:0000ba77       _dumpscreenlist            1100ca77 f debug.obj
 0001:0000bc6b       _dumptran                  1100cc6b f debug.obj
 0001:0000be35       _dump_fld_stacks           1100ce35 f debug.obj
 0001:0000bff6       _dump_navlist              1100cff6 f debug.obj
 0001:0000c0d8       _dump_gl                   1100d0d8 f debug.obj
 0001:0000c1a0       _dump_timers               1100d1a0 f debug.obj
 0001:0000c290       _show_menuname             1100d290 f debug.obj
 0001:0000c2da       _show_funkeydefs           1100d2da f debug.obj
 0001:0000c3bd       _print_fkeydef             1100d3bd f debug.obj
 0001:0000c4ad       _get_object_name           1100d4ad f debug.obj
 0001:0000c618       _dump_flags                1100d618 f debug.obj
 0001:0000c796       _df_ind                    1100d796 f debug.obj
 0001:0000c874       _debug_somelist            1100d874 f debug.obj
 0001:0000c8a3       _df_dumparea               1100d8a3 f debug.obj
 0001:0000ca19       _dump_misc_info            1100da19 f debug.obj
 0001:0000ccd7       _dump_field_test           1100dcd7 f debug.obj
 0001:0000d60b       _dump_fldlist              1100e60b f debug.obj
 0001:0000d683       _dc_getname                1100e683 f debug.obj
 0001:0000d730       _demo_mode                 1100e730 f demo.obj
 0001:0000d9b0       _rterrmsg                  1100e9b0 f errorbox.obj
 0001:0000e432       _rterrorbox                1100f432 f errorbox.obj
 0001:0000e513       _unshow_err                1100f513 f errorbox.obj
 0001:0000e606       _unshow_fyi                1100f606 f errorbox.obj
 0001:0000e6f9       _unshow_efmsg              1100f6f9 f errorbox.obj
 0001:0000e8b4       _rterrmsg_via_list         1100f8b4 f errorbox.obj
 0001:0000ed1e       _msgbox                    1100fd1e f errorbox.obj
 0001:0000ede4       _ofb_msgbox                1100fde4 f errorbox.obj
 0001:0000ee10       _rtAllocCDSEnv             1100fe10 f execcds.obj
 0001:0000ee61       _exec_cds                  1100fe61 f execcds.obj
 0001:00013210       _transform_cdserror        11014210 f execcds.obj
 0001:000133c8       _cdsretry                  110143c8 f execcds.obj
 0001:0001359b       _catastrophe               1101459b f execcds.obj
 0001:00014640       _exec_comm                 11015640 f execcomm.obj
 0001:0001593b       _comm_get_pcl_ptr          1101693b f execcomm.obj
 0001:00015b80       _exec_crt                  11016b80 f execcrt.obj
 0001:00016640       _exec_dde                  11017640 f execdde.obj
 0001:00017a89       _DdeCallback@32            11018a89 f execdde.obj
 0001:000184c5       _ProcessDDEInit@4          110194c5 f execdde.obj
 0001:00018510       _ProcessDDEConnect@12      11019510 f execdde.obj
 0001:00018741       _ProcessDDEAdvise@16       11019741 f execdde.obj
 0001:00018853       _ProcessDDEServer@8        11019853 f execdde.obj
 0001:00018a42       _ProcessDDEConfig@8        11019a42 f execdde.obj
 0001:00018c23       _ProcessDDESendData@20     11019c23 f execdde.obj
 0001:00018db8       _ProcessDDERequest@16      11019db8 f execdde.obj
 0001:00018f8a       _ProcessDDEPoke@20         11019f8a f execdde.obj
 0001:0001902c       _ProcessDDEExecute@16      1101a02c f execdde.obj
 0001:000190ac       _ProcessDDEDisconnect@4    1101a0ac f execdde.obj
 0001:000190d3       _ProcessDDEAbandonTrans@8  1101a0d3 f execdde.obj
 0001:000190f8       _ProcessDDEConversation@8  1101a0f8 f execdde.obj
 0001:0001911d       _ProcessDDEUninit@0        1101a11d f execdde.obj
 0001:00019184       _ProcessDDEQueryNextServ@8 1101a184 f execdde.obj
 0001:000191d2       _IsServiceSupported        1101a1d2 f execdde.obj
 0001:0001923d       _IsTopicSupported          1101a23d f execdde.obj
 0001:00019482       _GetServiceTopicNames      1101a482 f execdde.obj
 0001:0001954f       _FillPCLClientCallBackParams 1101a54f f execdde.obj
 0001:000195be       _FillPCLServerCallBackParams 1101a5be f execdde.obj
 0001:00019617       _mre_nofunc                1101a617 f execdde.obj
 0001:0001964a       _mre_nofld                 1101a64a f execdde.obj
 0001:00019664       _mre_nohconv               1101a664 f execdde.obj
 0001:00019680       _exec_declare              1101a680 f execdll.obj
 0001:0001989a       _exec_dll                  1101a89a f execdll.obj
 0001:0001a739       _DLL_FreeLibs              1101b739 f execdll.obj
 0001:0001a810       _exec_draw                 1101b810 f execdraw.obj
 0001:0001df60       _exec_print                1101ef60 f execprt.obj
 0001:00021bd4       _print_package             11022bd4 f execprt.obj
 0001:0002247c       _printer_open              1102347c f execprt.obj
 0001:0002307b       _printabort@8              1102407b f execprt.obj
 0001:00023ed0       _GetSizeFromWidthHeight    11024ed0 f execprt.obj
 0001:00023faa       _GetWidthHeightFromSize    11024faa f execprt.obj
 0001:00024018       _printer_close             11025018 f execprt.obj
 0001:0002566d       _printformatting           1102666d f execprt.obj
 0001:00025ac5       _addprtbuff                11026ac5 f execprt.obj
 0001:00025c43       _rt_nop_verb_msg           11026c43 f execprt.obj
 0001:00026681       _PAIparse                  11027681 f execprt.obj
 0001:0002700a       _SelectPrintFont           1102800a f execprt.obj
 0001:00027c6e       _GetPrintDC                11028c6e f execprt.obj
 0001:00027c83       _PrtDrawIcon               11028c83 f execprt.obj
 0001:000281ad       _PrtGetBitmapSize          110291ad f execprt.obj
 0001:000281db       _PrtDrawBitmap             110291db f execprt.obj
 0001:0002882b       _logrtwaitchks             1102982b f execprt.obj
 0001:00028ce9       _printdebug                11029ce9 f execprt.obj
 0001:00028e43       _LogFile                   11029e43 f execprt.obj
 0001:00028f00       _dobinop                   11029f00 f expr.obj
 0001:00029d53       _exprabort                 1102ad53 f expr.obj
 0001:00029d98       _determinetype             1102ad98 f expr.obj
 0001:0002a0b6       _douniop                   1102b0b6 f expr.obj
 0001:0002a3e3       _mystrcmp                  1102b3e3 f expr.obj
 0001:0002a582       _opstring                  1102b582 f expr.obj
 0001:0002a710       _undup_fld_list            1102b710 f fldsubs.obj
 0001:0002a720       _sav_fld_list              1102b720 f fldsubs.obj
 0001:0002a772       _sav_fld_storage           1102b772 f fldsubs.obj
 0001:0002a7d7       _clr_fld_list              1102b7d7 f fldsubs.obj
 0001:0002a880       _clr_fld_dlist             1102b880 f fldsubs.obj
 0001:0002a9aa       _clr_fld_explicit          1102b9aa f fldsubs.obj
 0001:0002a9f1       _dup_fld_list              1102b9f1 f fldsubs.obj
 0001:0002aa6b       _dup_fld_explicit          1102ba6b f fldsubs.obj
 0001:0002aa8e       _dup_fld_storage           1102ba8e f fldsubs.obj
 0001:0002aafd       _add_field_rec             1102bafd f fldsubs.obj
 0001:0002ac10       _help                      1102bc10 f help.obj
 0001:0002af20       _do_init_statement         1102bf20 f initstmt.obj
 0001:0002c69f       _rt_output_timers          1102d69f f initstmt.obj
 0001:0002c7a9       _rt_stop_timer             1102d7a9 f initstmt.obj
 0001:0002c872       _rt_start_timer            1102d872 f initstmt.obj
 0001:0002c88d       _dump_init_settings        1102d88d f initstmt.obj
 0001:0002d1e0       _initwinsock               1102e1e0 f io.obj
 0001:0002d23e       _spy_on                    1102e23e f io.obj
 0001:0002d6ed       _spy_off                   1102e6ed f io.obj
 0001:0002d838       _rtserverlisten            1102e838 f io.obj
 0001:0002d944       _killspyserver             1102e944 f io.obj
 0001:0002d9a1       _spylistendone             1102e9a1 f io.obj
 0001:0002db46       _spyreaddone               1102eb46 f io.obj
 0001:0002dd7c       _spyrcv1                   1102ed7c f io.obj
 0001:0002de8f       _spyrcv2                   1102ee8f f io.obj
 0001:0002dee0       _spysend1                  1102eee0 f io.obj
 0001:0002dff7       _spysend2                  1102eff7 f io.obj
 0001:0002e107       _getuserkey                1102f107 f io.obj
 0001:0002e4da       _invoke_localprint         1102f4da f io.obj
 0001:0002e512       _ungetuserkey              1102f512 f io.obj
 0001:0002e5a3       _clear_screen              1102f5a3 f io.obj
 0001:0002e7a7       _status_update             1102f7a7 f io.obj
 0001:0002f020       _get_string                11030020 f io.obj
 0001:0002f192       _put_title                 11030192 f io.obj
 0001:0002f491       _show_cursor               11030491 f io.obj
 0001:0002f634       _show_cursor_full          11030634 f io.obj
 0001:0002f732       _hide_cursor               11030732 f io.obj
 0001:0002f8fd       _save_hide_cursor          110308fd f io.obj
 0001:0002f94b       _restore_show_cursor       1103094b f io.obj
 0001:0002f980       _copykeys                  11030980 f io.obj
 0001:0002f992       _badinput                  11030992 f io.obj
 0001:0002f9b1       _warningbell               110309b1 f io.obj
 0001:0002f9d0       _errorbell                 110309d0 f io.obj
 0001:0002f9ef       _copyvideo                 110309ef f io.obj
 0001:0002fa01       _copyoff                   11030a01 f io.obj
 0001:0002fa0c       _xlatefkey                 11030a0c f io.obj
 0001:0002fb56       _rt_find_keyval            11030b56 f io.obj
 0001:0002fbb0       _pcl_exec_error            11030bb0 f io.obj
 0001:0003001d       _appl_alt_key              1103101d f io.obj
 0001:00030122       _do_alt_key                11031122 f io.obj
 0001:00030301       _getfromkeybuff            11031301 f io.obj
 0001:0003038b       _rt_get_nextkey            1103138b f io.obj
 0001:000303cb       _addtokeybuff              110313cb f io.obj
 0001:0003044c       _purge_typeahead           1103144c f io.obj
 0001:000304a0       _display_internal_error    110314a0 f io.obj
 0001:000304cc       _xlate_filename            110314cc f io.obj
 0001:000306b0       _localprint                110316b0 f localprt.obj
 0001:00031e70       _manual                    11032e70 f manual.obj
 0001:0003368e       _man_init_fields           1103468e f manual.obj
 0001:00037f20       _menu                      11038f20 f menus.obj
 0001:00039c9b       _pmenu                     1103ac9b f menus.obj
 0001:0003aaf2       _do_winmenu                1103baf2 f menus.obj
 0001:0003ab43       _rt_listexec               1103bb43 f menus.obj
 0001:0003b160       _grayrect                  1103c160 f mouse.obj
 0001:0003b28d       _ScaleRSx                  1103c28d f mouse.obj
 0001:0003b2d0       _ScaleRS                   1103c2d0 f mouse.obj
 0001:0003b321       _rt_mouse_events           1103c321 f mouse.obj
 0001:0003c1a9       _drawcheckbox              1103d1a9 f mouse.obj
 0001:0003c274       _drawradiobutton           1103d274 f mouse.obj
 0001:0003c333       _drawTEtext                1103d333 f mouse.obj
 0001:0003c4f2       _drawTEfield               1103d4f2 f mouse.obj
 0001:0003c73b       _drawpushbutton            1103d73b f mouse.obj
 0001:0003c752       _drawreliefbutton          1103d752 f mouse.obj
 0001:0003c7a7       _drawiconbutton            1103d7a7 f mouse.obj
 0001:0003c7e8       _drawvoidbutton            1103d7e8 f mouse.obj
 0001:0003c828       _redrawcontrol             1103d828 f mouse.obj
 0001:0003cae2       _mouse_scroll              1103dae2 f mouse.obj
 0001:0003cc0c       _add_alt_key               1103dc0c f mouse.obj
 0001:0003cd05       _render_relief             1103dd05 f mouse.obj
 0001:0003cd25       _render_control            1103dd25 f mouse.obj
 0001:0003dea7       _alter_button              1103eea7 f mouse.obj
 0001:0003e40f       _inform_TE_change          1103f40f f mouse.obj
 0001:0003e4d0       _redraw_ctrl               1103f4d0 f mouse.obj
 0001:0003e71f       _do_alter_ctrl             1103f71f f mouse.obj
 0001:0003ece7       _allcontrols               1103fce7 f mouse.obj
 0001:0003ee1d       _calc_control_size         1103fe1d f mouse.obj
 0001:0003f4c0       _multidisplay              110404c0 f multirec.obj
 0001:0003ffc4       _getmember                 11040fc4 f multirec.obj
 0001:00040a10       _rtclwait                  11041a10 f nwcds.obj
 0001:00040c80       _pcl                       11041c80 f pcl.obj
 0001:000498ec       _rt_get_obj_nums           1104a8ec f pcl.obj
 0001:00049ac6       _rt_get_dd_ptr             1104aac6 f pcl.obj
 0001:00049dee       _async_pcl                 1104adee f pcl.obj
 0001:00049f00       _prefill                   1104af00 f pclsubs.obj
 0001:0004a029       _navigateback              1104b029 f pclsubs.obj
 0001:0004a204       _dorefresh                 1104b204 f pclsubs.obj
 0001:0004a5c7       _refreshfield              1104b5c7 f pclsubs.obj
 0001:0004a8b2       _keydef_clear              1104b8b2 f pclsubs.obj
 0001:0004a902       _keydef_push               1104b902 f pclsubs.obj
 0001:0004a978       _keydef_pop                1104b978 f pclsubs.obj
 0001:0004aa3e       _keydef_reset              1104ba3e f pclsubs.obj
 0001:0004ab6a       _plug_comm_ptr             1104bb6a f pclsubs.obj
 0001:0004ac5a       _plug_at_comm_ptr          1104bc5a f pclsubs.obj
 0001:0004ad4a       _start_interval            1104bd4a f pclsubs.obj
 0001:0004ad79       _stop_interval             1104bd79 f pclsubs.obj
 0001:0004ae07       _do_dprint                 1104be07 f pclsubs.obj
 0001:0004b4c0       _do_fprint                 1104c4c0 f pclsubs.obj
 0001:0004bae1       _setup_sysinfo             1104cae1 f pclsubs.obj
 0001:0004bb1d       _pcl_doreset               1104cb1d f pclsubs.obj
 0001:0004bbea       _make_tran                 1104cbea f pclsubs.obj
 0001:0004be70       _remove_tran               1104ce70 f pclsubs.obj
 0001:0004c05a       _rt_list_init              1104d05a f pclsubs.obj
 0001:0004c188       _make_stringbuff           1104d188 f pclsubs.obj
 0001:0004c1bb       _purge_all_screens         1104d1bb f pclsubs.obj
 0001:0004c2a6       _stack_clear               1104d2a6 f pclsubs.obj
 0001:0004c393       _stack_push                1104d393 f pclsubs.obj
 0001:0004c45d       _stack_pop                 1104d45d f pclsubs.obj
 0001:0004c51a       _stack_reset               1104d51a f pclsubs.obj
 0001:0004c807       _lookupstmt                1104d807 f pclsubs.obj
 0001:0004c9fb       _tran_start                1104d9fb f pclsubs.obj
 0001:0004cad1       _tran_finish               1104dad1 f pclsubs.obj
 0001:0004cc5c       _tran_reset_all            1104dc5c f pclsubs.obj
 0001:0004cca6       _rt_redraw                 1104dca6 f pclsubs.obj
 0001:0004d2ae       _rt_dl_free                1104e2ae f pclsubs.obj
 0001:0004d32d       _do_settimer               1104e32d f pclsubs.obj
 0001:0004d47a       _check_timers              1104e47a f pclsubs.obj
 0001:0004d69e       _reset_timers              1104e69e f pclsubs.obj
 0001:0004d994       _rt_comboverify            1104e994 f pclsubs.obj
 0001:0004dd6f       _rt_combofield             1104ed6f f pclsubs.obj
 0001:0004e562       _rt_display                1104f562 f pclsubs.obj
 0001:0004e6c2       _rt_undisplay              1104f6c2 f pclsubs.obj
 0001:0004e852       _rt_collect                1104f852 f pclsubs.obj
 0001:0004e91d       _rt_combopick              1104f91d f pclsubs.obj
 0001:0004ed45       _CallStack_add             1104fd45 f pclsubs.obj
 0001:0004ed9c       _CallStack_remove          1104fd9c f pclsubs.obj
 0001:0004ee5f       _CallStack_dump            1104fe5f f pclsubs.obj
 0001:0004efac       _CallStack_reset           1104ffac f pclsubs.obj
 0001:0004efcb       _make_mlfield              1104ffcb f pclsubs.obj
 0001:0004f0b0       _show_picklist             110500b0 f picklist.obj
 0001:0004f562       _PickScrollProc@16         11050562 f picklist.obj
 0001:0004f6e5       _remove_picklist           110506e5 f picklist.obj
 0001:0004f948       _do_picklist               11050948 f picklist.obj
 0001:0004fb04       _display_picklist          11050b04 f picklist.obj
 0001:000507c2       _val_picklist              110517c2 f picklist.obj
 0001:00050b5e       _plproc                    11051b5e f picklist.obj
 0001:00052406       _pl_drawcontrol            11053406 f picklist.obj
 0001:000525c0       _callout_key_filter        110535c0 f picklist.obj
 0001:0005280a       _pl_reverse                1105380a f picklist.obj
 0001:00052a4c       _pl_drawstring             11053a4c f picklist.obj
 0001:00052bae       _ctl_under_pick            11053bae f picklist.obj
 0001:00052cb0       _ramalloc                  11053cb0 f ramalloc.obj
 0001:00052f40       _rt                        11053f40 f rt.obj
 0001:00053252       _post_cleanup              11054252 f rt.obj
 0001:000533fb       _titlescreen               110543fb f rt.obj
 0001:0005375b       _initialize                1105475b f rt.obj
 0001:000543bc       _reset_exit                110553bc f rt.obj
 0001:0005443f       _math_error                1105543f f rt.obj
 0001:00054473       _init_field                11055473 f rt.obj
 0001:000544cc       _setup_keyboard_input      110554cc f rt.obj
 0001:000544d7       _setup_common_fields       110554d7 f rt.obj
 0001:0005460d       _setup_hardware_type       1105560d f rt.obj
 0001:00054675       _init_errfyi               11055675 f rt.obj
 0001:00054740       _required_field            11055740 f rt.obj
 0001:000547f9       _onechar_setup             110557f9 f rt.obj
 0001:00054804       _onechar_terminate         11055804 f rt.obj
 0001:0005480f       _rt_set_palette            1105580f f rt.obj
 0001:00054862       _never_call_this           11055862 f rt.obj
 0001:00054f0e       _ToolsInit                 11055f0e f rt.obj
 0001:0005517e       _ToolsReInit               1105617e f rt.obj
 0001:00055225       _ToolsClose                11056225 f rt.obj
 0001:0005523a       _ToolsOpenRTwindow         1105623a f rt.obj
 0001:00055370       _ToolsCloseRTwindow        11056370 f rt.obj
 0001:0005539b       _ToolsInitColor            1105639b f rt.obj
 0001:00055514       _MosaicOA                  11056514 f rt.obj
 0001:00055680       _recordcount               11056680 f rtable.obj
 0001:000556de       _setrecord                 110566de f rtable.obj
 0001:00055793       _appendfields              11056793 f rtable.obj
 0001:00055f5f       _rtaddfield                11056f5f f rtable.obj
 0001:0005619e       _rtaddarray                1105719e f rtable.obj
 0001:00056470       _extractfields             11057470 f rtable.obj
 0001:00056aba       _rtgetallfields            11057aba f rtable.obj
 0001:00056d0d       _rtgetfield                11057d0d f rtable.obj
 0001:00056ffc       _rtgetarray                11057ffc f rtable.obj
 0001:00057361       _fieldcriteria             11058361 f rtable.obj
 0001:000573f0       _listcriteria              110583f0 f rtable.obj
 0001:00057d84       _buildcriteria             11058d84 f rtable.obj
 0001:000586ff       _rtdereference             110596ff f rtable.obj
 0001:00058742       _rt_get_ail                11059742 f rtable.obj
 0001:000588a0       _DllMain@12                110598a0 f rtdll.obj
 0001:00058930       __lstrMyCmp                11059930 f rtfonts.obj
 0001:000589a1       _rt_drawtext               110599a1 f rtfonts.obj
 0001:000591c5       _point2pix                 1105a1c5 f rtfonts.obj
 0001:000591f4       _fontfromcache             1105a1f4 f rtfonts.obj
 0001:0005929d       _fonttocache               1105a29d f rtfonts.obj
 0001:00059369       _fontdelcache              1105a369 f rtfonts.obj
 0001:000593c5       _selectfont                1105a3c5 f rtfonts.obj
 0001:00059d7a       _get_font_handle           1105ad7a f rtfonts.obj
 0001:00059d8f       _getfont                   1105ad8f f rtfonts.obj
 0001:00059de1       _getunscaledfont           1105ade1 f rtfonts.obj
 0001:00059e04       _scaletext                 1105ae04 f rtfonts.obj
 0001:00059e69       _addiscfonts               1105ae69 f rtfonts.obj
 0001:00059f01       _InitFontStuff             1105af01 f rtfonts.obj
 0001:00059f71       _TermFonts                 1105af71 f rtfonts.obj
 0001:00059fe0       _openwindow                1105afe0 f rtwindow.obj
 0001:0005a0b3       _InitApplication           1105b0b3 f rtwindow.obj
 0001:0005a185       _InitInstance              1105b185 f rtwindow.obj
 0001:0005a367       _mousemove_setcursor       1105b367 f rtwindow.obj
 0001:0005a397       _ControlProc               1105b397 f rtwindow.obj
 0001:0005a836       _rt_clearwindow            1105b836 f rtwindow.obj
 0001:0005a894       _WndProc@16                1105b894 f rtwindow.obj
 0001:0005b69f       _do_PCLredraw              1105c69f f rtwindow.obj
 0001:0005ba27       _winnt_keycode             1105ca27 f rtwindow.obj
 0001:0005c00f       _Bell                      1105d00f f rtwindow.obj
 0001:0005c022       _InitColor                 1105d022 f rtwindow.obj
 0001:0005c0f5       _SetRGBColor               1105d0f5 f rtwindow.obj
 0001:0005c22c       _getdc                     1105d22c f rtwindow.obj
 0001:0005c294       _setdc                     1105d294 f rtwindow.obj
 0001:0005c2bf       _releasedc                 1105d2bf f rtwindow.obj
 0001:0005c314       _timerproc                 1105d314 f rtwindow.obj
 0001:0005c720       _window_init               1105d720 f rtwindow.obj
 0001:0005c791       _set_physicalsize          1105d791 f rtwindow.obj
 0001:0005c800       _set_maxsize               1105d800 f rtwindow.obj
 0001:0005ccc1       _check_maxsize             1105dcc1 f rtwindow.obj
 0001:0005ce61       _rtwdw_resize              1105de61 f rtwindow.obj
 0001:0005d20d       _ctrl_is_active            1105e20d f rtwindow.obj
 0001:0005d2f2       _fieldfromscrap            1105e2f2 f rtwindow.obj
 0001:0005d423       _fieldtoscrap              1105e423 f rtwindow.obj
 0001:0005d585       _scrap_remove_cr           1105e585 f rtwindow.obj
 0001:0005d5e6       _scrap_add_cr              1105e5e6 f rtwindow.obj
 0001:0005d688       _GetPersonality            1105e688 f rtwindow.obj
 0001:0005de93       _GetColorsFromINIFile      1105ee93 f rtwindow.obj
 0001:0005e2e1       _getSysPal                 1105f2e1 f rtwindow.obj
 0001:0005e43b       _getSystemColors           1105f43b f rtwindow.obj
 0001:0005e599       _KeyboardProc@12           1105f599 f rtwindow.obj
 0001:0005e60d       _gsp_event                 1105f60d f rtwindow.obj
 0001:0005e732       _get_hwnd_4iba             1105f732 f rtwindow.obj
 0001:0005e747       _get_RTs_wndprocaddr       1105f747 f rtwindow.obj
 0001:0005e75c       _ToolsClearRTsGlobals      1105f75c f rtwindow.obj
 0001:0005e830       _getkey                    1105f830 f single.obj
 0001:0005e9ba       _singlestep                1105f9ba f single.obj
 0001:000615f2       _show_OFB_source           110625f2 f single.obj
 0001:000616d5       _set_watch_field           110626d5 f single.obj
 0001:000618c6       _checkwatch                110628c6 f single.obj
 0001:00061eb0       _rt_wait                   11062eb0 f synch.obj
 0001:000621e4       _t_waitcompletion@16       110631e4 f synch.obj
 0001:00062210       _t_reset@16                11063210 f synch.obj
 0001:00062249       _t_key@16                  11063249 f synch.obj
 0001:00062282       _rt_signal                 11063282 f synch.obj
 0001:000622a0       _TEActivate                110632a0 f textedit.obj
 0001:000622f4       _TEDeactivate              110632f4 f textedit.obj
 0001:0006235a       _TESetSelect               1106335a f textedit.obj
 0001:0006239f       _TEGetSelect               1106339f f textedit.obj
 0001:00062400       _TEGetText                 11063400 f textedit.obj
 0001:00062476       _TEAvailable               11063476 f textedit.obj
 0001:00062595       _TECtrl2window             11063595 f textedit.obj
 0001:00062609       _TEProc@16                 11063609 f textedit.obj
 0001:00062d67       _TESelView                 11063d67 f textedit.obj
 0001:00062d93       _TEAutoWrap                11063d93 f textedit.obj
 0001:00062d9e       _TESetJust                 11063d9e f textedit.obj
 0001:00062da9       _TELeading                 11063da9 f textedit.obj
 0001:00062db4       _TEKey                     11063db4 f textedit.obj
 0001:000630c6       _TEActivated               110640c6 f textedit.obj
 0001:000630fc       _TEDelete                  110640fc f textedit.obj
 0001:0006313b       _TECut                     1106413b f textedit.obj
 0001:0006317f       _TECopy                    1106417f f textedit.obj
 0001:000631c3       _TEPaste                   110641c3 f textedit.obj
 0001:00063214       _TEUpdate                  11064214 f textedit.obj
 0001:000632d7       _TENew                     110642d7 f textedit.obj
 0001:00063765       _TEDispose                 11064765 f textedit.obj
 0001:000637cb       _TESetText                 110647cb f textedit.obj
 0001:0006383d       _GetStretchFieldInfo       1106483d f textedit.obj
 0001:00063912       _TEVisLine                 11064912 f textedit.obj
 0001:00063b8d       _TEClick                   11064b8d f textedit.obj
 0001:00063d3b       _TESetColor                11064d3b f textedit.obj
 0001:00063ec7       _TEButtonUp                11064ec7 f textedit.obj
 0001:00063f39       _TEPasteSetup              11064f39 f textedit.obj
 0001:00064209       _TEGetPasteString          11065209 f textedit.obj
 0001:00064239       _TEChange                  11065239 f textedit.obj
 0001:00064303       _TECopytoClip              11065303 f textedit.obj
 0001:000643b2       _TEShowRect                110653b2 f textedit.obj
 0001:00064400       _TESpillGuts               11065400 f textedit.obj
 0001:000644a0       _LocalTextWidth            110654a0 f windoman.obj
 0001:00064531       _LocalCharWidth            11065531 f windoman.obj
 0001:0006455b       _StringWidth               1106555b f windoman.obj
 0001:0006459c       _LocalStringWidth          1106559c f windoman.obj
 0001:000645d1       _LocalTextWidHit           110655d1 f windoman.obj
 0001:000646f9       _BlockMove                 110656f9 f windoman.obj
 0001:00064718       _HiWord                    11065718 f windoman.obj
 0001:0006472e       _LoWord                    1106572e f windoman.obj
 0001:00064746       _ClipRectSect              11065746 f windoman.obj
 0001:00064786       _SetClip                   11065786 f windoman.obj
 0001:000647ca       _LocalGetClip              110657ca f windoman.obj
 0001:0006484a       _ClipRect                  1106584a f windoman.obj
 0001:0006494e       _DrawControl               1106594e f windoman.obj
 0001:00064963       _StringLen                 11065963 f windoman.obj
 0001:0006497f       _ValidRect                 1106597f f windoman.obj
 0001:000649f9       _SetWTitle                 110659f9 f windoman.obj
 0001:00064a12       _PenMode                   11065a12 f windoman.obj
 0001:00064a26       _PenSize                   11065a26 f windoman.obj
 0001:00064a45       _PenPat                    11065a45 f windoman.obj
 0001:00064a5a       _PenNormal                 11065a5a f windoman.obj
 0001:00064a85       _ShowControl               11065a85 f windoman.obj
 0001:00064ac8       _HideControl               11065ac8 f windoman.obj
 0001:00064aeb       _HideControlNoInval        11065aeb f windoman.obj
 0001:00064af6       _HiliteControl             11065af6 f windoman.obj
 0001:00064be7       _GetCtlValue               11065be7 f windoman.obj
 0001:00064c73       _SetCtlValue               11065c73 f windoman.obj
 0001:00064d34       _InvalRect                 11065d34 f windoman.obj
 0001:00064de8       _SectRect                  11065de8 f windoman.obj
 0001:00064e5d       _TextFont                  11065e5d f windoman.obj
 0001:00064e72       _TextFace                  11065e72 f windoman.obj
 0001:00064e87       _TextSize                  11065e87 f windoman.obj
 0001:00064e9c       _TextMode                  11065e9c f windoman.obj
 0001:00064eb1       _EraseRect                 11065eb1 f windoman.obj
 0001:00064f89       _ScrollRect                11065f89 f windoman.obj
 0001:0006500d       _ForeColor                 1106600d f windoman.obj
 0001:0006505f       _BackColor                 1106605f f windoman.obj
 0001:000650b1       _IsCtlActive               110660b1 f windoman.obj
 0001:000650e4       _PackBits                  110660e4 f windoman.obj
 0001:000652cb       _UnpackBits                110662cb f windoman.obj
 0001:00065410       _winmenu                   11066410 f winmenu.obj
 0001:00066a11       _append_pdm                11067a11 f winmenu.obj
 0001:00066e1d       _delete_pdmenu             11067e1d f winmenu.obj
 0001:00066efb       _delete_pdm                11067efb f winmenu.obj
 0001:000670e4       _winmenu_action            110680e4 f winmenu.obj
 0001:000673cc       _winmenu_keyaction         110683cc f winmenu.obj
 0001:000676bd       _PDM_find_by_hpdmenu       110686bd f winmenu.obj
 0001:00067ac9       _set_hmenu                 11068ac9 f winmenu.obj
 0001:00067aef       _pdm_init                  11068aef f winmenu.obj
 0001:00067b46       _pdm_exit                  11068b46 f winmenu.obj
 0001:00067c4a       _winmenu_menu_key          11068c4a f winmenu.obj
 0001:00067e42       _ntohl@4                   11068e42 f wsock32:WSOCK32.dll
 0001:00067e48       _PlaySoundA@12             11068e48 f winmm:WINMM.dll
 0001:00067e4e       _WinExec@8                 11068e4e f kernel32:KERNEL32.dll
 0001:00067e54       _GlobalAlloc@8             11068e54 f kernel32:KERNEL32.dll
 0001:00067e5a       _lstrlenA@4                11068e5a f kernel32:KERNEL32.dll
 0001:00067e60       _GlobalFree@4              11068e60 f kernel32:KERNEL32.dll
 0001:00067e66       _lstrcpyA@8                11068e66 f kernel32:KERNEL32.dll
 0001:00067e6c       _GetLastError@0            11068e6c f kernel32:KERNEL32.dll
 0001:00067e72       _GetProcAddress@8          11068e72 f kernel32:KERNEL32.dll
 0001:00067e78       _LoadLibraryA@4            11068e78 f kernel32:KERNEL32.dll
 0001:00067e7e       _lstrcmpiA@8               11068e7e f kernel32:KERNEL32.dll
 0001:00067e84       _lstrcatA@8                11068e84 f kernel32:KERNEL32.dll
 0001:00067e8a       _FreeLibrary@4             11068e8a f kernel32:KERNEL32.dll
 0001:00067e90       _Sleep@4                   11068e90 f kernel32:KERNEL32.dll
 0001:00067e96       _GetVersionExA@4           11068e96 f kernel32:KERNEL32.dll
 0001:00067e9c       _GlobalUnlock@4            11068e9c f kernel32:KERNEL32.dll
 0001:00067ea2       _GlobalLock@4              11068ea2 f kernel32:KERNEL32.dll
 0001:00067ea8       _WriteFile@20              11068ea8 f kernel32:KERNEL32.dll
 0001:00067eae       _OpenFile@12               11068eae f kernel32:KERNEL32.dll
 0001:00067eb4       _GetTickCount@0            11068eb4 f kernel32:KERNEL32.dll
 0001:00067eba       _GlobalSize@4              11068eba f kernel32:KERNEL32.dll
 0001:00067ec0       _GetExitCodeProcess@8      11068ec0 f kernel32:KERNEL32.dll
 0001:00067ec6       _WaitForSingleObject@8     11068ec6 f kernel32:KERNEL32.dll
 0001:00067ecc       _CreateProcessA@40         11068ecc f kernel32:KERNEL32.dll
 0001:00067ed2       _GetComputerNameA@8        11068ed2 f kernel32:KERNEL32.dll
 0001:00067ed8       _ExitProcess@4             11068ed8 f kernel32:KERNEL32.dll
 0001:00067ede       _GetVersion@0              11068ede f kernel32:KERNEL32.dll
 0001:00067ee4       _GetStdHandle@4            11068ee4 f kernel32:KERNEL32.dll
 0001:00067eea       _SetConsoleScreenBufferSize@8 11068eea f kernel32:KERNEL32.dll
 0001:00067ef0       _AllocConsole@0            11068ef0 f kernel32:KERNEL32.dll
 0001:00067ef6       _GetCurrentThreadId@0      11068ef6 f kernel32:KERNEL32.dll
 0001:00067efc       _GetPrivateProfileStringA@24 11068efc f kernel32:KERNEL32.dll
 0001:00067f02       _SetConsoleMode@8          11068f02 f kernel32:KERNEL32.dll
 0001:00067f08       _ReadConsoleA@20           11068f08 f kernel32:KERNEL32.dll
 0001:00067f0e       _SetConsoleTitleA@4        11068f0e f kernel32:KERNEL32.dll
 0001:00067f14       _GetCurrentProcessId@0     11068f14 f kernel32:KERNEL32.dll
 0001:00067f1a       _GetConsoleTitleA@8        11068f1a f kernel32:KERNEL32.dll
 0001:00067f20       _SetRect@20                11068f20 f user32:USER32.dll
 0001:00067f26       _CallWindowProcA@20        11068f26 f user32:USER32.dll
 0001:00067f2c       _SendMessageA@16           11068f2c f user32:USER32.dll
 0001:00067f32       _GetParent@4               11068f32 f user32:USER32.dll
 0001:00067f38       _UnionRect@12              11068f38 f user32:USER32.dll
 0001:00067f3e       _FillRect@12               11068f3e f user32:USER32.dll
 0001:00067f44       _SetFocus@4                11068f44 f user32:USER32.dll
 0001:00067f4a       _MessageBoxA@16            11068f4a f user32:USER32.dll
 0001:00067f50       _DdeGetLastError@4         11068f50 f user32:USER32.dll
 0001:00067f56       _DdeGetData@16             11068f56 f user32:USER32.dll
 0001:00067f5c       _DdeQueryStringA@20        11068f5c f user32:USER32.dll
 0001:00067f62       _DdeFreeDataHandle@4       11068f62 f user32:USER32.dll
 0001:00067f68       _DdeInitializeA@16         11068f68 f user32:USER32.dll
 0001:00067f6e       _DdeFreeStringHandle@8     11068f6e f user32:USER32.dll
 0001:00067f74       _DdeConnectList@20         11068f74 f user32:USER32.dll
 0001:00067f7a       _DdeConnect@16             11068f7a f user32:USER32.dll
 0001:00067f80       _wsprintfA                 11068f80 f user32:USER32.dll
 0001:00067f86       _DdeCreateStringHandleA@12 11068f86 f user32:USER32.dll
 0001:00067f8c       _DdeClientTransaction@32   11068f8c f user32:USER32.dll
 0001:00067f92       _DdeNameService@16         11068f92 f user32:USER32.dll
 0001:00067f98       _DdePostAdvise@12          11068f98 f user32:USER32.dll
 0001:00067f9e       _DdeCreateDataHandle@28    11068f9e f user32:USER32.dll
 0001:00067fa4       _DdeDisconnect@4           11068fa4 f user32:USER32.dll
 0001:00067faa       _DdeAbandonTransaction@12  11068faa f user32:USER32.dll
 0001:00067fb0       _DdeEnableCallback@12      11068fb0 f user32:USER32.dll
 0001:00067fb6       _DdeUninitialize@4         11068fb6 f user32:USER32.dll
 0001:00067fbc       _DdeQueryNextServer@8      11068fbc f user32:USER32.dll
 0001:00067fc2       _DdeCmpStringHandles@8     11068fc2 f user32:USER32.dll
 0001:00067fc8       _DdeQueryConvInfo@12       11068fc8 f user32:USER32.dll
 0001:00067fce       _ReleaseDC@8               11068fce f user32:USER32.dll
 0001:00067fd4       _FrameRect@12              11068fd4 f user32:USER32.dll
 0001:00067fda       _GetDC@4                   11068fda f user32:USER32.dll
 0001:00067fe0       _SetWindowLongA@12         11068fe0 f user32:USER32.dll
 0001:00067fe6       _ChildWindowFromPoint@12   11068fe6 f user32:USER32.dll
 0001:00067fec       _CreateWindowExA@48        11068fec f user32:USER32.dll
 0001:00067ff2       _OffsetRect@12             11068ff2 f user32:USER32.dll
 0001:00067ff8       _LookupIconIdFromDirectory@8 11068ff8 f user32:USER32.dll
 0001:00067ffe       _GetSystemMetrics@4        11068ffe f user32:USER32.dll
 0001:00068004       _DestroyWindow@4           11069004 f user32:USER32.dll
 0001:0006800a       _DispatchMessageA@4        1106900a f user32:USER32.dll
 0001:00068010       _TranslateMessage@4        11069010 f user32:USER32.dll
 0001:00068016       _PeekMessageA@20           11069016 f user32:USER32.dll
 0001:0006801c       _SetTimer@16               1106901c f user32:USER32.dll
 0001:00068022       _GetSysColor@4             11069022 f user32:USER32.dll
 0001:00068028       _PtInRect@12               11069028 f user32:USER32.dll
 0001:0006802e       _MoveWindow@24             1106902e f user32:USER32.dll
 0001:00068034       _SetForegroundWindow@4     11069034 f user32:USER32.dll
 0001:0006803a       _GetUpdateRect@12          1106903a f user32:USER32.dll
 0001:00068040       _SetScrollRange@20         11069040 f user32:USER32.dll
 0001:00068046       _SetScrollPos@16           11069046 f user32:USER32.dll
 0001:0006804c       _SetActiveWindow@4         1106904c f user32:USER32.dll
 0001:00068052       _ShowWindow@8              11069052 f user32:USER32.dll
 0001:00068058       _GetWindowLongA@8          11069058 f user32:USER32.dll
 0001:0006805e       _GetActiveWindow@0         1106905e f user32:USER32.dll
 0001:00068064       _GetFocus@0                11069064 f user32:USER32.dll
 0001:0006806a       _GrayStringA@36            1106906a f user32:USER32.dll
 0001:00068070       _LoadAcceleratorsA@8       11069070 f user32:USER32.dll
 0001:00068076       _FindWindowA@8             11069076 f user32:USER32.dll
 0001:0006807c       _RegisterClassA@4          1106907c f user32:USER32.dll
 0001:00068082       _LoadIconA@8               11069082 f user32:USER32.dll
 0001:00068088       _LoadCursorA@8             11069088 f user32:USER32.dll
 0001:0006808e       _UpdateWindow@4            1106908e f user32:USER32.dll
 0001:00068094       _AppendMenuA@16            11069094 f user32:USER32.dll
 0001:0006809a       _GetSystemMenu@8           1106909a f user32:USER32.dll
 0001:000680a0       _ReleaseCapture@0          110690a0 f user32:USER32.dll
 0001:000680a6       _SetCapture@4              110690a6 f user32:USER32.dll
 0001:000680ac       _GetClientRect@8           110690ac f user32:USER32.dll
 0001:000680b2       _DefWindowProcA@16         110690b2 f user32:USER32.dll
 0001:000680b8       _InvalidateRect@12         110690b8 f user32:USER32.dll
 0001:000680be       _SetWindowsHookExA@16      110690be f user32:USER32.dll
 0001:000680c4       _GetKeyState@4             110690c4 f user32:USER32.dll
 0001:000680ca       _PostQuitMessage@4         110690ca f user32:USER32.dll
 0001:000680d0       _UnhookWindowsHookEx@4     110690d0 f user32:USER32.dll
 0001:000680d6       _IsIconic@4                110690d6 f user32:USER32.dll
 0001:000680dc       _TrackPopupMenu@28         110690dc f user32:USER32.dll
 0001:000680e2       _ClientToScreen@8          110690e2 f user32:USER32.dll
 0001:000680e8       _CreatePopupMenu@0         110690e8 f user32:USER32.dll
 0001:000680ee       _EndPaint@8                110690ee f user32:USER32.dll
 0001:000680f4       _IntersectRect@12          110690f4 f user32:USER32.dll
 0001:000680fa       _IsRectEmpty@4             110690fa f user32:USER32.dll
 0001:00068100       _BeginPaint@8              11069100 f user32:USER32.dll
 0001:00068106       _CharLowerA@4              11069106 f user32:USER32.dll
 0001:0006810c       _GetKeyboardState@4        1106910c f user32:USER32.dll
 0001:00068112       _MessageBeep@4             11069112 f user32:USER32.dll
 0001:00068118       _ScrollWindow@20           11069118 f user32:USER32.dll
 0001:0006811e       _GetWindowRect@8           1106911e f user32:USER32.dll
 0001:00068124       _CloseClipboard@0          11069124 f user32:USER32.dll
 0001:0006812a       _GetClipboardData@4        1106912a f user32:USER32.dll
 0001:00068130       _OpenClipboard@4           11069130 f user32:USER32.dll
 0001:00068136       _SetClipboardData@8        11069136 f user32:USER32.dll
 0001:0006813c       _EmptyClipboard@0          1106913c f user32:USER32.dll
 0001:00068142       _CallNextHookEx@16         11069142 f user32:USER32.dll
 0001:00068148       _PostMessageA@16           11069148 f user32:USER32.dll
 0001:0006814e       _BringWindowToTop@4        1106914e f user32:USER32.dll
 0001:00068154       _KillTimer@8               11069154 f user32:USER32.dll
 0001:0006815a       _ScreenToClient@8          1106915a f user32:USER32.dll
 0001:00068160       _EnableMenuItem@12         11069160 f user32:USER32.dll
 0001:00068166       _GetMenu@4                 11069166 f user32:USER32.dll
 0001:0006816c       _RedrawWindow@16           1106916c f user32:USER32.dll
 0001:00068172       _SetWindowPos@28           11069172 f user32:USER32.dll
 0001:00068178       _InsertMenuA@20            11069178 f user32:USER32.dll
 0001:0006817e       _DestroyMenu@4             1106917e f user32:USER32.dll
 0001:00068184       _ValidateRect@8            11069184 f user32:USER32.dll
 0001:0006818a       _SetWindowTextA@8          1106918a f user32:USER32.dll
 0001:00068190       _InvalidateRgn@12          11069190 f user32:USER32.dll
 0001:00068196       _ScrollDC@28               11069196 f user32:USER32.dll
 0001:0006819c       _WinHelpA@16               1106919c f user32:USER32.dll
 0001:000681a2       _GetMenuState@12           110691a2 f user32:USER32.dll
 0001:000681a8       _DrawMenuBar@4             110691a8 f user32:USER32.dll
 0001:000681ae       _HiliteMenuItem@16         110691ae f user32:USER32.dll
 0001:000681b4       _GetMenuItemCount@4        110691b4 f user32:USER32.dll
 0001:000681ba       _CheckMenuItem@12          110691ba f user32:USER32.dll
 0001:000681c0       _SetMenu@8                 110691c0 f user32:USER32.dll
 0001:000681c6       _DeleteMenu@12             110691c6 f user32:USER32.dll
 0001:000681cc       _GetSubMenu@8              110691cc f user32:USER32.dll
 0001:000681d2       _CreateMenu@0              110691d2 f user32:USER32.dll
 0001:000681d8       _TextOutA@20               110691d8 f gdi32:GDI32.dll
 0001:000681de       _Escape@20                 110691de f gdi32:GDI32.dll
 0001:000681e4       _DeleteObject@4            110691e4 f gdi32:GDI32.dll
 0001:000681ea       _CreateSolidBrush@4        110691ea f gdi32:GDI32.dll
 0001:000681f0       _GetStockObject@4          110691f0 f gdi32:GDI32.dll
 0001:000681f6       _GetTextExtentPoint32A@16  110691f6 f gdi32:GDI32.dll
 0001:000681fc       _GetTextMetricsA@8         110691fc f gdi32:GDI32.dll
 0001:00068202       _GetDeviceCaps@8           11069202 f gdi32:GDI32.dll
 0001:00068208       _GdiFlush@0                11069208 f gdi32:GDI32.dll
 0001:0006820e       _EndPage@4                 1106920e f gdi32:GDI32.dll
 0001:00068214       _AbortDoc@4                11069214 f gdi32:GDI32.dll
 0001:0006821a       _MoveToEx@16               1106921a f gdi32:GDI32.dll
 0001:00068220       _CreateHatchBrush@8        11069220 f gdi32:GDI32.dll
 0001:00068226       _SelectObject@8            11069226 f gdi32:GDI32.dll
 0001:0006822c       _ExtCreatePen@20           1106922c f gdi32:GDI32.dll
 0001:00068232       _SetBkMode@8               11069232 f gdi32:GDI32.dll
 0001:00068238       _SetTextAlign@8            11069238 f gdi32:GDI32.dll
 0001:0006823e       _ResetDCA@8                1106923e f gdi32:GDI32.dll
 0001:00068244       _StartDocA@8               11069244 f gdi32:GDI32.dll
 0001:0006824a       _SetAbortProc@8            1106924a f gdi32:GDI32.dll
 0001:00068250       _CreateDCA@16              11069250 f gdi32:GDI32.dll
 0001:00068256       _StartPage@4               11069256 f gdi32:GDI32.dll
 0001:0006825c       _DeleteDC@4                1106925c f gdi32:GDI32.dll
 0001:00068262       _EndDoc@4                  11069262 f gdi32:GDI32.dll
 0001:00068268       _GetWindowExtEx@8          11069268 f gdi32:GDI32.dll
 0001:0006826e       _SetWindowExtEx@16         1106926e f gdi32:GDI32.dll
 0001:00068274       _SetMapMode@8              11069274 f gdi32:GDI32.dll
 0001:0006827a       _SetViewportOrgEx@16       1106927a f gdi32:GDI32.dll
 0001:00068280       _GetViewportExtEx@8        11069280 f gdi32:GDI32.dll
 0001:00068286       _SetViewportExtEx@16       11069286 f gdi32:GDI32.dll
 0001:0006828c       _LineTo@12                 1106928c f gdi32:GDI32.dll
 0001:00068292       _LPtoDP@12                 11069292 f gdi32:GDI32.dll
 0001:00068298       _CreateFontIndirectA@4     11069298 f gdi32:GDI32.dll
 0001:0006829e       _EnumFontsA@16             1106929e f gdi32:GDI32.dll
 0001:000682a4       _StretchBlt@44             110692a4 f gdi32:GDI32.dll
 0001:000682aa       _CreateCompatibleDC@4      110692aa f gdi32:GDI32.dll
 0001:000682b0       _CreateBitmap@20           110692b0 f gdi32:GDI32.dll
 0001:000682b6       _GetBitmapBits@12          110692b6 f gdi32:GDI32.dll
 0001:000682bc       _StretchDIBits@52          110692bc f gdi32:GDI32.dll
 0001:000682c2       _GetObjectA@12             110692c2 f gdi32:GDI32.dll
 0001:000682c8       _RealizePalette@4          110692c8 f gdi32:GDI32.dll
 0001:000682ce       _SelectPalette@12          110692ce f gdi32:GDI32.dll
 0001:000682d4       _SetTextColor@8            110692d4 f gdi32:GDI32.dll
 0001:000682da       _SetBkColor@8              110692da f gdi32:GDI32.dll
 0001:000682e0       _CreatePen@12              110692e0 f gdi32:GDI32.dll
 0001:000682e6       _BitBlt@36                 110692e6 f gdi32:GDI32.dll
 0001:000682ec       _SetStretchBltMode@8       110692ec f gdi32:GDI32.dll
 0001:000682f2       _GetTextAlign@4            110692f2 f gdi32:GDI32.dll
 0001:000682f8       _GetBkColor@4              110692f8 f gdi32:GDI32.dll
 0001:000682fe       _GetTextColor@4            110692fe f gdi32:GDI32.dll
 0001:00068304       _SetTextCharacterExtra@8   11069304 f gdi32:GDI32.dll
 0001:0006830a       _GetTextCharacterExtra@4   1106930a f gdi32:GDI32.dll
 0001:00068310       _GetTextExtentPointA@16    11069310 f gdi32:GDI32.dll
 0001:00068316       _CreateFontA@56            11069316 f gdi32:GDI32.dll
 0001:0006831c       _SetTextJustification@12   1106931c f gdi32:GDI32.dll
 0001:00068322       _ExtTextOutA@32            11069322 f gdi32:GDI32.dll
 0001:00068328       _CreatePalette@4           11069328 f gdi32:GDI32.dll
 0001:0006832e       _SetPaletteEntries@16      1106932e f gdi32:GDI32.dll
 0001:00068334       _SetWindowOrgEx@16         11069334 f gdi32:GDI32.dll
 0001:0006833a       _GetTextExtentExPointA@28  1106933a f gdi32:GDI32.dll
 0001:00068340       _IntersectClipRect@20      11069340 f gdi32:GDI32.dll
 0001:00068346       _SelectClipRgn@8           11069346 f gdi32:GDI32.dll
 0001:0006834c       _GetClipRgn@8              1106934c f gdi32:GDI32.dll
 0001:00068352       _CreateRectRgn@16          11069352 f gdi32:GDI32.dll
 0001:00068358       _CreateRectRgnIndirect@4   11069358 f gdi32:GDI32.dll
 0001:0006835e       _SetJobA@20                1106935e f winspool:WINSPOOL.DRV
 0001:00068364       _OpenPrinterA@12           11069364 f winspool:WINSPOOL.DRV
 0001:0006836a       _GetPrinterA@20            1106936a f winspool:WINSPOOL.DRV
 0001:00068370       _DocumentPropertiesA@24    11069370 f winspool:WINSPOOL.DRV
 0001:00068376       _ClosePrinter@4            11069376 f winspool:WINSPOOL.DRV
 0001:0006837c       _GetJobA@24                1106937c f winspool:WINSPOOL.DRV
 0001:00068382       _EnumJobsA@32              11069382 f winspool:WINSPOOL.DRV
 0001:00068388       _GetUserNameA@8            11069388 f advapi32:ADVAPI32.dll
 0001:00068390       _Cds_Initial_with_ccb      11069390 f client:clcdinit.obj
 0001:0006844d       _Cds_Initial               1106944d f client:clcdinit.obj
 0001:0006849e       _Cds_Init                  1106949e f client:clcdinit.obj
 0001:000684cf       _clAllocCDSEnv             110694cf f client:clcdinit.obj
 0001:00068701       _clAllocEnv                11069701 f client:clcdinit.obj
 0001:00068725       _clFreeEnv                 11069725 f client:clcdinit.obj
 0001:00068850       _reportevent               11069850 f client:clstubs.obj
 0001:000689c0       _debug_event               110699c0 f client:clstubs.obj
 0001:000689ea       _SetConnectOption          110699ea f client:clstubs.obj
 0001:00068a19       _SetStmtOption             11069a19 f client:clstubs.obj
 0001:00068a48       _GetConnectOption          11069a48 f client:clstubs.obj
 0001:00068a73       _GetStmtOption             11069a73 f client:clstubs.obj
 0001:00068a9e       _cds_select                11069a9e f client:clstubs.obj
 0001:00068b4e       _cds_selectnfetch          11069b4e f client:clstubs.obj
 0001:00068c27       _Cds_Select                11069c27 f client:clstubs.obj
 0001:00068c7a       _Cds_SelectnFetch          11069c7a f client:clstubs.obj
 0001:00068cd2       _cds_join                  11069cd2 f client:clstubs.obj
 0001:00068d66       _Cds_Join                  11069d66 f client:clstubs.obj
 0001:00068db9       _Cds_End_Select            11069db9 f client:clstubs.obj
 0001:00068e34       _Cds_Cancel_Scan           11069e34 f client:clstubs.obj
 0001:00068ec3       _Cds_Remote_Cancel_Scan    11069ec3 f client:clstubs.obj
 0001:00068f03       _Cds_Unlock                11069f03 f client:clstubs.obj
 0001:00068f4c       _Cds_Compress              11069f4c f client:clstubs.obj
 0001:00068fdf       _Cds_Delete                11069fdf f client:clstubs.obj
 0001:000690ee       _Cds_Delete_All            1106a0ee f client:clstubs.obj
 0001:000691f5       _cds_update                1106a1f5 f client:clstubs.obj
 0001:00069333       _Cds_Insert                1106a333 f client:clstubs.obj
 0001:0006935d       _Cds_Replace               1106a35d f client:clstubs.obj
 0001:00069387       _Cds_Update_Flds           1106a387 f client:clstubs.obj
 0001:000693b1       _cdsBatchInsert            1106a3b1 f client:clstubs.obj
 0001:00069550       _Cds_Update_All            1106a550 f client:clstubs.obj
 0001:000696b0       _cds_fetch                 1106a6b0 f client:clstubs.obj
 0001:0006982e       _Cds_Find_First            1106a82e f client:clstubs.obj
 0001:00069854       _Cds_Find_Last             1106a854 f client:clstubs.obj
 0001:0006987a       _Cds_Find_Next             1106a87a f client:clstubs.obj
 0001:000698a0       _Cds_Find_Prev             1106a8a0 f client:clstubs.obj
 0001:000698c6       _CdsFindn                  1106a8c6 f client:clstubs.obj
 0001:000699ad       _Cds_Find_n                1106a9ad f client:clstubs.obj
 0001:000699d3       _Cds_Project               1106a9d3 f client:clstubs.obj
 0001:00069a43       _Cds_Fetch_Again           1106aa43 f client:clstubs.obj
 0001:00069a90       _Cds_Lock_Table            1106aa90 f client:clstubs.obj
 0001:00069bfa       _Cds_Unlock_Table          1106abfa f client:clstubs.obj
 0001:00069c22       _Cds_Table_Size            1106ac22 f client:clstubs.obj
 0001:00069c8d       _Cds_Server_Names          1106ac8d f client:clstubs.obj
 0001:00069cf6       _sv_who                    1106acf6 f client:clstubs.obj
 0001:00069d3f       _Cds_Tables                1106ad3f f client:clstubs.obj
 0001:00069d84       _cdsStop                   1106ad84 f client:clstubs.obj
 0001:00069de5       _sv_stop                   1106ade5 f client:clstubs.obj
 0001:00069eae       _open_capture              1106aeae f client:clstubs.obj
 0001:00069f60       _close_capture             1106af60 f client:clstubs.obj
 0001:0006a012       _Cds_Files                 1106b012 f client:clstubs.obj
 0001:0006a057       _cdsync                    1106b057 f client:clstubs.obj
 0001:0006a0c1       _Cds_Reset_Log             1106b0c1 f client:clstubs.obj
 0001:0006a108       _Cds_Create_Table          1106b108 f client:clstubs.obj
 0001:0006a3b9       _Cds_Alter_Table           1106b3b9 f client:clstubs.obj
 0001:0006a46d       _Cds_Rename_Table          1106b46d f client:clstubs.obj
 0001:0006a5d0       _Cds_Copy_Table_Def        1106b5d0 f client:clstubs.obj
 0001:0006b600       _Cds_Drop_Table            1106c600 f client:clstubs.obj
 0001:0006b6e9       _Cds_Create_Index          1106c6e9 f client:clstubs.obj
 0001:0006b7ca       _Cds_Drop_Index            1106c7ca f client:clstubs.obj
 0001:0006b8a3       _Cds_Begin_Work            1106c8a3 f client:clstubs.obj
 0001:0006b8f6       _Cds_Commit                1106c8f6 f client:clstubs.obj
 0001:0006ba03       _Cds_2_Phase_Commit        1106ca03 f client:clstubs.obj
 0001:0006ba45       _Cds_Rollback              1106ca45 f client:clstubs.obj
 0001:0006bc15       _cdsnwselect               1106cc15 f client:clstubs.obj
 0001:0006bca4       _cdsnwSelect               1106cca4 f client:clstubs.obj
 0001:0006bce6       _cdsnwjoin                 1106cce6 f client:clstubs.obj
 0001:0006bd73       _cdsnwJoin                 1106cd73 f client:clstubs.obj
 0001:0006bdb1       _cdsnwEnd_Select           1106cdb1 f client:clstubs.obj
 0001:0006be2b       _cdsnwUnlock               1106ce2b f client:clstubs.obj
 0001:0006be86       _cdsnwDelete               1106ce86 f client:clstubs.obj
 0001:0006bf38       _cdsnwDelete_All           1106cf38 f client:clstubs.obj
 0001:0006bfea       _cdsnwUpdate               1106cfea f client:clstubs.obj
 0001:0006c0ce       _cdsnwInsert               1106d0ce f client:clstubs.obj
 0001:0006c0f8       _cdsnwReplace              1106d0f8 f client:clstubs.obj
 0001:0006c122       _cdsnwUpdate_Flds          1106d122 f client:clstubs.obj
 0001:0006c14c       _cdsnwUpdate_All           1106d14c f client:clstubs.obj
 0001:0006c20f       _cdsnw_fetch               1106d20f f client:clstubs.obj
 0001:0006c29b       _cdsnwFind_First           1106d29b f client:clstubs.obj
 0001:0006c2c1       _cdsnwFind_Last            1106d2c1 f client:clstubs.obj
 0001:0006c2e7       _cdsnwFind_Next            1106d2e7 f client:clstubs.obj
 0001:0006c30d       _cdsnwFind_Prev            1106d30d f client:clstubs.obj
 0001:0006c333       _cdsnwFind_n               1106d333 f client:clstubs.obj
 0001:0006c396       _cdsnwFindn                1106d396 f client:clstubs.obj
 0001:0006c3ba       _cdsnw_Project             1106d3ba f client:clstubs.obj
 0001:0006c419       _become_primary            1106d419 f client:clstubs.obj
 0001:0006c800       _cdsPop                    1106d800 f client:clmultis.obj
 0001:0006ca92       _cdsClearStack             1106da92 f client:clmultis.obj
 0001:0006cab6       _cdsPush                   1106dab6 f client:clmultis.obj
 0001:0006cd23       _no_table                  1106dd23 f client:clmultis.obj
 0001:0006cd4a       _add_to_tab_list           1106dd4a f client:clmultis.obj
 0001:0006cec8       _cltab_list                1106dec8 f client:clmultis.obj
 0001:0006cfed       _find_cltab                1106dfed f client:clmultis.obj
 0001:0006d1a3       _remove_cltab              1106e1a3 f client:clmultis.obj
 0001:0006d24e       _new_clconnect             1106e24e f client:clmultis.obj
 0001:0006d34d       _find_ccb                  1106e34d f client:clmultis.obj
 0001:0006d456       _isConnected               1106e456 f client:clmultis.obj
 0001:0006d4f1       _find_coordinator          1106e4f1 f client:clmultis.obj
 0001:0006d602       _remove_clconnect          1106e602 f client:clmultis.obj
 0001:0006d6d9       _close_all_clconnects      1106e6d9 f client:clmultis.obj
 0001:0006d75d       _close_clconnect           1106e75d f client:clmultis.obj
 0001:0006d9c7       _close_cds_connect         1106e9c7 f client:clmultis.obj
 0001:0006da0f       _find_clcontext            1106ea0f f client:clmultis.obj
 0001:0006daed       _find_clcontext_in_ccb     1106eaed f client:clmultis.obj
 0001:0006dbc2       _find_clcontext_by_rptr    1106ebc2 f client:clmultis.obj
 0001:0006dc71       _remove_clcontext          1106ec71 f client:clmultis.obj
 0001:0006dd3e       _remove_contexts_on_table  1106ed3e f client:clmultis.obj
 0001:0006de19       _rm_tbl_clcontext          1106ee19 f client:clmultis.obj
 0001:0006de54       _remove_clcontexts         1106ee54 f client:clmultis.obj
 0001:0006df0d       _rm_all_clcontexts         1106ef0d f client:clmultis.obj
 0001:0006df55       _get_clcontext             1106ef55 f client:clmultis.obj
 0001:0006e28b       _get_join_context          1106f28b f client:clmultis.obj
 0001:0006e5dd       _isolate_tab_name          1106f5dd f client:clmultis.obj
 0001:0006e634       _end_clluw                 1106f634 f client:clmultis.obj
 0001:0006e6c2       _two_phase_commit          1106f6c2 f client:clmultis.obj
 0001:0006e8bc       _complete_the_action       1106f8bc f client:clmultis.obj
 0001:0006ea60       _list_clcontexts           1106fa60 f client:clmultis.obj
 0001:0006eb60       _cds_errmsg                1106fb60 f client:clcdserr.obj
 0001:0006eb7a       _cdsErrMsg                 1106fb7a f client:clcdserr.obj
 0001:0006ebc7       _CdsErrNo                  1106fbc7 f client:clcdserr.obj
 0001:0006ec10       _intFromErrMsg             1106fc10 f client:clcdserr.obj
 0001:0006ed33       _int_from_errmsg           1106fd33 f client:clcdserr.obj
 0001:0006ee2a       _clseterr                  1106fe2a f client:clcdserr.obj
 0001:0006ef35       _clsetswerr                1106ff35 f client:clcdserr.obj
 0001:0006efd0       _clrun                     1106ffd0 f client:clrun.obj
 0001:0006f6bc       _clnwrun                   110706bc f client:clrun.obj
 0001:0006f745       _clwait                    11070745 f client:clrun.obj
 0001:0006fa80       _clUnregisterClass         11070a80 f client:clinit.obj
 0001:0006fabd       _clwindow                  11070abd f client:clinit.obj
 0001:0006fd33       _cds_udp_port              11070d33 f client:clinit.obj
 0001:0006ff88       _clinit_inner              11070f88 f client:clinit.obj
 0001:000707f7       _cdsInit                   110717f7 f client:clinit.obj
 0001:0007082d       _cdsInitCcb                1107182d f client:clinit.obj
 0001:00070873       _cdsPing_inner             11071873 f client:clinit.obj
 0001:0007096d       _cdsPing                   1107196d f client:clinit.obj
 0001:00070a00       _create_clrb               11071a00 f client:clrb.obj
 0001:00070ad1       _find_clrb                 11071ad1 f client:clrb.obj
 0001:00070b85       _destroy_clrb              11071b85 f client:clrb.obj
 0001:00070be2       _release_clrb              11071be2 f client:clrb.obj
 0001:00070c4e       _close_connect_clrbs       11071c4e f client:clrb.obj
 0001:00070d30       _cldbgsbuf                 11071d30 f client:cldebug.obj
 0001:00070d49       _cldbgscomm                11071d49 f client:cldebug.obj
 0001:00070d5b       _cldbgsfunc                11071d5b f client:cldebug.obj
 0001:00070d6d       _cldbgsall                 11071d6d f client:cldebug.obj
 0001:00070d86       _clerrinit                 11071d86 f client:cldebug.obj
 0001:00070e46       _cldbgubuf                 11071e46 f client:cldebug.obj
 0001:00070e5f       _cldbgucomm                11071e5f f client:cldebug.obj
 0001:00070e71       _cldbgufunc                11071e71 f client:cldebug.obj
 0001:00070e83       _cldbguall                 11071e83 f client:cldebug.obj
 0001:00070ea0       _clpack                    11071ea0 f client:clpack.obj
 0001:00071480       _clunpack                  11072480 f client:clunpack.obj
 0001:000719a0       _clstatinit                110729a0 f client:clstat.obj
 0001:000719eb       _clsetstats                110729eb f client:clstat.obj
 0001:00071a2a       _clusetstats               11072a2a f client:clstat.obj
 0001:00071a40       _clsvsetup                 11072a40 f client:clsvfunc.obj
 0001:00071cf0       _cmstats_init              11072cf0 f cm:cmstat.obj
 0001:00071fb0       _s_stat                    11072fb0 f cm:cmstat.obj
 0001:0007216e       _cmstats_print             1107316e f cm:cmstat.obj
 0001:00072a30       _cmgetenv                  11073a30 f cm:cmgetenv.obj
 0001:00072adb       _cmenvfile_name            11073adb f cm:cmgetenv.obj
 0001:00072b40       _type_name                 11073b40 f cm:cmprint.obj
 0001:00072c63       _cmprint                   11073c63 f cm:cmprint.obj
 0001:000732ed       _cdsprint                  110742ed f cm:cmprint.obj
 0001:00073330       _cmfind_element            11074330 f cm:cmfield.obj
 0001:00073534       _cmdereference             11074534 f cm:cmfield.obj
 0001:000737a9       _cmfield                   110747a9 f cm:cmfield.obj
 0001:00073a28       _cm_append_field           11074a28 f cm:cmfield.obj
 0001:00073df5       _cm_append_array_hdr       11074df5 f cm:cmfield.obj
 0001:00073f6c       _cm_append_element         11074f6c f cm:cmfield.obj
 0001:000740c2       _import_CDS_indirect       110750c2 f cm:cmfield.obj
 0001:00074310       _cmbufenough               11075310 f cm:cmbuf.obj
 0001:00074414       _cmbreget                  11075414 f cm:cmbuf.obj
 0001:000744de       _cmbufdump                 110754de f cm:cmbuf.obj
 0001:00074580       _cmgetebuf                 11075580 f cm:cmbuf.obj
 0001:000746ee       _cmrelbuf                  110756ee f cm:cmbuf.obj
 0001:0007479f       _cmfreebuf                 1107579f f cm:cmbuf.obj
 0001:000747fa       _cmbufp                    110757fa f cm:cmbuf.obj
 0001:00074830       _cmsend                    11075830 f cm:cmsend.obj
 0001:00074a50       _cmwait                    11075a50 f cm:cmrecv.obj
 0001:00074d2a       _cmrecv                    11075d2a f cm:cmrecv.obj
 0001:000757a0       _chkmtype                  110767a0 f cm:cmchk.obj
 0001:00075870       _comm_ck_alloc             11076870 f comm:cm_subs.obj
 0001:00075964       _comm_ck_talloc            11076964 f comm:cm_subs.obj
 0001:000759ee       _comm_adj_ptrs             110769ee f comm:cm_subs.obj
 0001:00075b01       _comm_ptr                  11076b01 f comm:cm_subs.obj
 0001:00075bcc       _comm_trim                 11076bcc f comm:cm_subs.obj
 0001:00075dbb       _comm_ck_rcv               11076dbb f comm:cm_subs.obj
 0001:00075e74       _comm_errmsg               11076e74 f comm:cm_subs.obj
 0001:00075ecc       _comm_log                  11076ecc f comm:cm_subs.obj
 0001:00075f40       _comm_init_pplus           11076f40 f comm:cm_pplus.obj
 0001:000764c6       _comm_pplus_event          110774c6 f comm:cm_pplus.obj
 0001:000769f5       _comm_send_data            110779f5 f comm:cm_pplus.obj
 0001:00076be9       _comm_send_confirm         11077be9 f comm:cm_pplus.obj
 0001:00076c6b       _comm_send_comreq          11077c6b f comm:cm_pplus.obj
 0001:00076d73       _comm_allocate             11077d73 f comm:cm_pplus.obj
 0001:00076e74       _comm_deallocate           11077e74 f comm:cm_pplus.obj
 0001:00076f00       _comm_setresource          11077f00 f comm:cm_ev.obj
 0001:00077069       _comm_waitformsg           11078069 f comm:cm_ev.obj
 0001:000771ad       _comm_dispatch_events      110781ad f comm:cm_ev.obj
 0001:000771c4       _comm_hold_events          110781c4 f comm:cm_ev.obj
 0001:0007720d       _comm_run_event            1107820d f comm:cm_ev.obj
 0001:00077458       _comm_set_event            11078458 f comm:cm_ev.obj
 0001:000774ea       _comm_cleanup              110784ea f comm:cm_ev.obj
 0001:0007751b       _comm_wait_msgque          1107851b f comm:cm_ev.obj
 0001:00077566       _comm_release_msgque       11078566 f comm:cm_ev.obj
 0001:00077584       _comm_event_active         11078584 f comm:cm_ev.obj
 0001:000775b0       _comm_match                110785b0 f comm:cm_match.obj
 0001:00077760       _comm_get_de_edit          11078760 f comm:cm_get.obj
 0001:00077775       _comm_get                  11078775 f comm:cm_get.obj
 0001:00077a30       _comm_put                  11078a30 f comm:cm_put.obj
 0001:00077d40       _crt_check                 11078d40 f comm:cm_crt.obj
 0001:00077da1       _crt_buffer                11078da1 f comm:cm_crt.obj
 0001:00077e3b       _crt_cursor_abs            11078e3b f comm:cm_crt.obj
 0001:00077e7f       _crt_cursor_rel            11078e7f f comm:cm_crt.obj
 0001:00077ebf       _crt_fill                  11078ebf f comm:cm_crt.obj
 0001:00077f13       _crt_find_attribute        11078f13 f comm:cm_crt.obj
 0001:00077f94       _crt_field_abs             11078f94 f comm:cm_crt.obj
 0001:00077fd4       _crt_field_rel             11078fd4 f comm:cm_crt.obj
 0001:00078014       _crt_get                   11079014 f comm:cm_crt.obj
 0001:00078150       _crt_kybd_status           11079150 f comm:cm_crt.obj
 0001:00078188       _crt_put                   11079188 f comm:cm_crt.obj
 0001:00078383       _crt_put_buffer            11079383 f comm:cm_crt.obj
 0001:00078581       _crt_test_attribute        11079581 f comm:cm_crt.obj
 0001:000785d1       _crt_match                 110795d1 f comm:cm_crt.obj
 0001:000786fa       _crt_set_mode              110796fa f comm:cm_crt.obj
 0001:00078812       _crt_set_window            11079812 f comm:cm_crt.obj
 0001:000788f0       _crt_get_cursor            110798f0 f comm:cm_crt.obj
 0001:00078960       _comm_init                 11079960 f comm:cm_init.obj
 0001:000789d2       _comm_create_rcb           110799d2 f comm:cm_init.obj
 0001:00078a50       _comm_init_buffers         11079a50 f comm:cm_init.obj
 0001:00078b40       _comm_init_ptrs            11079b40 f comm:cm_ptr.obj
 0001:00078c58       _comm_putptr               11079c58 f comm:cm_ptr.obj
 0001:00078d11       _comm_getptr               11079d11 f comm:cm_ptr.obj
 0001:00078d7c       _comm_putat                11079d7c f comm:cm_ptr.obj
 0001:00078df7       _comm_getat                11079df7 f comm:cm_ptr.obj
 0001:00078e6e       _comm_cpbuf                11079e6e f comm:cm_ptr.obj
 0001:00078ef0       _comm_init_x25             11079ef0 f comm:cm_x25.obj
 0001:00078f02       _comm_x25_event            11079f02 f comm:cm_x25.obj
 0001:00078f20       _comm_init_cpic            11079f20 f comm:cm_cpic.obj
 0001:00078f32       _comm_cpic_event           11079f32 f comm:cm_cpic.obj
 0001:00078f50       _comm_init_ctc             11079f50 f comm:cm_ctc.obj
 0001:000792e9       _comm_ctc_event            1107a2e9 f comm:cm_ctc.obj
 0001:00079593       _ctcrt_sendapi             1107a593 f comm:cm_ctc.obj
 0001:00079622       _ctcrt_send_data           1107a622 f comm:cm_ctc.obj
 0001:000798e3       _ctcrt_set_mode            1107a8e3 f comm:cm_ctc.obj
 0001:00079949       _ctcrt_set_window          1107a949 f comm:cm_ctc.obj
 0001:000799b9       _ctcrt_service             1107a9b9 f comm:cm_ctc.obj
 0001:00079a31       _ctcrt_topic               1107aa31 f comm:cm_ctc.obj
 0001:00079aac       _ctcrt_execute             1107aaac f comm:cm_ctc.obj
 0001:00079baa       _ctcrt_poke                1107abaa f comm:cm_ctc.obj
 0001:00079cac       _ctcrt_request             1107acac f comm:cm_ctc.obj
 0001:00079dc0       _comm_init_lua             1107adc0 f comm:cm_lua.obj
 0001:00079f58       _comm_lua_event            1107af58 f comm:cm_lua.obj
 0001:0007a129       _comm_lua_send             1107b129 f comm:cm_lua.obj
 0001:0007a3b0       _comm_to_ebcdic            1107b3b0 f comm:c_ebc.obj
 0001:0007a4d2       _comm_from_ebcdic          1107b4d2 f comm:c_ebc.obj
 0001:0007a600       _comm_to_bulk              1107b600 f comm:c_bulk.obj
 0001:0007a6be       _comm_from_bulk            1107b6be f comm:c_bulk.obj
 0001:0007a710       _comm_to_flag              1107b710 f comm:c_flag.obj
 0001:0007a833       _comm_from_flag            1107b833 f comm:c_flag.obj
 0001:0007a8d0       _comm_to_sebc              1107b8d0 f comm:c_sebc.obj
 0001:0007aa84       _comm_from_sebc            1107ba84 f comm:c_sebc.obj
 0001:0007abe0       _comm_to_user              1107bbe0 f comm:c_user.obj
 0001:0007acfb       _comm_from_user            1107bcfb f comm:c_user.obj
 0001:0007aeb0       _comm_to_ascii_enc_hex     1107beb0 f comm:c_aeh.obj
 0001:0007b023       _comm_from_ascii_enc_hex   1107c023 f comm:c_aeh.obj
 0001:0007b0d0       _comm_to_binary            1107c0d0 f comm:c_bin.obj
 0001:0007b548       _comm_from_binary          1107c548 f comm:c_bin.obj
 0001:0007ba40       _comm_to_bcd               1107ca40 f comm:c_bcd.obj
 0001:0007bcd8       _comm_from_bcd             1107ccd8 f comm:c_bcd.obj
 0001:0007bf10       _comm_to_ascii             1107cf10 f comm:c_ascii.obj
 0001:0007bffd       _comm_from_ascii           1107cffd f comm:c_ascii.obj
 0001:0007c100       _comm_load_xlate           1107d100 f comm:cm_xlt.obj
 0001:0007c92e       _cs_log                    1107d92e f cslib:cslib.dll
 0001:0007c934       _cs_init                   1107d934 f cslib:cslib.dll
 0001:0007c93a       _cs_config                 1107d93a f cslib:cslib.dll
 0001:0007c940       _cs_net_info               1107d940 f cslib:cslib.dll
 0001:0007c946       _cs_set_options            1107d946 f cslib:cslib.dll
 0001:0007c94c       _cs_allocate               1107d94c f cslib:cslib.dll
 0001:0007c952       _cs_cfgres                 1107d952 f cslib:cslib.dll
 0001:0007c958       _cs_data                   1107d958 f cslib:cslib.dll
 0001:0007c95e       _csget_sesstat             1107d95e f cslib:cslib.dll
 0001:0007c964       _cs_confirm                1107d964 f cslib:cslib.dll
 0001:0007c96a       _cs_com                    1107d96a f cslib:cslib.dll
 0001:0007c970       _cs_deallocate             1107d970 f cslib:cslib.dll
 0001:0007c976       _cs_sendapi                1107d976 f cslib:cslib.dll
 0001:0007c980       _ddaget                    1107d980 f dataman:ddread.obj
 0001:0007cabc       _ddresetopt                1107dabc f dataman:ddread.obj
 0001:0007cad0       _ddget                     1107dad0 f dataman:ddread.obj
 0001:0007d792       _ddgetrec                  1107e792 f dataman:ddread.obj
 0001:0007d86f       _ddgetitemidx              1107e86f f dataman:ddread.obj
 0001:0007daa1       _load_refs                 1107eaa1 f dataman:ddread.obj
 0001:0007e0b6       _ddgetstat                 1107f0b6 f dataman:ddread.obj
 0001:0007e37a       _fldstosize                1107f37a f dataman:ddread.obj
 0001:0007e423       _fldobjcount               1107f423 f dataman:ddread.obj
 0001:0007e4e1       _flddupptr                 1107f4e1 f dataman:ddread.obj
 0001:0007e503       _ddclosestobj              1107f503 f dataman:ddread.obj
 0001:0007e6b0       _ddarraysize               1107f6b0 f dataman:ddread.obj
 0001:0007e723       _ddgetrowcol               1107f723 f dataman:ddread.obj
 0001:0007e950       _ddapplname                1107f950 f dataman:ddname.obj
 0001:0007ea28       _ddname                    1107fa28 f dataman:ddname.obj
 0001:0007eb8a       _dddictname                1107fb8a f dataman:ddname.obj
 0001:0007ebc0       _ddgetbyname               1107fbc0 f dataman:ddname.obj
 0001:0007ecb0       _local_create_group        1107fcb0 f dataman:ddlocals.obj
 0001:0007ed82       _local_allocate            1107fd82 f dataman:ddlocals.obj
 0001:0007ef99       _local_deallocate          1107ff99 f dataman:ddlocals.obj
 0001:0007f088       _local_deallocate_all      11080088 f dataman:ddlocals.obj
 0001:0007f133       _local_get                 11080133 f dataman:ddlocals.obj
 0001:0007f1ef       _local_get_by_name         110801ef f dataman:ddlocals.obj
 0001:0007f297       _local_index               11080297 f dataman:ddlocals.obj
 0001:0007f346       _local_name                11080346 f dataman:ddlocals.obj
 0001:0007f3e1       _local_name_by_fp          110803e1 f dataman:ddlocals.obj
 0001:0007f454       _local_set_ddh             11080454 f dataman:ddlocals.obj
 0001:0007f751       _local_dump_locals         11080751 f dataman:ddlocals.obj
 0001:0007f8d0       _ddapplindex               110808d0 f dataman:ddindex.obj
 0001:0007f9fb       _ddindex                   110809fb f dataman:ddindex.obj
 0001:0007fb08       _dddictindex               11080b08 f dataman:ddindex.obj
 0001:0007fc10       _ddopen                    11080c10 f dataman:dataman.obj
 0001:0007fc32       _ddopenp                   11080c32 f dataman:dataman.obj
 0001:0008022b       _dictconfig                1108122b f dataman:dataman.obj
 0001:00080508       _dictbldindex              11081508 f dataman:dataman.obj
 0001:00080659       _ddclose                   11081659 f dataman:dataman.obj
 0001:00080740       _dict_release              11081740 f dataman:dataman.obj
 0001:0008095f       _dict_release_item         1108195f f dataman:dataman.obj
 0001:00080a58       _ddlastupdate              11081a58 f dataman:dataman.obj
 0001:00080ad3       _ddcreatetime              11081ad3 f dataman:dataman.obj
 0001:00080b38       _ddpath                    11081b38 f dataman:dataman.obj
 0001:00080b78       _ddapplcount               11081b78 f dataman:dataman.obj
 0001:00080bbb       _open_dict                 11081bbb f dataman:dataman.obj
 0001:00080c24       _ddhashID                  11081c24 f dataman:dataman.obj
 0001:00080c5c       _ddgetprojman              11081c5c f dataman:dataman.obj
 0001:00080c81       _DDspillguts               11081c81 f dataman:dataman.obj
 0001:00080cb1       _ddgetdd                   11081cb1 f dataman:dataman.obj
 0001:00080cd6       _dd_cleanup                11081cd6 f dataman:dataman.obj
 0001:00080d20       _cfig_load                 11081d20 f dataman:cfgrun.obj
 0001:00080fcf       _cfig_open                 11081fcf f dataman:cfgrun.obj
 0001:0008110f       _get_moakeyvalue           1108210f f dataman:cfgrun.obj
 0001:000811ff       _get_moacurproj            110821ff f dataman:cfgrun.obj
 0001:00081230       _ddininame                 11082230 f dataman:ddini.obj
 0001:00081380       _ddgetlist                 11082380 f dataman:ddgetlst.obj
 0001:00081a50       _btreeitemindex            11082a50 f dataman:ddfmindx.obj
 0001:00081b4a       _btreedaddr                11082b4a f dataman:ddfmindx.obj
 0001:00081c18       _btreegetbyindex           11082c18 f dataman:ddfmindx.obj
 0001:00081df0       _convert_ints              11082df0 f dataman:ddbytrev.obj
 0001:000830b0       _btreegetstat              110840b0 f dataman:ddfmread.obj
 0001:000831aa       _fmread                    110841aa f dataman:ddfmread.obj
 0001:00083230       _btreeitemname             11084230 f dataman:ddfmname.obj
 0001:00083320       _btreeopen                 11084320 f dataman:ddfminit.obj
 0001:00083694       _btreequickndx             11084694 f dataman:ddfminit.obj
 0001:00083a88       _btreecountitems           11084a88 f dataman:ddfminit.obj
 0001:00083ca6       _btreebldindex             11084ca6 f dataman:ddfminit.obj
 0001:00083e8b       _btreeclose                11084e8b f dataman:ddfminit.obj
 0001:00083fc3       _ddbuildfname              11084fc3 f dataman:ddfminit.obj
 0001:00084130       _ddreload                  11085130 f ddmaint:ddreload.obj
 0001:000841f0       _ddrename                  110851f0 f ddmaint:ddrename.obj
 0001:00084360       _btreeinsertitem           11085360 f ddmaint:ddfmwrit.obj
 0001:000843ec       _btreeinsert               110853ec f ddmaint:ddfmwrit.obj
 0001:0008468e       _btreedeleteitem           1108568e f ddmaint:ddfmwrit.obj
 0001:000846d9       _btreedelete               110856d9 f ddmaint:ddfmwrit.obj
 0001:000848d4       _btreeputstat              110858d4 f ddmaint:ddfmwrit.obj
 0001:00084aaf       _fmwrite                   11085aaf f ddmaint:ddfmwrit.obj
 0001:00084b39       _btreewrite                11085b39 f ddmaint:ddfmwrit.obj
 0001:00084e20       _ddsetsignal               11085e20 f ddmaint:ddsignal.obj
 0001:00084e5a       _dd_inc_update             11085e5a f ddmaint:ddsignal.obj
 0001:00084e6b       _dd_dec_update             11085e6b f ddmaint:ddsignal.obj
 0001:00084f70       _ddput                     11085f70 f ddmaint:ddwrite.obj
 0001:00085bfd       _dddel                     11086bfd f ddmaint:ddwrite.obj
 0001:00085f4a       _ddputstat                 11086f4a f ddmaint:ddwrite.obj
 0001:000862b9       _ddsaveqck                 110872b9 f ddmaint:ddwrite.obj
 0001:00086c90       _btreerename               11087c90 f ddmaint:ddfmren.obj
 0001:00086fe0       _ddaddappl                 11087fe0 f ddmaint:ddmaint.obj
 0001:00087296       _ddidentical               11088296 f ddmaint:ddmaint.obj
 0001:000881e4       _legalname                 110891e4 f ddmaint:ddmaint.obj
 0001:00088840       _deccmp                    11089840 f decmath:DECCMP.OBJ
 0001:00088ac0       _decadd                    11089ac0 f decmath:DECADD.OBJ
 0001:00088d85       _decsub                    11089d85 f decmath:DECADD.OBJ
 0001:000892d0       _decmul                    1108a2d0 f decmath:DECMUL.OBJ
 0001:0008936f       _lomul                     1108a36f f decmath:DECMUL.OBJ
 0001:00089520       _decdiv                    1108a520 f decmath:DECDIV.OBJ
 0001:0008988d       _decmod                    1108a88d f decmath:DECDIV.OBJ
 0001:0008a0a0       _abscmp                    1108b0a0 f decmath:DECMISC.OBJ
 0001:0008a11b       _decmove                   1108b11b f decmath:DECMISC.OBJ
 0001:0008a349       _dectrim                   1108b349 f decmath:DECMISC.OBJ
 0001:0008a3f4       _decmovlj                  1108b3f4 f decmath:DECMISC.OBJ
 0001:0008a500       _sl_create                 1108b500 f dsplist:scrlist.obj
 0001:0008a55e       _sl_append                 1108b55e f dsplist:scrlist.obj
 0001:0008a752       _sl_remove                 1108b752 f dsplist:scrlist.obj
 0001:0008a80e       _sl_refresh                1108b80e f dsplist:scrlist.obj
 0001:0008a861       _sl_refreshfrom            1108b861 f dsplist:scrlist.obj
 0001:0008ada5       _sl_calcbounds             1108bda5 f dsplist:scrlist.obj
 0001:0008aeaa       _sl_makecurrent            1108beaa f dsplist:scrlist.obj
[...]
FIXUPS: b77b 18 54 17 13 47 29 5a 48 2e d c 125 62 15 15 a9 20 169 137
FIXUPS: bea0 a3 15 15 ffffe9bf 15 1e 32 12 21 26 17 15 1f 54 c 2e 51 1a
FIXUPS: ab7f 20 44 177 2e 4b c 18 29 8 9 18 71 34 de 1d 14 fffff222 5d
FIXUPS: a2b1 35 37 1a 26 1d 71 71 28 28 38 10 4e 9f f 24 3d e8 19 23 63
FIXUPS: a7e5 35 16 15 1e 26 16 15 31 fffff0e6 e2 43 1b 92 17 13 13 13 13
FIXUPS: 9c13 13 10 7e 101 38 2b c 26 9b 3c 20 bc c3 21 36 1a 18 4a 24 1a
FIXUPS: a1fb ffffef52 ec 49 2c 15 16 24 19 1d 29 d ff 17 16 1c 24 1c 20
FIXUPS: 9532 16 e 17 10 24 23 4e 18 d 10d 16 11b 16 ffffec81 112 52 138
FIXUPS: 8861 3b 31 9 6a ae 229 25 19 84 a8 10 1d 32 b8 12 41 b4 23 4a 12
FIXUPS: 9041 58 d 31 20 20 29 ffffe8e0 d1 35 51 1cb 58 1a 19 9a 16 11 c
FIXUPS: 7eb4 63 9f 27 ca 9 1e 48 97 27 11 23 14 119 1e 88 38 40 36 27 ffffead3
FIXUPS: 6fc0 12 5f 8 23 2a 3a 1e 2d 45 c d 5b 2a 43 7a 10 1e5 15 1b 61
FIXUPS: 7584 67 8 46 a7 ce 8a cd 31 9c ffffeca7 5a ba 40 5a 48 26 4e 17
FIXUPS: 6932 47 17 3b 22 d 17 2e 26 a3 5a 82 28 d 3d 1d 21 7a 11 a7 b0
FIXUPS: 6ed8 82 ffffefc1 2b af 41 47 52 15 14 55 a 17 c 11 20 1a 78 3f
FIXUPS: 6291 33 15 27 3b 1c 8 3f 1bd 26 38 26 2e 14 26 77b5 1b c 21 2a
FIXUPS: de7b 2e 17 56a 18 18 18 18 18 18 8d 2d 35 a7 22 50 41 ffff751c
FIXUPS: 5c28 1c 5e 14 148 24 49 91 17 75f0 ab e 12 26 e 3c 35 66 41 e 85
FIXUPS: d812 26 11 38 4e 11 64 21 12 108 55 d 6e 30 3a 87 24 6a 23 19 bba
FIXUPS: e8d8 55 a 23 1b ffffd9db 36 59 160 1b c 38 1c 25 4e 2c4 24 d 11
FIXUPS: c943 dc 16 dd 217 17d f3 261 b2 e6 78 2a 25fe 15 c 15 c 15 c 15
FIXUPS: fb06 36 25 34 1e 1a b6 26 54 15 36 c 1a c 1c c 23 ffffe9e7 34 49
FIXUPS: e839 14 14 46 b08 1e 53 86 18 2a f 10 9b 3b 13 a5 3b 13 114 3a
FIXUPS: f87b c 21 b8 c 15 c 15 c 15 c 15 c 15 c 15 fffff1cf 1a 16 5 47
FIXUPS: ec76 5b c c e 10 c 17 6b 92 34 c1 c8 55 8c 5c 81 79 27 7d 23 33
FIXUPS: f31e 13 2b 35 14 587b 9 1c 9 71 2b 14 9 46 3a 9 20 14 9 4d 9 e9
FIXUPS: 15011 dd 1e 3b 1e c0 1e ffff981b 21 42 27 42 30 33 3d 592c 17 17
FIXUPS: 1453b 17 17 17 a7 e 97 1b 5a 2a 8 1d 26 30 1a 23 12f 32 4c 29 1c
FIXUPS: 14a24 5d 63 86 35 14 9 50 fffff16c 2a b 14 9 23 11 9 30 30 21 165
FIXUPS: 14030 32 2d 31 25 13 1f 1b 48 c 10 15 43 104 8d 7c 25 45 67 13
FIXUPS: 138b0 31 33 2c 1e 11 4c 2f 52 1c 16 111 32 14 9 37 2c 14 9 1c 2c
FIXUPS: 13c9f 2a b c 9 2a b 14 9 23 11 fffff527 9 38 2f b c 9 38 74 24
FIXUPS: 13413 2a 2e 91 17 33 47 16 40 9 23 17 32 4b 2e 9 23 11 9 cb 17
FIXUPS: 1382c fffff7af 9 23 11 9 11 19 14 1f 11 30 13 14 9 23 11 9 2e b
FIXUPS: 13174 14 9 23 11 9 2a b c 9 38 2f b fffff871 26 40 93 b 14 f 9
FIXUPS: 12c55 1c 3b 3e 5d d 14 f 9 2a 1c 3b 61 3f 33 48 18 13 17 13 17
FIXUPS: 12f9b b 21 fffff4c4 17 1d 26 1c 1d 19 1c 161 16 79 9 26 29 9 f
FIXUPS: 127d9 94 22 3f 19 28 40 4b 14 19 17 40 5e 14 28 18 fffff50c 9 23
FIXUPS: 12019 9 29 25 14 2e 2f 18 79 9 52 9 29 25 14 3c 2f 18 1e 9 1b 25
FIXUPS: 12354 17 16 2f 3d 1c 1d fffff69e 11 d3 2b 40 7b 34 14 9 3e 1f 14
FIXUPS: 11d59 3e 2c 14 9 23 1f 26 9 23 11 9 3b b 5f 21 14 9 3e 19 fffff418
FIXUPS: 113f9 12 31 2c ec 2d 14 9 3e 25 2b 9 23 96 9 11 d3 2b 16 eb 2b
FIXUPS: 1199d 34 14 9 3e 2c 26 9 23 11 fffff33b 1f 11 9 3b 65 21 14 9 3e
FIXUPS: 10f64 14 9 23 11 9 fb d9 2b 40 59 12 40 9 23 18 14 9 23 11 9 49
FIXUPS: 107c1 19 2f 80 23 7b 17 16 31 1c 16 1f 9c c 21 30 28 178 30 14
FIXUPS: 10cbc 3e 28 14 9 23 2c 9 11 b c 2e fffff5a0 36 12 15 9 2a 25 11
FIXUPS: 1046a 6c 2b 11 c 9 2a 25 11 17 f 11 9 93 17 33 29 1e 11 28 1e 11
FIXUPS: 10777 c 6316 c 7e 21 ffff92e6 9e 16 16 15 b 3e 1e 16 12 28 42 1e
FIXUPS: 10037 2a 51 25 37 e9 25 11 1d e 88 21 2d 2f d 5f17 c 22 3f c 26
FIXUPS: 16344 3c c 81 c 33 4c c 4f 13 6d c 2b 3f c 46 c 22 13 3a 158 5e
FIXUPS: 16887 84 39 fa fffff100 c 49 c 49 c 6d 2b 3e a9 2c 15 4b 67 26
FIXUPS: 15e98 49 c 49 c 49 c 49 c 2c 111 24 57 c 49 c 32 ff4 c 46 c 54
FIXUPS: 17319 41 29 57 1b 12 13a c 3d c 53 c 2b ffffe029 12d 4b 145 a6
FIXUPS: 159dd 26 f 2a c 49 c 4c c 11be c 12 21 19 13 25 57 22 1f 13 3a
FIXUPS: 16e34 49 c 46 c 2c 6f 28 20 3e c 25 27 73 1d 8a c 22 3a c 30fa
FIXUPS: 1a3e5 8c 36 13 33 25 52 14 14 13 13 1d 16 13 13 19 b f 1a 1a ffffc517
FIXUPS: 16b91 52 1a 17 21 c 12 21 c 12 30f2 13 2f 17 18 2c 26 e 2a 16 b
FIXUPS: 19f0f 28 b 2e 28 2f 31 1d 63 1d 22 c 25 25 30 b 13 3a 1c 5d 87
FIXUPS: 19694 39 18 2a 1f a0 18 2c 13 1b 10a 19 35 48 27 13 7b 18 3f 13
FIXUPS: 19b6d 18 b4 14 55 1a 14 1d 31 16 14 1d fffff28e 13 39 16 13 13
FIXUPS: 1909c 29 12 22 47 18 b 29 22 35 21 29 12 18 b 29 22 22f 13 52 17
FIXUPS: 19583 4e 4d 37 18 fffff521 23 5f 28 b 39 43 19 c 1d 18 32 19 1d
FIXUPS: 18d99 37 2a 14 19 2a 13 19 1c 1f 41 16 13 13 21 29 12 22 fffff6f1
FIXUPS: 186bf 1c 2a b 27 f 13 1e 44 17 44 16 13 1e 44 17 16 13 f 19 44
FIXUPS: 18964 44 16 1b ed 4a 29 14 14 22 fffff7dc 1a c 1a 2a b 27 24 19
FIXUPS: 18444 1f c 1d c 1a c 1a 2a b 27 29 1e c 1a c 1a 2a b 27 17 2a b
FIXUPS: 17fa8 29 b 28 29 b 28 29 b 27 3d 23 25 b 44 16 1e c 1f c 1a c 26
FIXUPS: 1828e 21 c 1a c 2e 19 c 1f fffff88e c 1f c 1a 2a b 27 1f 37 26
FIXUPS: 17d15 28 c 1f c 5f 22 b 1e 1a 29 b 28 29 b 28 29 b 28 29 b fffff7d3
FIXUPS: 177b2 22 b 13 1a 2a b 28 2a b 28 2a b 28 2a b 28 2a b 28 2a b 28
FIXUPS: 17a64 b 28 24 b 2e 2b f 3189 20 3a 18 16 1e 2c 10 1f 3a 57 25 2c
FIXUPS: 1aebd 79 b5 2a 63 39 2e 7d 19d 3b2 152 ffffbe61 1a 4d c 12 39 c
FIXUPS: 17747 6d06 81 1ae 6d 20e 70 2a6 1ae 43 8b ffffb819 1a 26 c f 2c
FIXUPS: 1a767 c 12 2e c 91 8c c f 9c 59 9f 32 f0 85 6d 2c49 16 11 2e 2a
FIXUPS: 1d990 39 43 86 1a 2b 63 29 15 bb 23 16b a1 79 f 2a 2d c3 37 14
FIXUPS: 1e0a7 23 32 53 51 bb 23 ffffe803 ec 59 15 84 22 14 bd 180 1e 50
FIXUPS: 1cf5c 60 9a 1f 1b 33 ee 15 85 14 29 16b af 5c 18 82 7e 62 1fa 4c
FIXUPS: 1d8d3 be65 1e 7d 23 24 77 4e 1e 4a 50 20 b6 270 b7 45 4a 9c ffff195a
FIXUPS: 1b8c0 90 11c 98 79 f9 3e0 3e d4 15 1f6 456 33 9a bfa5 16 5f 69
FIXUPS: 28938 55 69 97 97 6f 5a 4a 66 118 40 1c 25 167 22d 36 2b 49 1c
FIXUPS: 2929c 1b 26 28 eb 9c c 72 128 ffffe2e5 85 a0 14 10 5d bb 2c 31
FIXUPS: 27bfb 2ff 7b 6f 74 99 66 47 9b 80 23 53 13 67 b7 5a 62 5c 121 c2
FIXUPS: 2876c 42 4b ffffe552 58 60 40 93 6a 7f 9c 25 35 e 60 5b b5 50 e8
FIXUPS: 273bd b6 79 85 8a 7a 34 1a c7 11 68 1b 49 44 21 16 ffffeb25 59
FIXUPS: 264af b3 d 59 12 30 57 6a 6e 56 21 4f 4d 50 29 23 2b 1a c 1e 53
FIXUPS: 26afd 5e 64 e 58 3c 9 4a 57 ffffeca3 8a 5f 48 55 42 66 20 6d 5c
FIXUPS: 25d17 56 d3 93 28 34 5d 5f 4f d 11 30 4a 80 42 19 57 51 2b 57 5e
FIXUPS: 26356 ffffede6 4e 65 84 56 5f 8 d 4d 66 1a 61 8 82 5b 6c 8 53 14
FIXUPS: 25675 4e 1f 55 e 55 87 55 8 19 5f 42 27 ffffe9cd 60 24 55 247 af
FIXUPS: 2471f 47 4e 7e 62 75 75 4c 8f 58 6f 3e 60 24 47 5d e 4a 87 73 8
FIXUPS: 24de5 69 4d 1d1 6c ffffec80 11 5d 33 59 53 2a 8 52 4f 1a 5f 61
FIXUPS: 2405a b 69 54 12 9 68 4f 1a 1a 1a 1a 1a 1a 1a 1a 1a 1a 1a fffff275
FIXUPS: 235db 1a 55 8 8e 2b 27 55 12 9 58 20 61 1e 14 4c 4c 50 5d 5c 5c
FIXUPS: 23b01 42 7d 55 12 9 58 21 13 36 fffff19f 59 22 28 30 2b 33 19 16
FIXUPS: 23001 11 11 4a ff 6c 1b 22 10 2c 36 4f 11 73 6f 2f 4c 8 1d 1c 43
FIXUPS: 2352a 42 ffffeba7 1b ad 80 28 2f 87 9e 12 18 17 18 18 28 18 3b
FIXUPS: 224df c2 56 ad 39 12 12 2f7 f3 99 97 fa 5b 42 42 5b ffffe8da c1
FIXUPS: 21831 c8 47 4d 47 2c 40 2b 14 57 77 47 3b 28 18 18 18 8e b8 41
FIXUPS: 21e44 27 35 b8 6d 37 33 2b 48 62 ffffee45 65 2c 2a 9 20 9 92 47
FIXUPS: 2113b 24 51 5 6b 47 2c 3a 6b 47 2c 24 5f 47 2c 30 3f 47 11 58 4e
FIXUPS: 21655 70 fffff312 1a 9 1a 9 1a 9 59 24 24 24 82 47 2c 2f 9 1c 9
FIXUPS: 20c73 9 1c 9 41 7a 47 2c 2f 9 19 9 68 15 fffff27d 16 42 16 42 51
FIXUPS: 20272 4e dd 1c e 53 47 2c 2f 9 19 9 d9 47 2c 1e7 2c 2f 9 19 9 2a
FIXUPS: 2092c 47 2c 2f ffffef6e 17 15 17 15 5d 5d 5d f7 47 1e 2b 13 57
FIXUPS: 1fd11 75 51 4e 4e 50 50 16 42 16 42 16 42 16 42 16 42 16 fffff2a3
FIXUPS: 1f3c8 43 5c 50 5f 64 8 4b 4d 32 9 19 9 19 9 19 9 19 9 19 9 a8 65
FIXUPS: 1f81d e 4e 47 11 2a 15 17 b00c 2f 9d 13e 6a b3 108 d 15 1c3 17e
FIXUPS: 2b0d2 20 19 1d 1f 34 12c 2b4 1b ffff39f3 42 88 3d 58 4c 1a 61 a3
FIXUPS: 1f290 95 51 acff 24 56 17 32 28 27 17 136 8 228 b9 32 28 35 1f
FIXUPS: 2a68a 1f 1f 2a 16 28 e 22 1d 37 1d 38 4a 38 38 38 15a6 3a 26 fffff816
FIXUPS: 2b73d 24 1c 14 9 86 be f f 11 5d 5d 87 c 1c c 17 d 10 144 9 ffffe318
FIXUPS: 29f2b 10 19 17 b5 1c 3e0c 1d f 1c 12 1d 17 23 1c 15 17 18 24 14
FIXUPS: 2df9f 150 20 53 16 d 25 12 13 ffffda66 9e 12 d 1b 88 af 9 38 1c6c
FIXUPS: 2db00 21 2c 17 f 2c 15 1f 21 13 15 15 f 1c 12 16 26 14 d f 39 17
FIXUPS: 2dd41 17 16 f 2b 30 30 12 17 fffff563 5f 21 19 22 1c 22 13 416
FIXUPS: 2d8cc 16 16 15 15 15 15 16 f 1c 22 12 15 14 15 14 f 35 12 16 16
FIXUPS: 2daa4 21 fffff1aa 32 23 8f 30 22 19 22 d3 75 2d 7d 19 21 49 d d
FIXUPS: 2d088 69 4f 3f f 43 36 4e 21 12 3f 44 1a 21 f fffff406 22 22 22
FIXUPS: 2c7e3 74 2d f 27 1a 21 f 27 1a 19 22 1f 19 1f 19 75 14 12 44 99
FIXUPS: 2cb96 33 22 22 22 20 a fffff550 1a 19 25 28 28 28 28 28 28 28 28
FIXUPS: 2c369 82 60 25 24 19 24 19 22 2a 31 ae 23 25 44 26 21 24 23 16
FIXUPS: 31517 23 37 19 18 1f 13 16 14 d 71 19 ffffa8c5 22 22 22 2a f 27
FIXUPS: 2c03a 21 f 27 1a 21 f 31 11 1a 21 f 31 4ae5 86 59 56 13 36 4f 33
FIXUPS: 30ee0 10 22 1e 18 18 18 18 18 2b 6c 201 6d a 23 17 76 10 bf 20
FIXUPS: 31475 3a 32 1b ffffefe9 29 83 11 4b 18 11 12 44 1c 29 67 11 2f
FIXUPS: 30774 18 11 e1 c 8 c e c 39 40 43 34 1f 1f 116 1c c0 fffff15e f
FIXUPS: 2fd66 78 25 1a 29 1b 1a 21 31 25 25 15b 1b 10 f 1b 4f 58 c1 f 25
FIXUPS: 30288 30 f 25 10 94 5a 8e 51 fffff23f 5e 8 1d dc 49 17 16 16 16
FIXUPS: 2f91f 17 16 8 a 9a 14 31 44 2d 14 27 27 7e 36 37 2d 1f a 8d 1d
FIXUPS: 2fd28 fffff141 4e b4 52 c5 4b 64 1a 55 37 24 97 57 64 1b 2b 70
FIXUPS: 2f40f 39 c 47 26 45 d9 d d 87 8 39 8 1a 8 ffffed6e 4f ba 42 1f
FIXUPS: 2e5fa 50 22 31 44 7e 8e 55 2f 45 c 1a 1d 88 d2 53 c 25 29 19 78
FIXUPS: 2ebf7 19 88 87 11c 15 3ca5 3d 19 32 19 19 19 28 19 19 19 3c 4f
FIXUPS: 32e3c c ffffb3b0 d 1e d 21 7e 13 1f 1e 1f 1f 16 3f 1c 1f 34 19
FIXUPS: 32482 16 1b 8e 32 c5 30 63 18 51 ea c 35 9 54 30 13 89 12 12 12
FIXUPS: 329fa 9 21 12 12 12 45 9 20 9 1b fffff339 50 5b 10 70 27 22 2e
FIXUPS: 3200d e 7b c 12 3b f 25 70 2a 17 74 12 6f 6b 21 25 50 1c 19 16
FIXUPS: 32430 1d 1c 6a2f 3b 1b ffff8801 ec 15 20 27 e b0 c e f f 3a e e
FIXUPS: 3198b e 12e 15 2e 74 e 47 23 50 5b 10 117 e 3b 6883 25 25 25 25
FIXUPS: 3874d 24 a1 f 180 71 28 40 80 36 67 b9 7b 35 1c 25 43 16 9 4a 25
FIXUPS: 38e21 8 16 25 f 11 fffff1b0 21 d1 35 49 22 31 2a f 59 10 15 24
FIXUPS: 382ed 1b 19 68 c 8 1f d 8 4f 72 1b 11 17 26 13 2e aa 89 fffff015
FIXUPS: 377a5 35 49 27 28 35 2e a8 47 6c 41 ae 25 4d 5d a6 32 9c 1b 5e
FIXUPS: 37de7 66 2c 21 4a 1b 1b 1b 3d 5d c ffffed8d 20 13 d2 5f f 146 35
FIXUPS: 370ac 71 d6 32 53 30 4b 2c 2b 44 88 1a 39 15 26 13 16 f 1b 1b 10
FIXUPS: 37589 47 99 ffffeae0 f 14 18 18 18 10 10 42 58 6d 13 a0 13 6b 6d
FIXUPS: 3648c f0 13 19 13 195 13 142 13 12e 18 60 13 15b 13 110 ffffe9f1
FIXUPS: 3572b fe 51 b9 51 42 c ec d9 26 32 65 54 53 4f 3f 48 c ac 2c 38
FIXUPS: 35f25 98 15 1a 2b 29 2b 65 55 14 ffffebee 19 65 63 c d2 2d 1b ba
FIXUPS: 3506b c 5e 2f 52 c d2 c 91 4d 81 4b c 77 25 10 1d 48 1a 7a 42 7e
FIXUPS: 35671 fffff20e 15 68 15 68 15 36 15 36 1c 27 15 36 17 33 19 27
FIXUPS: 34b40 1f 15 36 17 16 1d 22 1c 15 36 15 36 15 41 fffff1fa be 67
FIXUPS: 341c6 1b 47 36 79 1b 16 63 56 1b 2a 15 1c 8 5 42 36 ed 46 8e 1f
FIXUPS: 346cd 9 8d 27 2f 1b 3e 9 ffffee46 a7 a0 21 8 15 72 f a 63 f a 12
FIXUPS: 33911 35 36 49 2f a0 46 86 2e f 16 9a 37 62 e1 16 4c f 4d fffff07f
FIXUPS: 32f1e 4e 10 f 25 15 64 9 17 5b 14 d 1f 19 32 af 7e 9 25 16 19 16
FIXUPS: 332e5 19 16 162 5 c0 54 19 13 874d b 23 1a 3a b 37 1a b 44 b af
FIXUPS: 3befa 1c 1a b 52 16 12 b 6c b 24 17 16 b 45 f 3d 19 e ffff6d7f
FIXUPS: 3b2e1 a1 5b 19 22 29 38 43 3d 8f 39 5c 45 b 99 57 b 57 25e 11a
FIXUPS: 3bb78 b 8e 1a b 24 17 12 b 1c b 39 ffffe918 b 15a 43 23f 4d c 30
FIXUPS: 3aaa8 43 44 b8 95 46 48 61 b 1c 5e 21 1ca b 34 3a 35 1a e5 3c 23
FIXUPS: 3b233 2a 41 ffffe887 60 66 f f 25 24 51 3c 5c b 8c b a7 24 30 144
FIXUPS: 3a0b7 10d 28 3f 37 2d d2 2d a4 e 12 4a 1f 4a d0 ffffef61 1a 1e
FIXUPS: 3957f 29 82 54 1e 1f 11 64 2a 1a 13 8 26 c8 8 21 58 1a 4c b 29
FIXUPS: 399f6 26 65 b 53 e 9 10 634c 67 10 15 2d 12 28f 48 2b4 ffff8aa1
FIXUPS: 38f75 1e b 4a 48 5a b 2a 8 72 1b 27 19e b 61 19 13 22 25 36 43
FIXUPS: 3950f 5942 2b 1a 8 83 1d c2 9f 42 1d 5 2a9 ee f5 48 20 42 34 19
FIXUPS: 3f6a4 19 264 f8 4e d4 46 41 79 74 e1 55 61 ffffe358 10 8 f 22 8d
FIXUPS: 3e2bc 22 1a 8 239 c 57 5d 17 1a 8 16 1a 8 b2 26 57 6b 72 f 1e4
FIXUPS: 3eb6f 119 48 dd 21 ffffea4e 4b 5b b5 4d 35 15 13 38 16 e0 52 35
FIXUPS: 3dbf8 121 83 20 16 29 35 20 16 29 d 70 8 9c 1f 48 10 10a 1c ffffef34
FIXUPS: 3d094 5f 79 e3 19 2d 79 19 42 23 a7 3f 10 41 23 73 34 54 35 3a
FIXUPS: 3d660 40 1a 2b 2b 1f 17 3c 19 32 f 3eee 31 121 4e 4a 26 8 6f ffffa995
FIXUPS: 3c403 fd 73 2c 15 4e 6c 2c 4e 6c 11b 37 b4 18b b6 2c 2c 31 45 1d0
FIXUPS: 3ce53 14c c5 3ba4 2e 36 c6 a2 5e 2f 45 32 2d 2b 12a 9c b2 2a 12
FIXUPS: 412ce 4b ad 12 55 23 74 8c 33 66 20 1b 1c 12 5d c fffff088 45 d5
FIXUPS: 40887 34 45 2d 17 31 8 23 8f 15 15 16 15 16 15 16 15 15 15 15 15
FIXUPS: 40b43 15 15 15 15 15 16 15 9966 11 60 7d 84 b 20 16 12b 1dd 1d3
FIXUPS: 4ac4f 38 a7 1a 10c 7 20 5f 8 ffff6b90 32 4b 2d ffffe9dd 30 5c 2d
FIXUPS: 40670 1b 22 18 93bf 16 3a 15 53 1c 5f 88 5d 12e 41 3c 3f a2 260
FIXUPS: 4a1bb 28 b 27 18 2c 1b 40 28 b 2e 4b 94 2c 2a 20 7e ffffed8b 70
FIXUPS: 492f2 3e 19 39 79 24 24 26 52 9c 4c 29 17 e e 1b e 1b 2b 4d 15
FIXUPS: 497df 2b 37 f 4e 66 54 7e 3c fffff0d8 6d 27 40 99 27 6d 27 6d 27
FIXUPS: 48e13 30 f 25 31 66 30 21 3c 26 66 58 f 41 f 4e 32 f 4e 31 f 2a
FIXUPS: 483cd 73 1d 5 22 c 28 1e 1d 31 60 59 60 3b f 20 f 6c 22 3e 22 7b
FIXUPS: 48844 85 c2 41 f 20 f 20 f 50 fffff03b 10 28 f 20 f 20 f 3d f 3e
FIXUPS: 47c12 73 31 27 3c bd f 8f 1d c4 3d a7 62 26 21 42 7c 3c 5b f4 8e
FIXUPS: 46c04 247 29 12 b bd 98 be b2 16 37 25 5f 25 107 3f 48 1a 13c be
FIXUPS: 47641 34 16 dd 60 5c 81 5a 52 ba 77 2a ffffe440 8b 62 f 27 1a9
FIXUPS: 461c7 60 31 f 4c 129 25 45 e5 5d 10a 79 4a 107 a3 5e 66 3a 40 7f
FIXUPS: 46b07 12 b 29 12 b ffffeac7 b1 2b d 39 51 2b 1c e3 4f 88 36 29
FIXUPS: 45b7c 15 58 1c 52 22 3e 1f 13 33 29 8c f 1a 2f d 27 21 64 ffffed1c
FIXUPS: 44c24 b1 1a f 25 65 1a 16 26 116 2c c5 f 64 29 17 15 1a4 4d 68
FIXUPS: 45364 5 38 1a 23 37 2a 7a 85 18 35 ffffe7d2 7a 9d 124 2f 30 f 2e
FIXUPS: 44061 24 68 194 ee 18 65 18 c4 161 11c 89 1e 3a 55 1e 2d 2b 42
FIXUPS: 44946 20 6b 44 e4 ffffe990 f 21 de 122 9e 3d f 15 64 25 25 27 c2
FIXUPS: 43972 64 7e 64 21 72 32 26 32 1e 44 1a 32 1e 31 36 1c 20 ffffed04
FIXUPS: 42acd f 1d 20 de 30 25 1e 104 5 4e 30 73 f 52 14 30 78 fe 25 48
FIXUPS: 43134 1f de ba 1b 25 3d 42 4a 25 cc46 27 ffff1cbb 18 2c 1b 5e 9e
FIXUPS: 41eed b 127 16 1d 10 7a 77 17 35 15 38 5f 2b 132 8e 3e 4a 1b 6a
FIXUPS: 427d5 a7 46 140 cc96 16d 12 5b 36 a9 b de b 6a b 25 b 28 12e 3c
FIXUPS: 4fc8d 2e 26 15 18 77 b 66 16 12 b 8 a1 5f b0 5c ffffec60 22 31
FIXUPS: 4ed16 15 d4 64 f 147 15 26 2f 4d 94 2c 28 2c 49 4b 8e 22 34 22
FIXUPS: 4f36a f 8 2d f6 6a 41 2d c0 ffffea0e f 14 b9 3d 1f 6f ae 49 39
FIXUPS: 4e362 33 16 3b 53 2b d 5f ad 7 3f 4a 8 77 216 23b b 25 b 28 b 26
FIXUPS: 4d5f6 3e 127 19 6e 19 2c 56 46 b3 5b 4e bc 5 2b 11 10 36 25 70
FIXUPS: 4dc05 5e 5 18 d 6f 7a 45 186 41 a9 c ffffedc2 e6 2e c 2b e6 24
FIXUPS: 4d061 c 30 2f 30 2d 78 a5 57 17 86 3e 29 21 35 18 18 18 12 1a 7b
FIXUPS: 4d4f5 19 1a b5 ffffef8e 1b c 2e 5f f 1d 2b 82 a7 13a 21 f 1d 2b
FIXUPS: 4c97f 13 c0 66 f 6a 5 39 24 37 8 5 87 18 8 11 d7 ffffee5a 13 13
FIXUPS: 4bbf9 13 6b 13 13 13 13 13 13 13 131 1f c 1b 50 29 75 a7 13a 21
FIXUPS: 4c172 1d 2b 21 c 2e2 17 5f f ffffec24 1c 3f 16 d 91 ce 3e 47 a5
FIXUPS: 4b486 35 30 a6 21 90 18c 47 27 26 18 49 18 3a 20 72 83 7f 85 59
FIXUPS: 4bb9a 13 7ad8 9c 15d 11 c e e 1c 11 c 34 13 13 c 8 f f 5c f 42
FIXUPS: 53a40 45 c 16 f 56 12 4d 37 b1 ffff72fd 27 788a 84 3f 5f 38 2a
FIXUPS: 529b1 1b 35 a 38 32 12e 83 1e 129 53 84 3f 51 ae 116 55 50 20e
FIXUPS: 5338b b 80 2b 1cb 3d 31 ffffe686 80 a c 6f 42 42 42 2a 72 1fb 24
FIXUPS: 52236 32 1c 1c 77 1f 7a 31 30 21 69 113 22 c3 2e 1c 71 19 33 21
FIXUPS: 510b5 98 18 15 28 62 34 d3 76 13c 257 d6 2f 75 4d 1d 16 c 2f 3b
FIXUPS: 519b1 9f f 13 54 1d 55 cb 40 a 38 5f ffffe78d 22 32 1f 29 28 16
FIXUPS: 505d7 155 2f 2f 43 34 c 37 15 7e 59 c ca 31 3a a 13 4b 8d 9e 2b
FIXUPS: 50c45 77 39 198 5655 17 5 5 15c ffffd667 19 d 16 d c d e 11 d 1d
FIXUPS: 53da6 36 29 5e 4a 22 29 ffffc3fe 23 1d 39 2e 13 10 56 41 5cf2 e
FIXUPS: 5615f 9 2a 16 b 8 d 1f f f 8 5 1a 5 13 2d 2a 1f 45 5 5 a 6b 8 21
FIXUPS: 563b6 15 57 18 b fffffa52 e d 17 e 10 45 1f 25 8 1a f 8 a d d 4d
FIXUPS: 5602b 11 f 16 b 1a 24 d 25 8 13 8 5 5 a fffffa91 85 92 1d 1a d
FIXUPS: 55d12 e d e d e d e d e 20 e d e d e d e 20 e d e d e d e fffff735
FIXUPS: 555dc 1d 96 20 20 20 20 20 2a 59 9 8 14 9 8 44 2a 1d a 14 c a a
FIXUPS: 558f9 39 70 40 70 40 73 42 fffff701 16 14 15 13 c 8 14 c 8 48 10
FIXUPS: 55367 d 11 19 12 40 34 a 1e b 36 1d 44 2b 11 15 12 20 11 20 fffffa30
FIXUPS: 54fdc 20 22 17 1e 8 1b 8 5 12 a 11 24 8 d 20 15 b 8 13 f 24 8 10
FIXUPS: 551af 1f 8 15 8 13 2c fffff8e4 25 b 10 ec 1a 16 b f 16 b c2 30
FIXUPS: 54dc1 c 28 1d 28 d a 5e 27 2a e 1f 15 b 8 5d e 8 5 fffff5fc d c
FIXUPS: 54606 68 15 e 27 6b 15 12 8 21 e d d d 23 14 13 2b 90 44 34 34
FIXUPS: 54976 b 10 86 1b b 13 fffff700 56 68 27 d 2d 23 17 18 b 97 17 5
FIXUPS: 54384 5 b 15 39 8 1b 4d a 49 a 22 24 e d c 24 66 15 4bb4 48 c 4b
FIXUPS: 59378 179 b8 108 68 15 8c c 1a ffffa772 a 8 5 18 2b 12 8 5 18 2b
FIXUPS: 54016 21 1b 23 1b 23 1b 15 44ff 3b 5c 90 1e f f 2c 76 80 75 80
FIXUPS: 58a41 2a 45 a4 35 37 11a 2a 16b c 15 6e 8c 71 c 16 50 3a 3c 5e
FIXUPS: 57c27 67 30 2e 10 1f b7 b 3a 2a 86 b 18 2f 79 273 19 10 fd 19 33
FIXUPS: 58397 22 51 a6 f f f 15 15 17 12 ffffea04 6d 25 3c 122 3a 82 b6
FIXUPS: 57331 2d a2 c8 32 26 8f 65 aa 7e 2f 1b 3e 86 6d 96 a5 19 10 1b
FIXUPS: 57afc 10 31 7d 321b 13 10 3a 20 41 bc 8 11 13 ffffb846 41 72 6e
FIXUPS: 569a4 7c 1d b 7b b 1d 99 29 97 97 7c 1d b 7b b 23 c6 31ba ee f
FIXUPS: 5a1ad 169 110 1f 1b 36 84 f8 26 b a 8 1a 19 40 e5 59 1c b8 1a 1f
FIXUPS: 5a942 1f 3f 14 8 12d 2ad 27 3f78 57 a 1a cb 21 17 f2 1e 89 25c
FIXUPS: 5f2f3 f1 115 47 24 2c 121 32 ffffa2ea 2a 10 15 f 27 24 45 88 ab
FIXUPS: 59f4a 2b 21 34ed 294 6e 1c 14 14 14 14 1c1 24 7d 24 157 18 580
FIXUPS: 5e18a 1b 1c 98 15e 23 13 11 10 73 23 f 6b db 80 698 a ffffdae4
FIXUPS: 5c84c 18 2f 51 d 12 21 1f 1f 16 18 7b 643 21 10 30 30 a7 12 9 57
FIXUPS: 5d21c 10d a 77 16 16 16 16 16 1b ffffeadf 1c 3a d 35 51 1a 2a 9c
FIXUPS: 5c0ea 26 40 14 11 17 af c 11 c 13 1d 2b 3c 2b 2f 1f 1d 1d 1d 1d
FIXUPS: 5c405 2c fffff577 a 34 38 50 1d 41 d 30 24 b f 22 19 9 2c b 5d
FIXUPS: 5bc28 13 9 f 33 21 67 50 f 8 d0 65 16 28 fffff193 202 3a f c a
FIXUPS: 5b320 64 39 26 4a f 13 1f 9d c 60 2f 44 19 bd 63 16 11 6b 8b 4b
FIXUPS: 5b8de 63 1b 17 15 6e0a 1c 21 d 27 17 1b 6c 19 28 d 4e 16 45 13
FIXUPS: 629d0 3b 69 3e 8a 9d c 45 56 7f 105 2e 37 32 ffff8170 b 3e 6b5a
FIXUPS: 61bbf d9 4b 47 13 d 34 1e 11 42 49 3f 35 b5 25 135 13e 29 6c b0
FIXUPS: 62371 86 23 33 6c 160 94 d 42 36 49 ffffe806 1b3 177 30 12 31 3c
FIXUPS: 6141a 81 a 25 19 1a 16 1a 14 16 13 42 1b 33 16 11 147 1d2 1e 30
FIXUPS: 619c9 9a 58 22 b9 ffffe4e3 22 1a 16 1a 14 22 ef 12 32 4b 13 5b
FIXUPS: 6032f 2a ac 111 60 f1 d 2d3 69 3d 96 a3 30 d1 34 3c 98 2c a7 43af
FIXUPS: 652f7 45 44 c7 ffffdac9 10 12a 37 ffffc7e9 29 37 2d e2 4f 4d 13
FIXUPS: 5fa95 43 26 f b9 bd 10 43 3c 114 146 20 4b 13 76 385b 70 45 3b
FIXUPS: 639be f1 39e 17 17 2f8 44 51 114 ed 120 31 7f 152 8 12 ec 148 c
FIXUPS: 64a84 37 40 39 e7 b2 29 2c 28a 7e4 31 3f 37 50 be 29 f7 a a 43
FIXUPS: 65adf fc 11c 31 1e2 76 13 43 2e 22 30 22 30 5d 1e7 ffffd3f2 51
FIXUPS: 6374a 20 c d3 4bff 31 3a 8e 219 99 29 a7 242 d 19 d 86 7b ffffc871
FIXUPS: 654ce 8 3f b 2a 1c 25 1c 19 3b 27 f 80 25 36 44 2d 253f 11d 2b
FIXUPS: 67e30 26 f 60 19 11 29 26 f 60 19 26 f 8e 45 a4 12 76 4f 89 8 15
FIXUPS: 68319 b 3c b 86 27 12 fffff1f6 1a 2e b 49 21 c 119 a9 b 27 3f b
FIXUPS: 67957 3d b 88 1e b 37 b 40 c7 30 2d b 2c b 42 1f c f fffff2fd 44
FIXUPS: 67000 66 40 b 1e c 1a c 85 40 b 71 b 2d c 1a c 179 40 b 1e c 1a
FIXUPS: 674c0 45 b 9b 40 b 1e fffff448 b 58 b 47 c 71 b 16 47 b 16 4b b
FIXUPS: 66d07 14 42 b 7e c 2b b 27 40 35 b 39 b 2f c 1e 3a fffff477 b2
FIXUPS: 66578 b 27 40 b 1e 2e b 5f 40 b 1c 36 b 20 5c b f 81 b 27 3b 40
FIXUPS: 66922 39 b 22 13 22 5f
