 rt

 Timestamp is 33dd0f5b (Mon Jul 28 14:30:03 1997)

 Preferred load address is 11000000

 Start         Length     Name                   Class
 0001:00000000 000db3deH .text                   CODE
 0002:00000000 00000af0H .rdata                  DATA
 0002:00000af0 0000306dH .edata                  DATA
 0003:00000000 00000004H .CRT$XCA                DATA
 0003:00000004 00000004H .CRT$XCZ                DATA
 0003:00000008 00000004H .CRT$XIA                DATA
 0003:0000000c 00000004H .CRT$XIZ                DATA
 0003:00000010 0000e3bfH .data                   DATA
 0003:0000e3d0 0002816cH .bss                    DATA
 0004:00000000 000000c8H .idata$2                DATA
 0004:000000c8 00000014H .idata$3                DATA
 0004:000000dc 000006dcH .idata$4                DATA
 0004:000007b8 000006dcH .idata$5                DATA
 0004:00000e94 000017d4H .idata$6                DATA
 0005:00000000 00000058H .rsrc$01                DATA
 0005:00000060 00000370H .rsrc$02                DATA

  Address         Publics by Value              Rva+Base   Lib:Object

 0001:00000000       _cal                       11001000 f cal.obj
 0001:0000002b       _cal_opt                   1100102b f cal.obj
 0001:00001760       _cal_reverse               11002760 f cal.obj
 0001:00001800       _calculator                11002800 f calc.obj
 0001:00004600       _combobox_msg@16           11005600 f control.obj
 0001:00004abf       _redrawn_by_Windows        11005abf f control.obj
 0001:00004aee       _subedit_msg@16            11005aee f control.obj
 0001:00004be0       _datacollect               11005be0 f datacoll.obj
 0001:00006aae       _fld_boxtype               11007aae f datacoll.obj
 0001:00006c4e       _drawfldbox                11007c4e f datacoll.obj
 0001:00006d30       _drawfield                 11007d30 f datacoll.obj
 0001:00006f09       _makefieldtext             11007f09 f datacoll.obj
 0001:00007379       _setfont                   11008379 f datacoll.obj
 0001:000073b8       _dovalidation              110083b8 f datacoll.obj
 0001:000075fa       _doduringentry             110085fa f datacoll.obj
 0001:0000775d       _do_vals                   1100875d f datacoll.obj
 0001:00007b0e       _copy_pick                 11008b0e f datacoll.obj
 0001:00008195       _dc_set_te_text            11009195 f datacoll.obj
 0001:000083dc       _dc_do_editted_te          110093dc f datacoll.obj
 0001:0000a4e7       _field_focus               1100b4e7 f datacoll.obj
 0001:0000ab70       _fp_from_dlp               1100bb70 f datacoll.obj
 0001:0000abc7       _copy_from_combobox        1100bbc7 f datacoll.obj
 0001:0000ae60       _debug_dl                  1100be60 f debug.obj
 0001:0000ae70       _demo_mode                 1100be70 f demo.obj
 0001:0000b0f0       _rterrmsg                  1100c0f0 f errorbox.obj
 0001:0000bb72       _rterrorbox                1100cb72 f errorbox.obj
 0001:0000bc53       _unshow_err                1100cc53 f errorbox.obj
 0001:0000bd46       _unshow_fyi                1100cd46 f errorbox.obj
 0001:0000be39       _unshow_efmsg              1100ce39 f errorbox.obj
 0001:0000bff4       _rterrmsg_via_list         1100cff4 f errorbox.obj
 0001:0000c441       _msgbox                    1100d441 f errorbox.obj
 0001:0000c507       _ofb_msgbox                1100d507 f errorbox.obj
 0001:0000c530       _rtAllocCDSEnv             1100d530 f execcds.obj
 0001:0000c581       _exec_cds                  1100d581 f execcds.obj
 0001:0001025c       _transform_cdserror        1101125c f execcds.obj
 0001:00010414       _cdsretry                  11011414 f execcds.obj
 0001:000105e7       _catastrophe               110115e7 f execcds.obj
 0001:000115e0       _exec_comm                 110125e0 f execcomm.obj
 0001:000128db       _comm_get_pcl_ptr          110138db f execcomm.obj
 0001:00012b20       _exec_crt                  11013b20 f execcrt.obj
 0001:000135e0       _exec_dde                  110145e0 f execdde.obj
 0001:00014a29       _DdeCallback@32            11015a29 f execdde.obj
 0001:00015465       _ProcessDDEInit@4          11016465 f execdde.obj
 0001:000154b0       _ProcessDDEConnect@12      110164b0 f execdde.obj
 0001:000156e1       _ProcessDDEAdvise@16       110166e1 f execdde.obj
 0001:000157f3       _ProcessDDEServer@8        110167f3 f execdde.obj
 0001:000159e2       _ProcessDDEConfig@8        110169e2 f execdde.obj
 0001:00015bc3       _ProcessDDESendData@20     11016bc3 f execdde.obj
 0001:00015d58       _ProcessDDERequest@16      11016d58 f execdde.obj
 0001:00015f2a       _ProcessDDEPoke@20         11016f2a f execdde.obj
 0001:00015fcc       _ProcessDDEExecute@16      11016fcc f execdde.obj
 0001:0001604c       _ProcessDDEDisconnect@4    1101704c f execdde.obj
 0001:00016073       _ProcessDDEAbandonTrans@8  11017073 f execdde.obj
 0001:00016098       _ProcessDDEConversation@8  11017098 f execdde.obj
 0001:000160bd       _ProcessDDEUninit@0        110170bd f execdde.obj
 0001:00016124       _ProcessDDEQueryNextServ@8 11017124 f execdde.obj
 0001:00016172       _IsServiceSupported        11017172 f execdde.obj
 0001:000161dd       _IsTopicSupported          110171dd f execdde.obj
 0001:00016422       _GetServiceTopicNames      11017422 f execdde.obj
 0001:000164ef       _FillPCLClientCallBackParams 110174ef f execdde.obj
 0001:0001655e       _FillPCLServerCallBackParams 1101755e f execdde.obj
 0001:000165b7       _mre_nofunc                110175b7 f execdde.obj
 0001:000165ea       _mre_nofld                 110175ea f execdde.obj
 0001:00016604       _mre_nohconv               11017604 f execdde.obj
 0001:00016620       _exec_declare              11017620 f execdll.obj
 0001:0001683a       _exec_dll                  1101783a f execdll.obj
 0001:0001759c       _DLL_FreeLibs              1101859c f execdll.obj
 0001:00017680       _exec_draw                 11018680 f execdraw.obj
 0001:0001aa40       _exec_print                1101ba40 f execprt.obj
 0001:0001cbe2       _print_package             1101dbe2 f execprt.obj
 0001:0001cf88       _printer_open              1101df88 f execprt.obj
 0001:0001d47d       _printabort@8              1101e47d f execprt.obj
 0001:0001dc20       _GetSizeFromWidthHeight    1101ec20 f execprt.obj
 0001:0001dcfa       _GetWidthHeightFromSize    1101ecfa f execprt.obj
 0001:0001dd68       _printer_close             1101ed68 f execprt.obj
 0001:0001e695       _printformatting           1101f695 f execprt.obj
 0001:0001eaab       _addprtbuff                1101faab f execprt.obj
 0001:0001eb47       _rt_nop_verb_msg           1101fb47 f execprt.obj
 0001:0001ef3a       _PAIparse                  1101ff3a f execprt.obj
 0001:0001f6c9       _SelectPrintFont           110206c9 f execprt.obj
 0001:0001fbd9       _GetPrintDC                11020bd9 f execprt.obj
 0001:0001fbee       _PrtDrawIcon               11020bee f execprt.obj
 0001:000200c8       _PrtGetBitmapSize          110210c8 f execprt.obj
 0001:000200f6       _PrtDrawBitmap             110210f6 f execprt.obj
 0001:0002060e       _logrtwaitchks             1102160e f execprt.obj
 0001:0002065b       _printdebug                1102165b f execprt.obj
 0001:000206da       _LogFile                   110216da f execprt.obj
 0001:000206f0       _dobinop                   110216f0 f expr.obj
 0001:000213b1       _exprabort                 110223b1 f expr.obj
 0001:000213f6       _determinetype             110223f6 f expr.obj
 0001:00021714       _douniop                   11022714 f expr.obj
 0001:000219fb       _mystrcmp                  110229fb f expr.obj
 0001:00021ba0       _undup_fld_list            11022ba0 f fldsubs.obj
 0001:00021bb0       _sav_fld_list              11022bb0 f fldsubs.obj
 0001:00021c02       _sav_fld_storage           11022c02 f fldsubs.obj
 0001:00021c67       _clr_fld_list              11022c67 f fldsubs.obj
 0001:00021d10       _clr_fld_dlist             11022d10 f fldsubs.obj
 0001:00021e3a       _clr_fld_explicit          11022e3a f fldsubs.obj
 0001:00021e81       _dup_fld_list              11022e81 f fldsubs.obj
 0001:00021efb       _dup_fld_explicit          11022efb f fldsubs.obj
 0001:00021f1e       _dup_fld_storage           11022f1e f fldsubs.obj
 0001:00021f8d       _add_field_rec             11022f8d f fldsubs.obj
 0001:000220a0       _help                      110230a0 f help.obj
 0001:00022390       _do_init_statement         11023390 f initstmt.obj
 0001:00023a66       _rt_output_timers          11024a66 f initstmt.obj
 0001:00023b70       _rt_stop_timer             11024b70 f initstmt.obj
 0001:00023c39       _rt_start_timer            11024c39 f initstmt.obj
 0001:00023c54       _dump_init_settings        11024c54 f initstmt.obj
 0001:000245b0       _initwinsock               110255b0 f io.obj
 0001:0002460e       _spy_on                    1102560e f io.obj
 0001:00024a22       _spy_off                   11025a22 f io.obj
 0001:00024b6d       _rtserverlisten            11025b6d f io.obj
 0001:00024c37       _killspyserver             11025c37 f io.obj
 0001:00024c77       _spylistendone             11025c77 f io.obj
 0001:00024d39       _spyreaddone               11025d39 f io.obj
 0001:00024eb1       _spyrcv1                   11025eb1 f io.obj
 0001:00024f69       _spyrcv2                   11025f69 f io.obj
 0001:00024f80       _spysend1                  11025f80 f io.obj
 0001:0002501b       _spysend2                  1102601b f io.obj
 0001:00025092       _getuserkey                11026092 f io.obj
 0001:000253c1       _invoke_localprint         110263c1 f io.obj
 0001:000253f9       _ungetuserkey              110263f9 f io.obj
 0001:00025469       _clear_screen              11026469 f io.obj
 0001:0002566d       _status_update             1102666d f io.obj
 0001:00025ea3       _get_string                11026ea3 f io.obj
 0001:00026015       _put_title                 11027015 f io.obj
 0001:00026299       _show_cursor               11027299 f io.obj
 0001:0002643c       _show_cursor_full          1102743c f io.obj
 0001:0002653a       _hide_cursor               1102753a f io.obj
 0001:00026705       _save_hide_cursor          11027705 f io.obj
 0001:00026753       _restore_show_cursor       11027753 f io.obj
 0001:00026788       _copykeys                  11027788 f io.obj
 0001:0002679a       _badinput                  1102779a f io.obj
 0001:000267b9       _warningbell               110277b9 f io.obj
 0001:000267d8       _errorbell                 110277d8 f io.obj
 0001:000267f7       _copyvideo                 110277f7 f io.obj
 0001:00026809       _copyoff                   11027809 f io.obj
 0001:00026814       _xlatefkey                 11027814 f io.obj
 0001:0002691c       _rt_find_keyval            1102791c f io.obj
 0001:00026976       _pcl_exec_error            11027976 f io.obj
 0001:00026de3       _appl_alt_key              11027de3 f io.obj
 0001:00026ee8       _do_alt_key                11027ee8 f io.obj
 0001:000270c7       _getfromkeybuff            110280c7 f io.obj
 0001:00027151       _rt_get_nextkey            11028151 f io.obj
 0001:00027191       _addtokeybuff              11028191 f io.obj
 0001:00027212       _purge_typeahead           11028212 f io.obj
 0001:00027249       _display_internal_error    11028249 f io.obj
 0001:00027275       _xlate_filename            11028275 f io.obj
 0001:00027460       _localprint                11028460 f localprt.obj
 0001:00028bc0       _manual                    11029bc0 f manual.obj
 0001:0002a360       _man_init_fields           1102b360 f manual.obj
 0001:0002e590       _menu                      1102f590 f menus.obj
 0001:0002fe42       _pmenu                     11030e42 f menus.obj
 0001:00030939       _do_winmenu                11031939 f menus.obj
 0001:0003098a       _rt_listexec               1103198a f menus.obj
 0001:00030fb0       _grayrect                  11031fb0 f mouse.obj
 0001:000310dd       _ScaleRSx                  110320dd f mouse.obj
 0001:00031120       _ScaleRS                   11032120 f mouse.obj
 0001:00031171       _rt_mouse_events           11032171 f mouse.obj
 0001:00031e5b       _drawcheckbox              11032e5b f mouse.obj
 0001:00031f26       _drawradiobutton           11032f26 f mouse.obj
 0001:00031fe5       _drawTEtext                11032fe5 f mouse.obj
 0001:000321a4       _drawTEfield               110331a4 f mouse.obj
 0001:000323ed       _drawpushbutton            110333ed f mouse.obj
 0001:00032404       _drawreliefbutton          11033404 f mouse.obj
 0001:00032459       _drawiconbutton            11033459 f mouse.obj
 0001:0003249a       _drawvoidbutton            1103349a f mouse.obj
 0001:000324da       _redrawcontrol             110334da f mouse.obj
 0001:00032794       _mouse_scroll              11033794 f mouse.obj
 0001:0003289c       _add_alt_key               1103389c f mouse.obj
 0001:00032958       _render_relief             11033958 f mouse.obj
 0001:00032978       _render_control            11033978 f mouse.obj
 0001:00033afa       _alter_button              11034afa f mouse.obj
 0001:0003402f       _inform_TE_change          1103502f f mouse.obj
 0001:000340f0       _redraw_ctrl               110350f0 f mouse.obj
 0001:0003433f       _do_alter_ctrl             1103533f f mouse.obj
 0001:000348b7       _allcontrols               110358b7 f mouse.obj
 0001:000349ed       _calc_control_size         110359ed f mouse.obj
 0001:00035090       _multidisplay              11036090 f multirec.obj
 0001:00035b96       _getmember                 11036b96 f multirec.obj
 0001:000365e0       _rtclwait                  110375e0 f nwcds.obj
 0001:00036850       _pcl                       11037850 f pcl.obj
 0001:0003e7be       _rt_get_obj_nums           1103f7be f pcl.obj
 0001:0003e998       _rt_get_dd_ptr             1103f998 f pcl.obj
 0001:0003ecc0       _async_pcl                 1103fcc0 f pcl.obj
 0001:0003edd0       _prefill                   1103fdd0 f pclsubs.obj
 0001:0003eef9       _navigateback              1103fef9 f pclsubs.obj
 0001:0003f02c       _dorefresh                 1104002c f pclsubs.obj
 0001:0003f398       _refreshfield              11040398 f pclsubs.obj
 0001:0003f666       _keydef_clear              11040666 f pclsubs.obj
 0001:0003f6b6       _keydef_push               110406b6 f pclsubs.obj
 0001:0003f72c       _keydef_pop                1104072c f pclsubs.obj
 0001:0003f7f2       _keydef_reset              110407f2 f pclsubs.obj
 0001:0003f91f       _plug_comm_ptr             1104091f f pclsubs.obj
 0001:0003fa0f       _plug_at_comm_ptr          11040a0f f pclsubs.obj
 0001:0003faff       _start_interval            11040aff f pclsubs.obj
 0001:0003fb2e       _stop_interval             11040b2e f pclsubs.obj
 0001:0003fbbc       _do_dprint                 11040bbc f pclsubs.obj
 0001:00040214       _do_fprint                 11041214 f pclsubs.obj
 0001:000407bf       _setup_sysinfo             110417bf f pclsubs.obj
 0001:000407fb       _pcl_doreset               110417fb f pclsubs.obj
 0001:000408c8       _make_tran                 110418c8 f pclsubs.obj
 0001:00040aeb       _remove_tran               11041aeb f pclsubs.obj
 0001:00040cd5       _rt_list_init              11041cd5 f pclsubs.obj
 0001:00040d54       _make_stringbuff           11041d54 f pclsubs.obj
 0001:00040d87       _purge_all_screens         11041d87 f pclsubs.obj
 0001:00040e72       _stack_clear               11041e72 f pclsubs.obj
 0001:00040f5f       _stack_push                11041f5f f pclsubs.obj
 0001:00041029       _stack_pop                 11042029 f pclsubs.obj
 0001:000410e6       _stack_reset               110420e6 f pclsubs.obj
 0001:000413d3       _lookupstmt                110423d3 f pclsubs.obj
 0001:000415c7       _tran_start                110425c7 f pclsubs.obj
 0001:0004169d       _tran_finish               1104269d f pclsubs.obj
 0001:00041828       _tran_reset_all            11042828 f pclsubs.obj
 0001:00041872       _rt_redraw                 11042872 f pclsubs.obj
 0001:00041e7a       _rt_dl_free                11042e7a f pclsubs.obj
 0001:00041ef9       _do_settimer               11042ef9 f pclsubs.obj
 0001:00042047       _check_timers              11043047 f pclsubs.obj
 0001:0004226b       _reset_timers              1104326b f pclsubs.obj
 0001:00042562       _rt_comboverify            11043562 f pclsubs.obj
 0001:0004293c       _rt_combofield             1104393c f pclsubs.obj
 0001:00042fdd       _rt_display                11043fdd f pclsubs.obj
 0001:00043111       _rt_undisplay              11044111 f pclsubs.obj
 0001:00043251       _rt_collect                11044251 f pclsubs.obj
 0001:0004331c       _rt_combopick              1104431c f pclsubs.obj
 0001:00043743       _make_mlfield              11044743 f pclsubs.obj
 0001:00043830       _show_picklist             11044830 f picklist.obj
 0001:00043a83       _PickScrollProc@16         11044a83 f picklist.obj
 0001:00043c06       _remove_picklist           11044c06 f picklist.obj
 0001:00043e69       _do_picklist               11044e69 f picklist.obj
 0001:00044004       _display_picklist          11045004 f picklist.obj
 0001:00044c08       _val_picklist              11045c08 f picklist.obj
 0001:00044f3b       _plproc                    11045f3b f picklist.obj
 0001:00046786       _pl_drawcontrol            11047786 f picklist.obj
 0001:00046940       _callout_key_filter        11047940 f picklist.obj
 0001:00046b8a       _pl_reverse                11047b8a f picklist.obj
 0001:00046dcc       _pl_drawstring             11047dcc f picklist.obj
 0001:00046f2e       _ctl_under_pick            11047f2e f picklist.obj
 0001:00047030       _ramalloc                  11048030 f ramalloc.obj
 0001:000472c0       _rt                        110482c0 f rt.obj
 0001:000475a9       _post_cleanup              110485a9 f rt.obj
 0001:00047707       _titlescreen               11048707 f rt.obj
 0001:00047a67       _initialize                11048a67 f rt.obj
 0001:00048586       _reset_exit                11049586 f rt.obj
 0001:00048609       _math_error                11049609 f rt.obj
 0001:0004863d       _init_field                1104963d f rt.obj
 0001:00048696       _setup_keyboard_input      11049696 f rt.obj
 0001:000486a1       _setup_common_fields       110496a1 f rt.obj
 0001:000487d7       _setup_hardware_type       110497d7 f rt.obj
 0001:0004883f       _init_errfyi               1104983f f rt.obj
 0001:0004890a       _required_field            1104990a f rt.obj
 0001:000489c3       _onechar_setup             110499c3 f rt.obj
 0001:000489ce       _onechar_terminate         110499ce f rt.obj
 0001:000489d9       _rt_set_palette            110499d9 f rt.obj
 0001:00048a2c       _never_call_this           11049a2c f rt.obj
 0001:00049105       _ToolsInit                 1104a105 f rt.obj
 0001:00049375       _ToolsReInit               1104a375 f rt.obj
 0001:0004941c       _ToolsClose                1104a41c f rt.obj
 0001:00049431       _ToolsOpenRTwindow         1104a431 f rt.obj
 0001:00049567       _ToolsCloseRTwindow        1104a567 f rt.obj
 0001:00049592       _ToolsInitColor            1104a592 f rt.obj
 0001:0004970b       _MosaicOA                  1104a70b f rt.obj
 0001:00049870       _recordcount               1104a870 f rtable.obj
 0001:000498ce       _setrecord                 1104a8ce f rtable.obj
 0001:00049983       _appendfields              1104a983 f rtable.obj
 0001:0004a14f       _rtaddfield                1104b14f f rtable.obj
 0001:0004a2ba       _rtaddarray                1104b2ba f rtable.obj
 0001:0004a525       _extractfields             1104b525 f rtable.obj
 0001:0004aaa4       _rtgetallfields            1104baa4 f rtable.obj
 0001:0004ac4c       _rtgetfield                1104bc4c f rtable.obj
 0001:0004af3b       _rtgetarray                1104bf3b f rtable.obj
 0001:0004b1a2       _fieldcriteria             1104c1a2 f rtable.obj
 0001:0004b231       _listcriteria              1104c231 f rtable.obj
 0001:0004bbc5       _buildcriteria             1104cbc5 f rtable.obj
 0001:0004c540       _rtdereference             1104d540 f rtable.obj
 0001:0004c583       _rt_get_ail                1104d583 f rtable.obj
 0001:0004c6e0       _DllMain@12                1104d6e0 f rtdll.obj
 0001:0004c770       __lstrMyCmp                1104d770 f rtfonts.obj
 0001:0004c7e1       _rt_drawtext               1104d7e1 f rtfonts.obj
 0001:0004d005       _point2pix                 1104e005 f rtfonts.obj
 0001:0004d034       _fontfromcache             1104e034 f rtfonts.obj
 0001:0004d0dd       _fonttocache               1104e0dd f rtfonts.obj
 0001:0004d1a9       _fontdelcache              1104e1a9 f rtfonts.obj
 0001:0004d205       _selectfont                1104e205 f rtfonts.obj
 0001:0004dbba       _get_font_handle           1104ebba f rtfonts.obj
 0001:0004dbcf       _getfont                   1104ebcf f rtfonts.obj
 0001:0004dc21       _getunscaledfont           1104ec21 f rtfonts.obj
 0001:0004dc44       _scaletext                 1104ec44 f rtfonts.obj
 0001:0004dca9       _addiscfonts               1104eca9 f rtfonts.obj
 0001:0004dd41       _InitFontStuff             1104ed41 f rtfonts.obj
 0001:0004ddb1       _TermFonts                 1104edb1 f rtfonts.obj
 0001:0004de20       _openwindow                1104ee20 f rtwindow.obj
 0001:0004def3       _InitApplication           1104eef3 f rtwindow.obj
 0001:0004dfc5       _InitInstance              1104efc5 f rtwindow.obj
 0001:0004e1a7       _mousemove_setcursor       1104f1a7 f rtwindow.obj
 0001:0004e1d7       _ControlProc               1104f1d7 f rtwindow.obj
 0001:0004e678       _rt_clearwindow            1104f678 f rtwindow.obj
 0001:0004e6d6       _WndProc@16                1104f6d6 f rtwindow.obj
 0001:0004f4b8       _do_PCLredraw              110504b8 f rtwindow.obj
 0001:0004f778       _winnt_keycode             11050778 f rtwindow.obj
 0001:0004fd60       _Bell                      11050d60 f rtwindow.obj
 0001:0004fd73       _InitColor                 11050d73 f rtwindow.obj
 0001:0004fe46       _SetRGBColor               11050e46 f rtwindow.obj
 0001:0004ff43       _getdc                     11050f43 f rtwindow.obj
 0001:0004ff80       _setdc                     11050f80 f rtwindow.obj
 0001:0004ffab       _releasedc                 11050fab f rtwindow.obj
 0001:0004ffed       _timerproc                 11050fed f rtwindow.obj
 0001:000503f9       _window_init               110513f9 f rtwindow.obj
 0001:0005046a       _set_physicalsize          1105146a f rtwindow.obj
 0001:000504d9       _set_maxsize               110514d9 f rtwindow.obj
 0001:0005099a       _check_maxsize             1105199a f rtwindow.obj
 0001:00050b3a       _rtwdw_resize              11051b3a f rtwindow.obj
 0001:00050ee5       _ctrl_is_active            11051ee5 f rtwindow.obj
 0001:00050fca       _fieldfromscrap            11051fca f rtwindow.obj
 0001:000510fb       _fieldtoscrap              110520fb f rtwindow.obj
 0001:0005125d       _scrap_remove_cr           1105225d f rtwindow.obj
 0001:000512be       _scrap_add_cr              110522be f rtwindow.obj
 0001:00051360       _GetPersonality            11052360 f rtwindow.obj
 0001:00051b6b       _GetColorsFromINIFile      11052b6b f rtwindow.obj
 0001:00051f95       _getSysPal                 11052f95 f rtwindow.obj
 0001:000520c3       _getSystemColors           110530c3 f rtwindow.obj
 0001:00052204       _KeyboardProc@12           11053204 f rtwindow.obj
 0001:00052278       _gsp_event                 11053278 f rtwindow.obj
 0001:0005238a       _get_hwnd_4iba             1105338a f rtwindow.obj
 0001:0005239f       _get_RTs_wndprocaddr       1105339f f rtwindow.obj
 0001:000523b4       _ToolsClearRTsGlobals      110533b4 f rtwindow.obj
 0001:00052490       _getkey                    11053490 f single.obj
 0001:00052620       _rt_wait                   11053620 f synch.obj
 0001:000528bc       _t_waitcompletion@16       110538bc f synch.obj
 0001:000528e8       _t_reset@16                110538e8 f synch.obj
 0001:00052921       _t_key@16                  11053921 f synch.obj
 0001:0005295a       _rt_signal                 1105395a f synch.obj
 0001:00052980       _TEActivate                11053980 f textedit.obj
 0001:000529d4       _TEDeactivate              110539d4 f textedit.obj
 0001:00052a3a       _TESetSelect               11053a3a f textedit.obj
 0001:00052a7f       _TEGetSelect               11053a7f f textedit.obj
 0001:00052ae0       _TEGetText                 11053ae0 f textedit.obj
 0001:00052b56       _TEAvailable               11053b56 f textedit.obj
 0001:00052c75       _TECtrl2window             11053c75 f textedit.obj
 0001:00052ce9       _TEProc@16                 11053ce9 f textedit.obj
 0001:00053447       _TESelView                 11054447 f textedit.obj
 0001:00053473       _TEAutoWrap                11054473 f textedit.obj
 0001:0005347e       _TESetJust                 1105447e f textedit.obj
 0001:00053489       _TELeading                 11054489 f textedit.obj
 0001:00053494       _TEKey                     11054494 f textedit.obj
 0001:000537a6       _TEActivated               110547a6 f textedit.obj
 0001:000537dc       _TEDelete                  110547dc f textedit.obj
 0001:0005381b       _TECut                     1105481b f textedit.obj
 0001:0005385f       _TECopy                    1105485f f textedit.obj
 0001:000538a3       _TEPaste                   110548a3 f textedit.obj
 0001:000538f4       _TEUpdate                  110548f4 f textedit.obj
 0001:000539b7       _TENew                     110549b7 f textedit.obj
 0001:00053e45       _TEDispose                 11054e45 f textedit.obj
 0001:00053eab       _TESetText                 11054eab f textedit.obj
 0001:00053f1d       _GetStretchFieldInfo       11054f1d f textedit.obj
 0001:00053ff2       _TEVisLine                 11054ff2 f textedit.obj
 0001:0005426d       _TEClick                   1105526d f textedit.obj
 0001:0005441b       _TESetColor                1105541b f textedit.obj
 0001:000545a7       _TEButtonUp                110555a7 f textedit.obj
 0001:00054619       _TEPasteSetup              11055619 f textedit.obj
 0001:000548e9       _TEGetPasteString          110558e9 f textedit.obj
 0001:00054919       _TEChange                  11055919 f textedit.obj
 0001:000549e3       _TECopytoClip              110559e3 f textedit.obj
 0001:00054aa0       _LocalTextWidth            11055aa0 f windoman.obj
 0001:00054b31       _LocalCharWidth            11055b31 f windoman.obj
 0001:00054b5b       _StringWidth               11055b5b f windoman.obj
 0001:00054b9c       _LocalStringWidth          11055b9c f windoman.obj
 0001:00054bd1       _LocalTextWidHit           11055bd1 f windoman.obj
 0001:00054cf9       _BlockMove                 11055cf9 f windoman.obj
 0001:00054d18       _HiWord                    11055d18 f windoman.obj
 0001:00054d2e       _LoWord                    11055d2e f windoman.obj
 0001:00054d46       _ClipRectSect              11055d46 f windoman.obj
 0001:00054d86       _SetClip                   11055d86 f windoman.obj
 0001:00054dca       _LocalGetClip              11055dca f windoman.obj
 0001:00054e4a       _ClipRect                  11055e4a f windoman.obj
 0001:00054f4e       _DrawControl               11055f4e f windoman.obj
 0001:00054f63       _StringLen                 11055f63 f windoman.obj
 0001:00054f7f       _ValidRect                 11055f7f f windoman.obj
 0001:00054ff9       _SetWTitle                 11055ff9 f windoman.obj
 0001:00055012       _PenMode                   11056012 f windoman.obj
 0001:00055026       _PenSize                   11056026 f windoman.obj
 0001:00055045       _PenPat                    11056045 f windoman.obj
 0001:0005505a       _PenNormal                 1105605a f windoman.obj
 0001:00055085       _ShowControl               11056085 f windoman.obj
 0001:000550c8       _HideControl               110560c8 f windoman.obj
 0001:000550eb       _HideControlNoInval        110560eb f windoman.obj
 0001:000550f6       _HiliteControl             110560f6 f windoman.obj
 0001:000551e7       _GetCtlValue               110561e7 f windoman.obj
 0001:00055273       _SetCtlValue               11056273 f windoman.obj
 0001:00055334       _InvalRect                 11056334 f windoman.obj
 0001:000553b0       _SectRect                  110563b0 f windoman.obj
 0001:000553d2       _TextFont                  110563d2 f windoman.obj
 0001:000553e7       _TextFace                  110563e7 f windoman.obj
 0001:000553fc       _TextSize                  110563fc f windoman.obj
 0001:00055411       _TextMode                  11056411 f windoman.obj
 0001:00055426       _EraseRect                 11056426 f windoman.obj
 0001:00055493       _ScrollRect                11056493 f windoman.obj
 0001:00055517       _ForeColor                 11056517 f windoman.obj
 0001:00055569       _BackColor                 11056569 f windoman.obj
 0001:000555bb       _IsCtlActive               110565bb f windoman.obj
 0001:000555ee       _PackBits                  110565ee f windoman.obj
 0001:000557d5       _UnpackBits                110567d5 f windoman.obj
 0001:00055910       _winmenu                   11056910 f winmenu.obj
 0001:00056ede       _append_pdm                11057ede f winmenu.obj
 0001:000572bf       _delete_pdmenu             110582bf f winmenu.obj
 0001:0005739d       _delete_pdm                1105839d f winmenu.obj
 0001:00057586       _winmenu_action            11058586 f winmenu.obj
 0001:00057816       _winmenu_keyaction         11058816 f winmenu.obj
 0001:00057ae4       _PDM_find_by_hpdmenu       11058ae4 f winmenu.obj
 0001:00057eac       _set_hmenu                 11058eac f winmenu.obj
 0001:00057ed2       _pdm_init                  11058ed2 f winmenu.obj
 0001:00057f29       _pdm_exit                  11058f29 f winmenu.obj
 0001:0005802d       _winmenu_menu_key          1105902d f winmenu.obj
 0001:00058226       _DdeGetLastError@4         11059226 f user32:USER32.dll
 0001:0005822c       _DdeGetData@16             1105922c f user32:USER32.dll
 0001:00058232       _DdeQueryStringA@20        11059232 f user32:USER32.dll
 0001:00058238       _DdeFreeDataHandle@4       11059238 f user32:USER32.dll
 0001:0005823e       _DdeInitializeA@16         1105923e f user32:USER32.dll
 0001:00058244       _DdeFreeStringHandle@8     11059244 f user32:USER32.dll
 0001:0005824a       _DdeConnectList@20         1105924a f user32:USER32.dll
 0001:00058250       _DdeConnect@16             11059250 f user32:USER32.dll
 0001:00058256       _DdeCreateStringHandleA@12 11059256 f user32:USER32.dll
 0001:0005825c       _DdeClientTransaction@32   1105925c f user32:USER32.dll
 0001:00058262       _DdeNameService@16         11059262 f user32:USER32.dll
 0001:00058268       _DdePostAdvise@12          11059268 f user32:USER32.dll
 0001:0005826e       _DdeCreateDataHandle@28    1105926e f user32:USER32.dll
 0001:00058274       _DdeDisconnect@4           11059274 f user32:USER32.dll
 0001:0005827a       _DdeAbandonTransaction@12  1105927a f user32:USER32.dll
 0001:00058280       _DdeEnableCallback@12      11059280 f user32:USER32.dll
 0001:00058286       _DdeUninitialize@4         11059286 f user32:USER32.dll
 0001:0005828c       _DdeQueryNextServer@8      1105928c f user32:USER32.dll
 0001:00058292       _DdeCmpStringHandles@8     11059292 f user32:USER32.dll
 0001:00058298       _DdeQueryConvInfo@12       11059298 f user32:USER32.dll
 0001:0005829e       _SetJobA@20                1105929e f winspool:WINSPOOL.DRV
 0001:000582a4       _OpenPrinterA@12           110592a4 f winspool:WINSPOOL.DRV
 0001:000582aa       _GetPrinterA@20            110592aa f winspool:WINSPOOL.DRV
 0001:000582b0       _DocumentPropertiesA@24    110592b0 f winspool:WINSPOOL.DRV
 0001:000582b6       _ClosePrinter@4            110592b6 f winspool:WINSPOOL.DRV
 0001:000582bc       _GetJobA@24                110592bc f winspool:WINSPOOL.DRV
 0001:000582c2       _EnumJobsA@32              110592c2 f winspool:WINSPOOL.DRV
 0001:000582d0       _Cds_Initial_with_ccb      110592d0 f client:clcdinit.obj
 0001:0005838d       _Cds_Initial               1105938d f client:clcdinit.obj
 0001:000583de       _Cds_Init                  110593de f client:clcdinit.obj
 0001:0005840f       _clAllocCDSEnv             1105940f f client:clcdinit.obj
 0001:00058641       _clAllocEnv                11059641 f client:clcdinit.obj
 0001:00058665       _clFreeEnv                 11059665 f client:clcdinit.obj
 0001:00058790       _reportevent               11059790 f client:clstubs.obj
 0001:00058900       _debug_event               11059900 f client:clstubs.obj
 0001:0005892a       _SetConnectOption          1105992a f client:clstubs.obj
 0001:00058959       _SetStmtOption             11059959 f client:clstubs.obj
 0001:00058988       _GetConnectOption          11059988 f client:clstubs.obj
 0001:000589b3       _GetStmtOption             110599b3 f client:clstubs.obj
 0001:000589de       _cds_select                110599de f client:clstubs.obj
 0001:00058a8e       _cds_selectnfetch          11059a8e f client:clstubs.obj
 0001:00058b67       _Cds_Select                11059b67 f client:clstubs.obj
 0001:00058bba       _Cds_SelectnFetch          11059bba f client:clstubs.obj
 0001:00058c12       _cds_join                  11059c12 f client:clstubs.obj
 0001:00058ca6       _Cds_Join                  11059ca6 f client:clstubs.obj
 0001:00058cf9       _Cds_End_Select            11059cf9 f client:clstubs.obj
 0001:00058d74       _Cds_Cancel_Scan           11059d74 f client:clstubs.obj
 0001:00058e03       _Cds_Remote_Cancel_Scan    11059e03 f client:clstubs.obj
 0001:00058e43       _Cds_Unlock                11059e43 f client:clstubs.obj
 0001:00058e8c       _Cds_Compress              11059e8c f client:clstubs.obj
 0001:00058f1f       _Cds_Delete                11059f1f f client:clstubs.obj
 0001:0005902e       _Cds_Delete_All            1105a02e f client:clstubs.obj
 0001:00059135       _cds_update                1105a135 f client:clstubs.obj
 0001:00059273       _Cds_Insert                1105a273 f client:clstubs.obj
 0001:0005929d       _Cds_Replace               1105a29d f client:clstubs.obj
 0001:000592c7       _Cds_Update_Flds           1105a2c7 f client:clstubs.obj
 0001:000592f1       _cdsBatchInsert            1105a2f1 f client:clstubs.obj
 0001:00059490       _Cds_Update_All            1105a490 f client:clstubs.obj
 0001:000595f0       _cds_fetch                 1105a5f0 f client:clstubs.obj
 0001:0005976e       _Cds_Find_First            1105a76e f client:clstubs.obj
 0001:00059794       _Cds_Find_Last             1105a794 f client:clstubs.obj
 0001:000597ba       _Cds_Find_Next             1105a7ba f client:clstubs.obj
 0001:000597e0       _Cds_Find_Prev             1105a7e0 f client:clstubs.obj
 0001:00059806       _CdsFindn                  1105a806 f client:clstubs.obj
 0001:000598ed       _Cds_Find_n                1105a8ed f client:clstubs.obj
 0001:00059913       _Cds_Project               1105a913 f client:clstubs.obj
 0001:00059983       _Cds_Fetch_Again           1105a983 f client:clstubs.obj
 0001:000599d0       _Cds_Lock_Table            1105a9d0 f client:clstubs.obj
 0001:00059b3a       _Cds_Unlock_Table          1105ab3a f client:clstubs.obj
 0001:00059b62       _Cds_Table_Size            1105ab62 f client:clstubs.obj
 0001:00059bcd       _Cds_Server_Names          1105abcd f client:clstubs.obj
 0001:00059c36       _sv_who                    1105ac36 f client:clstubs.obj
 0001:00059c7f       _Cds_Tables                1105ac7f f client:clstubs.obj
 0001:00059cc4       _cdsStop                   1105acc4 f client:clstubs.obj
 0001:00059d25       _sv_stop                   1105ad25 f client:clstubs.obj
 0001:00059dee       _open_capture              1105adee f client:clstubs.obj
 0001:00059ea0       _close_capture             1105aea0 f client:clstubs.obj
 0001:00059f52       _Cds_Files                 1105af52 f client:clstubs.obj
 0001:00059f97       _cdsync                    1105af97 f client:clstubs.obj
 0001:0005a001       _Cds_Reset_Log             1105b001 f client:clstubs.obj
 0001:0005a048       _Cds_Create_Table          1105b048 f client:clstubs.obj
 0001:0005a2f9       _Cds_Alter_Table           1105b2f9 f client:clstubs.obj
 0001:0005a3ad       _Cds_Rename_Table          1105b3ad f client:clstubs.obj
 0001:0005a510       _Cds_Copy_Table_Def        1105b510 f client:clstubs.obj
 0001:0005b540       _Cds_Drop_Table            1105c540 f client:clstubs.obj
 0001:0005b629       _Cds_Create_Index          1105c629 f client:clstubs.obj
 0001:0005b70a       _Cds_Drop_Index            1105c70a f client:clstubs.obj
 0001:0005b7e3       _Cds_Begin_Work            1105c7e3 f client:clstubs.obj
 0001:0005b836       _Cds_Commit                1105c836 f client:clstubs.obj
 0001:0005b943       _Cds_2_Phase_Commit        1105c943 f client:clstubs.obj
 0001:0005b985       _Cds_Rollback              1105c985 f client:clstubs.obj
 0001:0005bb55       _cdsnwselect               1105cb55 f client:clstubs.obj
 0001:0005bbe4       _cdsnwSelect               1105cbe4 f client:clstubs.obj
 0001:0005bc26       _cdsnwjoin                 1105cc26 f client:clstubs.obj
 0001:0005bcb3       _cdsnwJoin                 1105ccb3 f client:clstubs.obj
 0001:0005bcf1       _cdsnwEnd_Select           1105ccf1 f client:clstubs.obj
 0001:0005bd6b       _cdsnwUnlock               1105cd6b f client:clstubs.obj
 0001:0005bdc6       _cdsnwDelete               1105cdc6 f client:clstubs.obj
 0001:0005be78       _cdsnwDelete_All           1105ce78 f client:clstubs.obj
 0001:0005bf2a       _cdsnwUpdate               1105cf2a f client:clstubs.obj
 0001:0005c00e       _cdsnwInsert               1105d00e f client:clstubs.obj
 0001:0005c038       _cdsnwReplace              1105d038 f client:clstubs.obj
 0001:0005c062       _cdsnwUpdate_Flds          1105d062 f client:clstubs.obj
 0001:0005c08c       _cdsnwUpdate_All           1105d08c f client:clstubs.obj
 0001:0005c14f       _cdsnw_fetch               1105d14f f client:clstubs.obj
 0001:0005c1db       _cdsnwFind_First           1105d1db f client:clstubs.obj
 0001:0005c201       _cdsnwFind_Last            1105d201 f client:clstubs.obj
 0001:0005c227       _cdsnwFind_Next            1105d227 f client:clstubs.obj
 0001:0005c24d       _cdsnwFind_Prev            1105d24d f client:clstubs.obj
 0001:0005c273       _cdsnwFind_n               1105d273 f client:clstubs.obj
 0001:0005c2d6       _cdsnwFindn                1105d2d6 f client:clstubs.obj
 0001:0005c2fa       _cdsnw_Project             1105d2fa f client:clstubs.obj
 0001:0005c359       _become_primary            1105d359 f client:clstubs.obj
 0001:0005c740       _cdsPop                    1105d740 f client:clmultis.obj
 0001:0005c9d2       _cdsClearStack             1105d9d2 f client:clmultis.obj
 0001:0005c9f6       _cdsPush                   1105d9f6 f client:clmultis.obj
 0001:0005cc63       _no_table                  1105dc63 f client:clmultis.obj
 0001:0005cc8a       _add_to_tab_list           1105dc8a f client:clmultis.obj
 0001:0005ce08       _cltab_list                1105de08 f client:clmultis.obj
 0001:0005cf2d       _find_cltab                1105df2d f client:clmultis.obj
 0001:0005d0e3       _remove_cltab              1105e0e3 f client:clmultis.obj
 0001:0005d18e       _new_clconnect             1105e18e f client:clmultis.obj
 0001:0005d28d       _find_ccb                  1105e28d f client:clmultis.obj
 0001:0005d396       _isConnected               1105e396 f client:clmultis.obj
 0001:0005d431       _find_coordinator          1105e431 f client:clmultis.obj
 0001:0005d542       _remove_clconnect          1105e542 f client:clmultis.obj
 0001:0005d619       _close_all_clconnects      1105e619 f client:clmultis.obj
 0001:0005d69d       _close_clconnect           1105e69d f client:clmultis.obj
 0001:0005d907       _close_cds_connect         1105e907 f client:clmultis.obj
 0001:0005d94f       _find_clcontext            1105e94f f client:clmultis.obj
 0001:0005da2d       _find_clcontext_in_ccb     1105ea2d f client:clmultis.obj
 0001:0005db02       _find_clcontext_by_rptr    1105eb02 f client:clmultis.obj
 0001:0005dbb1       _remove_clcontext          1105ebb1 f client:clmultis.obj
 0001:0005dc7e       _remove_contexts_on_table  1105ec7e f client:clmultis.obj
 0001:0005dd59       _rm_tbl_clcontext          1105ed59 f client:clmultis.obj
 0001:0005dd94       _remove_clcontexts         1105ed94 f client:clmultis.obj
 0001:0005de4d       _rm_all_clcontexts         1105ee4d f client:clmultis.obj
 0001:0005de95       _get_clcontext             1105ee95 f client:clmultis.obj
 0001:0005e1cb       _get_join_context          1105f1cb f client:clmultis.obj
 0001:0005e51d       _isolate_tab_name          1105f51d f client:clmultis.obj
 0001:0005e574       _end_clluw                 1105f574 f client:clmultis.obj
 0001:0005e602       _two_phase_commit          1105f602 f client:clmultis.obj
 0001:0005e7c9       _complete_the_action       1105f7c9 f client:clmultis.obj
 0001:0005e96d       _list_clcontexts           1105f96d f client:clmultis.obj
 0001:0005ea60       _cds_errmsg                1105fa60 f client:clcdserr.obj
 0001:0005ea7a       _cdsErrMsg                 1105fa7a f client:clcdserr.obj
 0001:0005eac7       _CdsErrNo                  1105fac7 f client:clcdserr.obj
 0001:0005eb10       _intFromErrMsg             1105fb10 f client:clcdserr.obj
 0001:0005ec33       _int_from_errmsg           1105fc33 f client:clcdserr.obj
 0001:0005ed2a       _clseterr                  1105fd2a f client:clcdserr.obj
 0001:0005ee35       _clsetswerr                1105fe35 f client:clcdserr.obj
 0001:0005eed0       _clrun                     1105fed0 f client:clrun.obj
 0001:0005f570       _clnwrun                   11060570 f client:clrun.obj
 0001:0005f5ad       _clwait                    110605ad f client:clrun.obj
 0001:0005f8f0       _clUnregisterClass         110608f0 f client:clinit.obj
 0001:0005f92d       _clwindow                  1106092d f client:clinit.obj
 0001:0005fba3       _cds_udp_port              11060ba3 f client:clinit.obj
 0001:0005fdf8       _clinit_inner              11060df8 f client:clinit.obj
 0001:00060639       _cdsInit                   11061639 f client:clinit.obj
 0001:0006066f       _cdsInitCcb                1106166f f client:clinit.obj
 0001:000606b5       _cdsPing_inner             110616b5 f client:clinit.obj
 0001:000607af       _cdsPing                   110617af f client:clinit.obj
 0001:00060840       _create_clrb               11061840 f client:clrb.obj
 0001:00060911       _find_clrb                 11061911 f client:clrb.obj
 0001:000609c5       _destroy_clrb              110619c5 f client:clrb.obj
 0001:00060a22       _release_clrb              11061a22 f client:clrb.obj
 0001:00060a8e       _close_connect_clrbs       11061a8e f client:clrb.obj
 0001:00060b70       _cldbgsbuf                 11061b70 f client:cldebug.obj
 0001:00060b89       _cldbgscomm                11061b89 f client:cldebug.obj
 0001:00060b9b       _cldbgsfunc                11061b9b f client:cldebug.obj
 0001:00060bad       _cldbgsall                 11061bad f client:cldebug.obj
 0001:00060bc6       _clerrinit                 11061bc6 f client:cldebug.obj
 0001:00060c86       _cldbgubuf                 11061c86 f client:cldebug.obj
 0001:00060c9f       _cldbgucomm                11061c9f f client:cldebug.obj
 0001:00060cb1       _cldbgufunc                11061cb1 f client:cldebug.obj
 0001:00060cc3       _cldbguall                 11061cc3 f client:cldebug.obj
 0001:00060ce0       _clpack                    11061ce0 f client:clpack.obj
 0001:000612c0       _clunpack                  110622c0 f client:clunpack.obj
 0001:000617e0       _clstatinit                110627e0 f client:clstat.obj
 0001:0006182b       _clsetstats                1106282b f client:clstat.obj
 0001:0006186a       _clusetstats               1106286a f client:clstat.obj
 0001:00061880       _clsvsetup                 11062880 f client:clsvfunc.obj
 0001:00061b30       _cmgetenv                  11062b30 f cm:cmgetenv.obj
 0001:00061bdb       _cmenvfile_name            11062bdb f cm:cmgetenv.obj
 0001:00061c40       _type_name                 11062c40 f cm:cmprint.obj
 0001:00061d63       _cmprint                   11062d63 f cm:cmprint.obj
 0001:000623ed       _cdsprint                  110633ed f cm:cmprint.obj
 0001:00062430       _cmstats_init              11063430 f cm:cmstat.obj
 0001:000626f0       _s_stat                    110636f0 f cm:cmstat.obj
 0001:000628ae       _cmstats_print             110638ae f cm:cmstat.obj
 0001:00063170       _cmfind_element            11064170 f cm:cmfield.obj
 0001:00063374       _cmdereference             11064374 f cm:cmfield.obj
 0001:000635e9       _cmfield                   110645e9 f cm:cmfield.obj
 0001:00063868       _cm_append_field           11064868 f cm:cmfield.obj
 0001:00063c35       _cm_append_array_hdr       11064c35 f cm:cmfield.obj
 0001:00063dac       _cm_append_element         11064dac f cm:cmfield.obj
 0001:00063f02       _import_CDS_indirect       11064f02 f cm:cmfield.obj
 0001:00064150       _cmbufenough               11065150 f cm:cmbuf.obj
 0001:00064254       _cmbreget                  11065254 f cm:cmbuf.obj
 0001:0006431e       _cmbufdump                 1106531e f cm:cmbuf.obj
 0001:000643c0       _cmgetebuf                 110653c0 f cm:cmbuf.obj
 0001:0006452e       _cmrelbuf                  1106552e f cm:cmbuf.obj
 0001:000645df       _cmfreebuf                 110655df f cm:cmbuf.obj
 0001:0006463a       _cmbufp                    1106563a f cm:cmbuf.obj
 0001:00064670       _cmsend                    11065670 f cm:cmsend.obj
 0001:00064890       _cmwait                    11065890 f cm:cmrecv.obj
 0001:00064b6a       _cmrecv                    11065b6a f cm:cmrecv.obj
 0001:00065590       _chkmtype                  11066590 f cm:cmchk.obj
 0001:00065630       _comm_ck_alloc             11066630 f comm:cm_subs.obj
 0001:00065724       _comm_ck_talloc            11066724 f comm:cm_subs.obj
 0001:000657ae       _comm_adj_ptrs             110667ae f comm:cm_subs.obj
 0001:000658c1       _comm_ptr                  110668c1 f comm:cm_subs.obj
 0001:0006598c       _comm_trim                 1106698c f comm:cm_subs.obj
 0001:00065b7b       _comm_ck_rcv               11066b7b f comm:cm_subs.obj
 0001:00065c34       _comm_errmsg               11066c34 f comm:cm_subs.obj
 0001:00065c8c       _comm_log                  11066c8c f comm:cm_subs.obj
 0001:00065d00       _comm_init_pplus           11066d00 f comm:cm_pplus.obj
 0001:00066286       _comm_pplus_event          11067286 f comm:cm_pplus.obj
 0001:000667b5       _comm_send_data            110677b5 f comm:cm_pplus.obj
 0001:000669a9       _comm_send_confirm         110679a9 f comm:cm_pplus.obj
 0001:00066a2b       _comm_send_comreq          11067a2b f comm:cm_pplus.obj
 0001:00066b33       _comm_allocate             11067b33 f comm:cm_pplus.obj
 0001:00066c34       _comm_deallocate           11067c34 f comm:cm_pplus.obj
 0001:00066cc0       _comm_setresource          11067cc0 f comm:cm_ev.obj
 0001:00066e29       _comm_waitformsg           11067e29 f comm:cm_ev.obj
 0001:00066f6d       _comm_dispatch_events      11067f6d f comm:cm_ev.obj
 0001:00066f84       _comm_hold_events          11067f84 f comm:cm_ev.obj
 0001:00066fcd       _comm_run_event            11067fcd f comm:cm_ev.obj
 0001:00067218       _comm_set_event            11068218 f comm:cm_ev.obj
 0001:000672aa       _comm_cleanup              110682aa f comm:cm_ev.obj
 0001:000672db       _comm_wait_msgque          110682db f comm:cm_ev.obj
 0001:00067326       _comm_release_msgque       11068326 f comm:cm_ev.obj
 0001:00067344       _comm_event_active         11068344 f comm:cm_ev.obj
 0001:00067370       _comm_match                11068370 f comm:cm_match.obj
 0001:00067520       _comm_get_de_edit          11068520 f comm:cm_get.obj
 0001:00067535       _comm_get                  11068535 f comm:cm_get.obj
 0001:000677f0       _comm_put                  110687f0 f comm:cm_put.obj
 0001:00067b00       _crt_check                 11068b00 f comm:cm_crt.obj
 0001:00067b61       _crt_buffer                11068b61 f comm:cm_crt.obj
 0001:00067bfb       _crt_cursor_abs            11068bfb f comm:cm_crt.obj
 0001:00067c3f       _crt_cursor_rel            11068c3f f comm:cm_crt.obj
 0001:00067c7f       _crt_fill                  11068c7f f comm:cm_crt.obj
 0001:00067cd3       _crt_find_attribute        11068cd3 f comm:cm_crt.obj
 0001:00067d54       _crt_field_abs             11068d54 f comm:cm_crt.obj
 0001:00067d94       _crt_field_rel             11068d94 f comm:cm_crt.obj
 0001:00067dd4       _crt_get                   11068dd4 f comm:cm_crt.obj
 0001:00067f10       _crt_kybd_status           11068f10 f comm:cm_crt.obj
 0001:00067f48       _crt_put                   11068f48 f comm:cm_crt.obj
 0001:00068143       _crt_put_buffer            11069143 f comm:cm_crt.obj
 0001:00068341       _crt_test_attribute        11069341 f comm:cm_crt.obj
 0001:00068391       _crt_match                 11069391 f comm:cm_crt.obj
 0001:000684ba       _crt_set_mode              110694ba f comm:cm_crt.obj
 0001:000685d2       _crt_set_window            110695d2 f comm:cm_crt.obj
 0001:000686b0       _crt_get_cursor            110696b0 f comm:cm_crt.obj
 0001:00068720       _comm_init                 11069720 f comm:cm_init.obj
 0001:00068792       _comm_create_rcb           11069792 f comm:cm_init.obj
 0001:00068810       _comm_init_buffers         11069810 f comm:cm_init.obj
 0001:00068900       _comm_init_ptrs            11069900 f comm:cm_ptr.obj
 0001:00068a18       _comm_putptr               11069a18 f comm:cm_ptr.obj
 0001:00068ad1       _comm_getptr               11069ad1 f comm:cm_ptr.obj
 0001:00068b3c       _comm_putat                11069b3c f comm:cm_ptr.obj
 0001:00068bb7       _comm_getat                11069bb7 f comm:cm_ptr.obj
 0001:00068c2e       _comm_cpbuf                11069c2e f comm:cm_ptr.obj
 0001:00068cb0       _comm_init_x25             11069cb0 f comm:cm_x25.obj
 0001:00068cc2       _comm_x25_event            11069cc2 f comm:cm_x25.obj
 0001:00068ce0       _comm_init_cpic            11069ce0 f comm:cm_cpic.obj
 0001:00068cf2       _comm_cpic_event           11069cf2 f comm:cm_cpic.obj
 0001:00068d10       _comm_init_ctc             11069d10 f comm:cm_ctc.obj
 0001:000690a9       _comm_ctc_event            1106a0a9 f comm:cm_ctc.obj
 0001:00069353       _ctcrt_sendapi             1106a353 f comm:cm_ctc.obj
 0001:000693e2       _ctcrt_send_data           1106a3e2 f comm:cm_ctc.obj
 0001:000696a3       _ctcrt_set_mode            1106a6a3 f comm:cm_ctc.obj
 0001:00069709       _ctcrt_set_window          1106a709 f comm:cm_ctc.obj
 0001:00069779       _ctcrt_service             1106a779 f comm:cm_ctc.obj
 0001:000697f1       _ctcrt_topic               1106a7f1 f comm:cm_ctc.obj
 0001:0006986c       _ctcrt_execute             1106a86c f comm:cm_ctc.obj
 0001:0006996a       _ctcrt_poke                1106a96a f comm:cm_ctc.obj
 0001:00069a6c       _ctcrt_request             1106aa6c f comm:cm_ctc.obj
 0001:00069b80       _comm_init_lua             1106ab80 f comm:cm_lua.obj
 0001:00069d18       _comm_lua_event            1106ad18 f comm:cm_lua.obj
 0001:00069ee9       _comm_lua_send             1106aee9 f comm:cm_lua.obj
 0001:0006a170       _comm_to_ebcdic            1106b170 f comm:c_ebc.obj
 0001:0006a292       _comm_from_ebcdic          1106b292 f comm:c_ebc.obj
 0001:0006a3c0       _comm_to_bulk              1106b3c0 f comm:c_bulk.obj
 0001:0006a47e       _comm_from_bulk            1106b47e f comm:c_bulk.obj
 0001:0006a4d0       _comm_to_flag              1106b4d0 f comm:c_flag.obj
 0001:0006a5f3       _comm_from_flag            1106b5f3 f comm:c_flag.obj
 0001:0006a690       _comm_to_sebc              1106b690 f comm:c_sebc.obj
 0001:0006a844       _comm_from_sebc            1106b844 f comm:c_sebc.obj
 0001:0006a9a0       _comm_to_user              1106b9a0 f comm:c_user.obj
 0001:0006aabb       _comm_from_user            1106babb f comm:c_user.obj
 0001:0006ac70       _comm_to_ascii_enc_hex     1106bc70 f comm:c_aeh.obj
 0001:0006ade3       _comm_from_ascii_enc_hex   1106bde3 f comm:c_aeh.obj
 0001:0006ae90       _comm_to_binary            1106be90 f comm:c_bin.obj
 0001:0006b308       _comm_from_binary          1106c308 f comm:c_bin.obj
 0001:0006b800       _comm_to_bcd               1106c800 f comm:c_bcd.obj
 0001:0006ba98       _comm_from_bcd             1106ca98 f comm:c_bcd.obj
 0001:0006bcd0       _comm_to_ascii             1106ccd0 f comm:c_ascii.obj
 0001:0006bdbd       _comm_from_ascii           1106cdbd f comm:c_ascii.obj
 0001:0006bec0       _comm_load_xlate           1106cec0 f comm:cm_xlt.obj
 0001:0006c6ee       _cs_log                    1106d6ee f cslib:cslib.dll
 0001:0006c6f4       _cs_init                   1106d6f4 f cslib:cslib.dll
 0001:0006c6fa       _cs_config                 1106d6fa f cslib:cslib.dll
 0001:0006c700       _cs_net_info               1106d700 f cslib:cslib.dll
 0001:0006c706       _cs_set_options            1106d706 f cslib:cslib.dll
 0001:0006c70c       _cs_allocate               1106d70c f cslib:cslib.dll
 0001:0006c712       _cs_cfgres                 1106d712 f cslib:cslib.dll
 0001:0006c718       _cs_data                   1106d718 f cslib:cslib.dll
 0001:0006c71e       _csget_sesstat             1106d71e f cslib:cslib.dll
 0001:0006c724       _cs_confirm                1106d724 f cslib:cslib.dll
 0001:0006c72a       _cs_com                    1106d72a f cslib:cslib.dll
 0001:0006c730       _cs_deallocate             1106d730 f cslib:cslib.dll
 0001:0006c736       _cs_sendapi                1106d736 f cslib:cslib.dll
 0001:0006c740       _ddaget                    1106d740 f dataman:ddread.obj
 0001:0006c87c       _ddresetopt                1106d87c f dataman:ddread.obj
 0001:0006c890       _ddget                     1106d890 f dataman:ddread.obj
 0001:0006d552       _ddgetrec                  1106e552 f dataman:ddread.obj
 0001:0006d62f       _ddgetitemidx              1106e62f f dataman:ddread.obj
 0001:0006d861       _load_refs                 1106e861 f dataman:ddread.obj
 0001:0006de76       _ddgetstat                 1106ee76 f dataman:ddread.obj
 0001:0006e13a       _fldstosize                1106f13a f dataman:ddread.obj
 0001:0006e1e3       _fldobjcount               1106f1e3 f dataman:ddread.obj
 0001:0006e2a1       _flddupptr                 1106f2a1 f dataman:ddread.obj
 0001:0006e2c3       _ddclosestobj              1106f2c3 f dataman:ddread.obj
 0001:0006e470       _ddarraysize               1106f470 f dataman:ddread.obj
 0001:0006e4e3       _ddgetrowcol               1106f4e3 f dataman:ddread.obj
 0001:0006e710       _ddapplname                1106f710 f dataman:ddname.obj
 0001:0006e7e8       _ddname                    1106f7e8 f dataman:ddname.obj
 0001:0006e94a       _dddictname                1106f94a f dataman:ddname.obj
 0001:0006e980       _ddgetbyname               1106f980 f dataman:ddname.obj
 0001:0006ea70       _ddapplindex               1106fa70 f dataman:ddindex.obj
 0001:0006eb9b       _ddindex                   1106fb9b f dataman:ddindex.obj
 0001:0006eca8       _dddictindex               1106fca8 f dataman:ddindex.obj
 0001:0006edb0       _ddopen                    1106fdb0 f dataman:dataman.obj
 0001:0006edd2       _ddopenp                   1106fdd2 f dataman:dataman.obj
 0001:0006f3cb       _dictconfig                110703cb f dataman:dataman.obj
 0001:0006f6a8       _dictbldindex              110706a8 f dataman:dataman.obj
 0001:0006f7f9       _ddclose                   110707f9 f dataman:dataman.obj
 0001:0006f8e0       _dict_release              110708e0 f dataman:dataman.obj
 0001:0006faff       _dict_release_item         11070aff f dataman:dataman.obj
 0001:0006fbf8       _ddlastupdate              11070bf8 f dataman:dataman.obj
 0001:0006fc73       _ddcreatetime              11070c73 f dataman:dataman.obj
 0001:0006fcd8       _ddpath                    11070cd8 f dataman:dataman.obj
 0001:0006fd18       _ddapplcount               11070d18 f dataman:dataman.obj
 0001:0006fd5b       _open_dict                 11070d5b f dataman:dataman.obj
 0001:0006fdc4       _ddhashID                  11070dc4 f dataman:dataman.obj
 0001:0006fdfc       _ddgetprojman              11070dfc f dataman:dataman.obj
 0001:0006fe21       _DDspillguts               11070e21 f dataman:dataman.obj
 0001:0006fe51       _ddgetdd                   11070e51 f dataman:dataman.obj
 0001:0006fe76       _dd_cleanup                11070e76 f dataman:dataman.obj
 0001:0006fec0       _cfig_load                 11070ec0 f dataman:cfgrun.obj
 0001:0007016f       _cfig_open                 1107116f f dataman:cfgrun.obj
 0001:000702af       _get_moakeyvalue           110712af f dataman:cfgrun.obj
 0001:0007039f       _get_moacurproj            1107139f f dataman:cfgrun.obj
 0001:000703d0       _local_create_group        110713d0 f dataman:ddlocals.obj
 0001:000704a2       _local_allocate            110714a2 f dataman:ddlocals.obj
 0001:000706b9       _local_deallocate          110716b9 f dataman:ddlocals.obj
 0001:000707a8       _local_deallocate_all      110717a8 f dataman:ddlocals.obj
 0001:00070853       _local_get                 11071853 f dataman:ddlocals.obj
 0001:0007090f       _local_get_by_name         1107190f f dataman:ddlocals.obj
 0001:000709b7       _local_index               110719b7 f dataman:ddlocals.obj
 0001:00070a66       _local_name                11071a66 f dataman:ddlocals.obj
 0001:00070b01       _local_name_by_fp          11071b01 f dataman:ddlocals.obj
 0001:00070b74       _local_set_ddh             11071b74 f dataman:ddlocals.obj
 0001:00070e71       _local_dump_locals         11071e71 f dataman:ddlocals.obj
 0001:00070ff0       _ddininame                 11071ff0 f dataman:ddini.obj
 0001:00071140       _ddgetlist                 11072140 f dataman:ddgetlst.obj
 0001:00071810       _btreeitemindex            11072810 f dataman:ddfmindx.obj
 0001:0007190a       _btreedaddr                1107290a f dataman:ddfmindx.obj
 0001:000719d8       _btreegetbyindex           110729d8 f dataman:ddfmindx.obj
 0001:00071bb0       _convert_ints              11072bb0 f dataman:ddbytrev.obj
 0001:00072e70       _btreegetstat              11073e70 f dataman:ddfmread.obj
 0001:00072f6a       _fmread                    11073f6a f dataman:ddfmread.obj
 0001:00072ff0       _btreeitemname             11073ff0 f dataman:ddfmname.obj
 0001:000730e0       _btreeopen                 110740e0 f dataman:ddfminit.obj
 0001:00073454       _btreequickndx             11074454 f dataman:ddfminit.obj
 0001:00073848       _btreecountitems           11074848 f dataman:ddfminit.obj
 0001:00073a66       _btreebldindex             11074a66 f dataman:ddfminit.obj
 0001:00073c4b       _btreeclose                11074c4b f dataman:ddfminit.obj
 0001:00073d83       _ddbuildfname              11074d83 f dataman:ddfminit.obj
 0001:00073ef0       _ddreload                  11074ef0 f ddmaint:ddreload.obj
 0001:00073fb0       _ddrename                  11074fb0 f ddmaint:ddrename.obj
 0001:00074120       _btreeinsertitem           11075120 f ddmaint:ddfmwrit.obj
 0001:000741ac       _btreeinsert               110751ac f ddmaint:ddfmwrit.obj
 0001:0007444e       _btreedeleteitem           1107544e f ddmaint:ddfmwrit.obj
 0001:00074499       _btreedelete               11075499 f ddmaint:ddfmwrit.obj
 0001:00074694       _btreeputstat              11075694 f ddmaint:ddfmwrit.obj
 0001:0007486f       _fmwrite                   1107586f f ddmaint:ddfmwrit.obj
 0001:000748f9       _btreewrite                110758f9 f ddmaint:ddfmwrit.obj
 0001:00074be0       _ddsetsignal               11075be0 f ddmaint:ddsignal.obj
 0001:00074c1a       _dd_inc_update             11075c1a f ddmaint:ddsignal.obj
 0001:00074c2b       _dd_dec_update             11075c2b f ddmaint:ddsignal.obj
 0001:00074d30       _ddput                     11075d30 f ddmaint:ddwrite.obj
 0001:000759bd       _dddel                     110769bd f ddmaint:ddwrite.obj
 0001:00075d0a       _ddputstat                 11076d0a f ddmaint:ddwrite.obj
 0001:00076079       _ddsaveqck                 11077079 f ddmaint:ddwrite.obj
 0001:00076a50       _btreerename               11077a50 f ddmaint:ddfmren.obj
 0001:00076da0       _ddaddappl                 11077da0 f ddmaint:ddmaint.obj
 0001:00077056       _ddidentical               11078056 f ddmaint:ddmaint.obj
 0001:00077fa4       _legalname                 11078fa4 f ddmaint:ddmaint.obj
 0001:00078600       _deccmp                    11079600 f decmath:DECCMP.OBJ
 0001:00078880       _decadd                    11079880 f decmath:DECADD.OBJ
 0001:00078b45       _decsub                    11079b45 f decmath:DECADD.OBJ
 0001:00079090       _decmul                    1107a090 f decmath:DECMUL.OBJ
 0001:0007912f       _lomul                     1107a12f f decmath:DECMUL.OBJ
 0001:000792e0       _decdiv                    1107a2e0 f decmath:DECDIV.OBJ
 0001:0007964d       _decmod                    1107a64d f decmath:DECDIV.OBJ
 0001:00079e60       _abscmp                    1107ae60 f decmath:DECMISC.OBJ
 0001:00079edb       _decmove                   1107aedb f decmath:DECMISC.OBJ
 0001:0007a109       _dectrim                   1107b109 f decmath:DECMISC.OBJ
 0001:0007a1b4       _decmovlj                  1107b1b4 f decmath:DECMISC.OBJ
 0001:0007a2c0       _sl_create                 1107b2c0 f dsplist:scrlist.obj
 0001:0007a31e       _sl_append                 1107b31e f dsplist:scrlist.obj
 0001:0007a512       _sl_remove                 1107b512 f dsplist:scrlist.obj
 0001:0007a5ce       _sl_refresh                1107b5ce f dsplist:scrlist.obj
 0001:0007a621       _sl_refreshfrom            1107b621 f dsplist:scrlist.obj
 0001:0007ab65       _sl_calcbounds             1107bb65 f dsplist:scrlist.obj
 0001:0007ac6a       _sl_makecurrent            1107bc6a f dsplist:scrlist.obj
 0001:0007ad15       _sl_drawbox                1107bd15 f dsplist:scrlist.obj
 0001:0007af70       _free_controls             1107bf70 f dsplist:scrlist.obj
 0001:0007b030       _dl_create                 1107c030 f dsplist:dsplist.obj
 0001:0007b061       _dl_draw                   1107c061 f dsplist:dsplist.obj
 0001:0007b15e       _dl_refresh                1107c15e f dsplist:dsplist.obj
 0001:0007b279       _dl_refresh_rect           1107c279 f dsplist:dsplist.obj
 0001:0007b29c       _dl_cleanup                1107c29c f dsplist:dsplist.obj
 0001:0007b4c0       _TDsetcolor                1107c4c0 f dsplist:tdspl.obj
 0001:0007b503       _set_look                  1107c503 f dsplist:tdspl.obj
 0001:0007b5fd       _erasebox                  1107c5fd f dsplist:tdspl.obj
 0001:0007b670       _normalize_linerect        1107c670 f dsplist:tdspl.obj
 0001:0007b762       _calc_dlbounds             1107c762 f dsplist:tdspl.obj
 0001:0007b844       _eraseline                 1107c844 f dsplist:tdspl.obj
 0001:0007b91e       _erasestring               1107c91e f dsplist:tdspl.obj
 0001:0007b9f9       _erasetext                 1107c9f9 f dsplist:tdspl.obj
 0001:0007bac0       _hilite                    1107cac0 f dsplist:tdspl.obj
 0001:0007bb39       _clear_colorbox            1107cb39 f dsplist:tdspl.obj
 0001:0007bb5a       _check_color               1107cb5a f dsplist:tdspl.obj
 0001:0007bbbf       _control_string            1107cbbf f dsplist:tdspl.obj
 0001:0007bfee       _dl_drawradiobutton        1107cfee f dsplist:tdspl.obj
 0001:0007c651       _dl_drawcheckbox           1107d651 f dsplist:tdspl.obj
 0001:0007cbf7       _drawicon                  1107dbf7 f dsplist:tdspl.obj
 0001:0007cf01       _eraseicon                 1107df01 f dsplist:tdspl.obj
 0001:0007cf65       _drawpicture               1107df65 f dsplist:tdspl.obj
 0001:0007cff4       _erasepicture              1107dff4 f dsplist:tdspl.obj
 0001:0007d028       _dl_get_hwinfo             1107e028 f dsplist:tdspl.obj
 0001:0007d03c       _dl_drawreliefborder       1107e03c f dsplist:tdspl.obj
 0001:0007d2b6       _drawline                  1107e2b6 f dsplist:tdspl.obj
 0001:0007d387       _drawbox                   1107e387 f dsplist:tdspl.obj
 0001:0007da10       _InsetRect                 1107ea10 f dsplist:tdspl.obj
 0001:0007da46       _drawstring                1107ea46 f dsplist:tdspl.obj
 0001:0007da66       _drawtext                  1107ea66 f dsplist:tdspl.obj
 0001:0007da86       _dodrawstr                 1107ea86 f dsplist:tdspl.obj
 0001:0007de27       _setboxrect                1107ee27 f dsplist:tdspl.obj
 0001:0007df3e       _unsetboxrect              1107ef3e f dsplist:tdspl.obj
 0001:0007e055       _lineto                    1107f055 f dsplist:tdspl.obj
 0001:0007e6a7       _createcolorbrush          1107f6a7 f dsplist:tdspl.obj
 0001:0007e741       _selectpen                 1107f741 f dsplist:tdspl.obj
 0001:0007e8bf       _setbitpat                 1107f8bf f dsplist:tdspl.obj
 0001:0007e9cc       _createpattern             1107f9cc f dsplist:tdspl.obj
 0001:0007eb7d       _colorizepattern           1107fb7d f dsplist:tdspl.obj
 0001:0007ecb9       _getstretchmode            1107fcb9 f dsplist:tdspl.obj
 0001:0007ed5a       _TermSysPat                1107fd5a f dsplist:tdspl.obj
 0001:0007ee1a       _drawwinrelief             1107fe1a f dsplist:tdspl.obj
 0001:0007ef40       _InitDIB                   1107ff40 f dsplist:colorpic.obj
 0001:0007ef76       _InitDIB2                  1107ff76 f dsplist:colorpic.obj
 0001:0007f18e       _FreeDib                   1108018e f dsplist:colorpic.obj
 0001:0007f24a       _AppPaint                  1108024a f dsplist:colorpic.obj
 0001:0007f35e       _NormalizeRect@4           1108035e f dsplist:colorpic.obj
 0001:0007f3d3       _GetRealClientRect         110803d3 f dsplist:colorpic.obj
 0001:0007f42e       _CopyHandle                1108042e f dsplist:colorpic.obj
 0001:0007f4c0       _OpenDIB                   110804c0 f dsplist:colorpic.obj
 0001:0007f5f8       _DibInfo                   110805f8 f dsplist:colorpic.obj
 0001:0007f692       _CreateBIPalette           11080692 f dsplist:colorpic.obj
 0001:0007fbbf       _ReadDibBitmapInfo         11080bbf f dsplist:colorpic.obj
 0001:0007fe9c       _PaletteSize               11080e9c f dsplist:colorpic.obj
 0001:0007fef1       _DibNumColors              11080ef1 f dsplist:colorpic.obj
 0001:0007ffa3       _DibFromBitmap             11080fa3 f dsplist:colorpic.obj
 0001:00080264       _BitmapFromDib             11081264 f dsplist:colorpic.obj
 0001:000802fa       _ReadBitMapFileHeaderandConvertToDwordAlign 110812fa f dsplist:colorpic.obj
 0001:00080344       _drawcolorpic              11081344 f dsplist:colorpic.obj
 0001:000804d8       _CreateRTWindowDIB         110814d8 f dsplist:colorpic.obj
 0001:00080646       _CopyVideoWndProc@16       11081646 f dsplist:colorpic.obj
 0001:00080d8b       _CopyVideoPaint            11081d8b f dsplist:colorpic.obj
 0001:00080e47       _DisplayRTWindowDIB        11081e47 f dsplist:colorpic.obj
 0001:00080fea       _SetScrollRanges           11081fea f dsplist:colorpic.obj
 0001:000810e9       _WriteDIB                  110820e9 f dsplist:colorpic.obj
 0001:000812c3       _GetBMPSizeAndHandle       110822c3 f dsplist:colorpic.obj
 0001:00081325       _GetBMPSize                11082325 f dsplist:colorpic.obj
 0001:000813f2       _GetRGB                    110823f2 f dsplist:colorpic.obj
 0001:00081450       _RtExtractIcon             11082450 f dsplist:extico.obj
 0001:000818f0       _getcfg                    110828f0 f libnb:cfglib.obj
 0001:00081947       _putcfg                    11082947 f libnb:cfglib.obj
 0001:000819d6       _rmcfg                     110829d6 f libnb:cfglib.obj
 0001:00081a46       _bufcfg                    11082a46 f libnb:cfglib.obj
 0001:00081ed1       _putnet_boss               11082ed1 f libnb:cfglib.obj
 0001:00082760       _NBGR                      11083760 f libnb:nball.obj
 0001:00082782       _NBZR                      11083782 f libnb:nball.obj
 0001:000827a2       _nball                     110837a2 f libnb:nball.obj
 0001:00082ed1       _nb_rcv                    11083ed1 f libnb:nball.obj
 0001:00082fd0       _NBopen                    11083fd0 f libnb:nbopen.obj
 0001:00082fec       _NBopen_p                  11083fec f libnb:nbopen.obj
 0001:00083100       _NBpath                    11084100 f libnb:nbpath.obj
 0001:0008311e       _NBpath_p                  1108411e f libnb:nbpath.obj
 0001:00083360       _gl_createfreev            11084360 f listmgr:listmgr.obj
 0001:00083430       _gl_createfree             11084430 f listmgr:listmgr.obj
 0001:0008344e       _gl_create                 1108444e f listmgr:listmgr.obj
 0001:0008348d       _gl_create_head            1108448d f listmgr:listmgr.obj
 0001:000834ca       _gl_append                 110844ca f listmgr:listmgr.obj
 0001:0008362b       _gl_insertafter            1108462b f listmgr:listmgr.obj
 0001:0008371d       _gl_insertbefore           1108471d f listmgr:listmgr.obj
 0001:00083818       _gl_remove                 11084818 f listmgr:listmgr.obj
 0001:000838c3       _gl_free_head              110848c3 f listmgr:listmgr.obj
 0001:00083954       _gl_free                   11084954 f listmgr:listmgr.obj
 0001:00083980       _MCNInit                   11084980 f mcn:mcn.obj
 0001:00083b9a       _MCNCleanup                11084b9a f mcn:mcn.obj
 0001:00083bd2       _MCNAddSocket              11084bd2 f mcn:mcn.obj
 0001:00083c2d       _MCNRemoveSocket           11084c2d f mcn:mcn.obj
 0001:00083c8a       _MCNAddMessage             11084c8a f mcn:mcn.obj
 0001:00083cd9       _MCNRemoveMessage          11084cd9 f mcn:mcn.obj
 0001:00083d17       _MCNOpenListen             11084d17 f mcn:mcn.obj
 0001:00083d49       _MCNOpenListenEx           11084d49 f mcn:mcn.obj
 0001:00084041       _MCNConnect                11085041 f mcn:mcn.obj
 0001:000841f6       _MCNConnectService         110851f6 f mcn:mcn.obj
 0001:00084403       _MCNPingService            11085403 f mcn:mcn.obj
 0001:000844df       _MCNAsyncConnect           110854df f mcn:mcn.obj
 0001:00084847       _MCNAsyncConnectService    11085847 f mcn:mcn.obj
 0001:000859dd       _MCNAsyncListen            110869dd f mcn:mcn.obj
 0001:00085af8       _MCNAsyncRecv              11086af8 f mcn:mcn.obj
 0001:00085c48       _MCNAsyncSend              11086c48 f mcn:mcn.obj
 0001:00085d98       _MCNRecv                   11086d98 f mcn:mcn.obj
 0001:00085f35       _MCNSend                   11086f35 f mcn:mcn.obj
 0001:0008611b       _MCNGetAddress             1108711b f mcn:mcn.obj
 0001:00086325       _MCNOpenDatagram           11087325 f mcn:mcn.obj
 0001:00086579       _MCNAsyncRecvDatagram      11087579 f mcn:mcn.obj
 0001:000866f0       _MCNAsyncSendDatagram      110876f0 f mcn:mcn.obj
 0001:00086867       _MCNCancel                 11087867 f mcn:mcn.obj
 0001:000869ee       _MCNClose                  110879ee f mcn:mcn.obj
 0001:00086b0e       _MCNMessage                11087b0e f mcn:mcn.obj
 0001:000881c1       _MCNBuildServerLocate      110891c1 f mcn:mcn.obj
 0001:0008822f       _MCNBuildServerLocationMsg 1108922f f mcn:mcn.obj
 0001:00088305       _MCNBuildServerLocation    11089305 f mcn:mcn.obj
 0001:00088992       _MCNbeat                   11089992 f mcn:mcn.obj
 0001:00088aad       _MCNbeatHeart              11089aad f mcn:mcn.obj
 0001:00088f92       _MCNSetULog                11089f92 f mcn:mcn.obj
 0001:00088ffd       _MCNULog                   11089ffd f mcn:mcn.obj
 0001:000891e0       _swerrormsg                1108a1e0 f misc:swerrmsg.obj
 0001:000894c6       _swtextmsg                 1108a4c6 f misc:swerrmsg.obj
 0001:00089520       _valid_date                1108a520 f misc:dates.obj
 0001:0008989d       _firstday                  1108a89d f misc:dates.obj
 0001:00089924       _yeartype                  1108a924 f misc:dates.obj
 0001:000899b3       _day_of_week               1108a9b3 f misc:dates.obj
 0001:00089a87       _day_of                    1108aa87 f misc:dates.obj
 0001:00089abd       _month_of                  1108aabd f misc:dates.obj
 0001:00089af3       _year_of                   1108aaf3 f misc:dates.obj
 0001:00089b29       _date_subtract             1108ab29 f misc:dates.obj
 0001:00089b7e       _days_to                   1108ab7e f misc:dates.obj
 0001:00089c98       _date_add                  1108ac98 f misc:dates.obj
 0001:0008a006       _date_compare              1108b006 f misc:dates.obj
 0001:0008a10b       _date_convert              1108b10b f misc:dates.obj
 0001:0008a52f       _day_of_year               1108b52f f misc:dates.obj
 0001:0008a5bb       _bld_cal                   1108b5bb f misc:dates.obj
 0001:0008a8fa       _make_date_string          1108b8fa f misc:dates.obj
 0001:0008a923       _dayname                   1108b923 f misc:dates.obj
 0001:0008ab87       _monthname                 1108bb87 f misc:dates.obj
 0001:0008ad4f       _daycount                  1108bd4f f misc:dates.obj
 0001:0008ad80       _rawkey                    1108bd80 f misc:rtrawkey.obj
 0001:0008aed5       _check_reset               1108bed5 f misc:rtrawkey.obj
 0001:0008b2cc       _key_event                 1108c2cc f misc:rtrawkey.obj
 0001:0008b3f0       _sync_write                1108c3f0 f misc:rtrawkey.obj
 0001:0008b469       _key_fold                  1108c469 f misc:rtrawkey.obj
 0001:0008b672       _undo_watchcursor          1108c672 f misc:rtrawkey.obj
 0001:0008b69b       _do_watchcursor            1108c69b f misc:rtrawkey.obj
 0001:0008b6ba       _set_delayed_watchcursor   1108c6ba f misc:rtrawkey.obj
 0001:0008b71c       _remove_watchcursor_completely 1108c71c f misc:rtrawkey.obj
 0001:0008b76e       _flopcursor                1108c76e f misc:rtrawkey.obj
 0001:0008b7a7       _control_mouse_events      1108c7a7 f misc:rtrawkey.obj
 0001:0008b82c       _times                     1108c82c f misc:rtrawkey.obj
 0001:0008b842       _setcursor                 1108c842 f misc:rtrawkey.obj
 0001:0008b931       _clear_mouse_messages      1108c931 f misc:rtrawkey.obj
 0001:0008b964       _clear_key_messages        1108c964 f misc:rtrawkey.obj
 0001:0008b9a0       _field2decwork             1108c9a0 f misc:convers.obj
 0001:0008ba91       _decwork2field             1108ca91 f misc:convers.obj
 0001:0008c27c       _str2decwork               1108d27c f misc:convers.obj
 0001:0008c515       _decwork2str               1108d515 f misc:convers.obj
 0001:0008c6db       _remove_digits             1108d6db f misc:convers.obj
 0001:0008c898       _isASCIIfield              1108d898 f misc:convers.obj
 0001:0008c8f6       _isNUMERICfield            1108d8f6 f misc:convers.obj
 0001:0008c967       _isDISPLAYfield            1108d967 f misc:convers.obj
 0001:0008c9b8       _int2decwork               1108d9b8 f misc:convers.obj
 0001:0008ca88       _int2str                   1108da88 f misc:convers.obj
 0001:0008cbed       _str2int                   1108dbed f misc:convers.obj
 0001:0008cd5e       _decwork2int               1108dd5e f misc:convers.obj
 0001:0008cdf2       _field2int                 1108ddf2 f misc:convers.obj
 0001:0008cf71       _int2field                 1108df71 f misc:convers.obj
 0001:0008d1fc       _field2str                 1108e1fc f misc:convers.obj
 0001:0008d2e5       _str2field                 1108e2e5 f misc:convers.obj
 0001:0008d773       _strn2decwork              1108e773 f misc:convers.obj
 0001:0008d7cc       _strn2field                1108e7cc f misc:convers.obj
 0001:0008d851       _field_datalen             1108e851 f misc:convers.obj
 0001:0008d941       _clr_fld_storage           1108e941 f misc:convers.obj
 0001:0008da43       _getSubString              1108ea43 f misc:convers.obj
 0001:0008dbd3       _getSubStrStart            1108ebd3 f misc:convers.obj
 0001:0008dcaf       _getSubStrLen              1108ecaf f misc:convers.obj
 0001:0008dd50       _edit_cursorloc            1108ed50 f misc:editfill.obj
 0001:0008e07f       _editsuffixlength          1108f07f f misc:editfill.obj
 0001:0008e198       _editstring                1108f198 f misc:editfill.obj
 0001:0008f2e1       _edit_pad                  110902e1 f misc:editfill.obj
 0001:0008f403       _editlength                11090403 f misc:editfill.obj
 0001:0008f7ea       _editfill                  110907ea f misc:editfill.obj
 0001:0008fab9       _isspacestr                11090ab9 f misc:editfill.obj
 0001:0008fb07       _edit_check_valid          11090b07 f misc:editfill.obj
 0001:00090300       _edit_shift_date           11091300 f misc:editfill.obj
 0001:0009059c       _editdatechar              1109159c f misc:editfill.obj
 0001:000908b8       _edit_errfill              110918b8 f misc:editfill.obj
 0001:00090919       _edit_de_edit              11091919 f misc:editfill.obj
 0001:00090d30       _mem_alloc                 11091d30 f misc:memory.obj
 0001:00090d4d       _mem_free                  11091d4d f misc:memory.obj
 0001:00090d6f       _mem_realloc               11091d6f f misc:memory.obj
 0001:00090d90       _mem_calloc                11091d90 f misc:memory.obj
 0001:00090db1       _memr_alloc                11091db1 f misc:memory.obj
 0001:00090e43       _memr_free                 11091e43 f misc:memory.obj
 0001:00090eaa       _memr_realloc              11091eaa f misc:memory.obj
 0001:00090f2e       _memr_calloc               11091f2e f misc:memory.obj
 0001:00090f70       _win_msg_name              11091f70 f misc:msgname.obj
 0001:00090ff0       _msgrtn_init               11091ff0 f misc:msgrtn.obj
 0001:000910c4       _mri                       110920c4 f misc:msgrtn.obj
 0001:00091103       _mrw                       11092103 f misc:msgrtn.obj
 0001:00091146       _mre                       11092146 f misc:msgrtn.obj
 0001:000913fb       _get_mri                   110923fb f misc:msgrtn.obj
 0001:00091414       _get_mrw                   11092414 f misc:msgrtn.obj
 0001:0009142d       _get_mre                   1109242d f misc:msgrtn.obj
 0001:000914df       _SetMsgbuflen              110924df f misc:msgrtn.obj
 0001:000914f2       _set_mri                   110924f2 f misc:msgrtn.obj
 0001:0009151b       _set_mrw                   1109251b f misc:msgrtn.obj
 0001:00091548       _set_mre                   11092548 f misc:msgrtn.obj
 0001:00091670       _optype                    11092670 f misc:pclcomn.obj
 0001:000918a3       _tsize                     110928a3 f misc:pclcomn.obj
 0001:00091c29       _separate_names            11092c29 f misc:pclcomn.obj
 0001:00091e27       _validnumber               11092e27 f misc:pclcomn.obj
 0001:00091fa6       _fld_typename              11092fa6 f misc:pclcomn.obj
 0001:00091ff0       _nap                       11092ff0 f misc:nap.obj
 0001:00092010       _eraction                  11093010 f misc:er.obj
 0001:0009213d       _erbug                     1109313d f misc:er.obj
 0001:000921d3       _erbugn                    110931d3 f misc:er.obj
 0001:0009220f       _ersysn                    1109320f f misc:er.obj
 0001:0009224b       _erfile                    1109324b f misc:er.obj
 0001:0009227e       _erspace                   1109327e f misc:er.obj
 0001:000922b1       _ersys                     110932b1 f misc:er.obj
 0001:000922e4       _erusage                   110932e4 f misc:er.obj
 0001:00092317       _eruser                    11093317 f misc:er.obj
[...]
FIXUPS: a02a3 55 22 3d 57 19 2b 8 32 28 52 26 56 1d 20 1c 2d 40 46 25 5f
FIXUPS: a1173 42 3b 54 22 1a 42 31 7b 56 54 54 62 9e 2c 1b 72 3d 22 39
FIXUPS: a079d 17 2a fffff526 40 13a 6c 45 28 47 41 27 aa8 ad 65 54 72 c
FIXUPS: a0cbe 19 25 19 41 8f 2c 1b 38 54 22 1a 42 1b 2b 2c 19 25 19 41
FIXUPS: a1082 20 26 26 33 23 14d4 52 2b 56 6e 20 34 48 fffffc06 12 10d
FIXUPS: a1ef5 6a 167 141 19 12 23 2b fffff4fa 210 108 19 12 23 3c ffffed7e
FIXUPS: a08bc 3a a3 38 9d 2b90 5a 40 58 48 fffffa06 fffffeec 2b fffffea3
FIXUPS: a2f23 fffffea3 39 12 fffffc6a 2b d1 e9 fffffbe1 20 10 38 95 3a
FIXUPS: a2991 12 18 59 19 c fffffb34 30 36 1be2 3a c fffff5f6 4c 19 12
FIXUPS: a3883 48 c 3c 4d 31 52 1b 1b 2b 2c 14 22 56 2e 18 2b 11 c fffff7c0
FIXUPS: a33a1 3b 19 1a0 25 cf7 52 2d 18 36 fffff893 4c 19 12 1b 48 c 45
FIXUPS: a3d92 25 22 1b 2b 29 b 22 56 a9 18 1c 1f 18 4b 18 c9 22 25 fff5e592
FIXUPS: 2734 11 f 47 f 36 c a1fe3 35 31 a0 3f b7 fffffd48 71 fffffdae 12
FIXUPS: a4553 65 bf 26 fffffd85 90 2b 16 fffffebf 4b fffffe52 19 17 10
FIXUPS: 1e88 19 4b 22 25 44 14 13 71 15 11e d 14 e2 1d c8 27 1f 1d 65 32
FIXUPS: 2434 f 20 2e 16 85 b5 2e 11 61 49 ffffeee4 2b 15 29 3c 16 dd 12
FIXUPS: 196e f 47 18 f 27 21 61 96 1e 15 20 17 a 27 f e0 33 33 19 66 a5
FIXUPS: 1e4e 12 3672 1b 5b 35 c 1e c ffffba67 64 1e 2a 25 f5 9 26 1d 43
FIXUPS: 128d 15 35 c 10 23 a3 8e 2c f f 43 17 1b 94 367c 1e 31 15 47 4c
FIXUPS: 4d3d 13 2f 41 5 7e 13 c 4b 11 c 4b 64 22 36 36 34 c 2a 31c 13 24
FIXUPS: 53d2 c 39 41 fffff2e4 2e 11 a 67 28 37 28 21 18 18 c 1a e 58 1e
FIXUPS: 49c5 12 14 25 43 12 14 25 43 12 14 25 41 14 41 1e fffff420 29 1e
FIXUPS: 4055 2a 34 e 9 1a da f cf 28 1a 8b 6a 9e 5c 39 1d 9f 14 36 c e
FIXUPS: 4632 14 29 29 70 a 16 fffff420 3a 1a c 3f 1a d c c 2a e 38 1b 10
FIXUPS: 3cd9 2d 9 13 32 16 17 c 12 1d 32 28 5d 17 2c 35 42 90 fffff626
FIXUPS: 35ef c 2c 2c 134 30 3b 25 85 34 12 2e 24 12 28 1c 24 12 28 c 11
FIXUPS: 3a1b 28 23 24 12 28 15 e 24 12 fffff496 e 1f 9 78 70 c 6f 67 47
FIXUPS: 324f 6f 6e 65 1e e c c 2e 2a 3b 1f 16 3e b 31 3a 17 22 10 26 c
FIXUPS: 2827 25 25 26 73 fd 9 18 8f 35 3c 46 58 70 1a 6f 4d 4a 42 2f 27
FIXUPS: 2e33 22 22 4b 10 10 8 31 c c 21 86ac 62 15 15 a9 20 128 137 1c
FIXUPS: ba73 15 15 ad 1a f5 13 ffff99de 26 18 19 17 4e 11 28 7f 3b 2e 25c
FIXUPS: 5aa0 13 26 63 4de8 4b c 18 29 8 9 18 71 34 ce 14 130 6e 48 33 3d
FIXUPS: adde e7 3e3 44 18 54 17 13 47 29 5a 48 2e d c ffffed7c b8 23 42
FIXUPS: a381 35 16 15 1e 26 16 15 31 47 15 1e 32 12 21 26 17 15 1f 54 c
FIXUPS: a65f 51 1a 51 20 44 177 fffff227 70 3c 20 91 98 21 36 1a 18 1f
FIXUPS: 9dde 1a 2a 24 5d 35 35 37 1a 26 1d 50 71 28 28 38 10 4e 9f f 24
FIXUPS: 92b8 16 e 17 10 24 23 4e 18 d b3 16 fa 16 140 e2 43 1b 92 17 13
FIXUPS: 98e5 13 13 13 13 10 46 101 38 2b c fffff127 12 41 b4 23 4a 12 23
FIXUPS: 8e1f d 31 20 20 29 d ec 49 2c 15 16 24 19 1d 29 d ff 17 16 1c 24
FIXUPS: 9277 20 ffffec69 65 9 48 97 27 11 23 14 119 1e 88 38 40 36 27 5c
FIXUPS: 84a1 2e fe 95 3b 31 9 6a ae 209 84 a8 10 1d 15 ffffe5ee 7a 10 1e5
FIXUPS: 73d8 1b 61 53 67 8 46 a7 ce 8a cd 31 9c 4e d1 35 51 1cb 58 1a 19
FIXUPS: 7d8a 16 11 c 1a 63 9f ffffea8d 2e 26 a3 5a 82 28 d 3d 1d 21 48
FIXUPS: 6c42 a7 b0 62 82 29 3d 12 5f 8 23 2a 3a 1e 2d 45 c d 5b 2a fffff0b5
FIXUPS: 623e 3f 15 33 15 27 3b 1c 8 3f 1bd 26 38 26 2e 14 26 32 5a 4e 5a
FIXUPS: 67c4 26 4e 17 38 47 17 3b 22 d 5652 46 1d 14 55 a 23 1b ffff9b6a
FIXUPS: 5c28 1c 5e 14 149 24 49 91 17 8 2b af 41 47 52 15 14 55 a 17 c
FIXUPS: 618c 20 6f88 15 c 15 c 15 c 15 c 15 5c 36 25 34 1e 1a b6 26 54
FIXUPS: d435 36 c 1a c 1c c 23 ffffea04 34 49 10 14 b44 14 a 1e 53 86 18
FIXUPS: cc28 f 10 9b 3b 13 a5 3b 13 114 3a 4a c 21 9b c 15 c 15 c 15 c
FIXUPS: d107 c 15 fffff1a5 3d 2b 1a 16 5 47 5 5b c c e 10 c 17 6b 92 34
FIXUPS: c65c c8 55 8c 5c 81 79 27 7d 23 33 9 13 2b 50fe 50 14 9 1c 9 39
FIXUPS: 11c90 14 9 46 3a 9 20 14 9 4d 9 e9 105 dd 1e 3b 1e c0 1e ffff9fb5
FIXUPS: c1bf 42 27 42 30 527e 13 17 17 17 17 17 17 17 a7 e 97 1b 3c 12
FIXUPS: 11789 1d 26 30 1a 23 12f 32 4c 29 1c f 5d 63 4e 35 14 fffff27b
FIXUPS: 10e2f 11 9 d b 14 9 23 11 9 13 13 21 17a 32 2d 31 25 13 1f 1b 48
FIXUPS: 111d2 10 15 43 104 8d 7c 25 45 fffff4b1 17 33 84 31 33 2c 1e 11
FIXUPS: 10b17 2f 52 1c 16 c0 32 14 9 37 2c 14 9 1c 2c 9 d b c 9 d b 14
FIXUPS: 10444 12 b c 9 38 12 b c 9 38 57 24 1d 2a 11 91 17 33 47 16 40
FIXUPS: 1076c 23 17 32 4b 2e 9 23 11 9 fffff957 b 21 14 9 23 11 9 11 19
FIXUPS: 102b2 1f 11 b 13 14 9 23 11 9 11 b f 14 9 23 11 9 d b c 9 fffff99c
FIXUPS: fdd0 18 2b 26 16 69 b 14 f 9 2a 1c 11 3e 5d d 14 f 9 2a 1c 11 61
FIXUPS: 10111 16 48 18 13 17 13 17 fffff5b1 1c 1d 65 17 1d 26 1c 1d 19
FIXUPS: f8f2 161 16 79 9 26 29 9 f 26 65 22 3f 19 28 16 4b 14 19 17 12
FIXUPS: fd94 fffff5e5 3e 19 14 9 23 11 9 29 25 14 2e b 18 79 9 52 9 29
FIXUPS: f608 14 3c b 18 1e 9 1b 25 11 17 16 2f fffff7d7 23 11 9 11 90 2b
FIXUPS: f045 7b 34 14 9 3e 1f 14 9 3e 2c 14 9 23 1f 26 9 23 11 9 11 b 5f
FIXUPS: f35c 14 fffff524 9 49 51 19 12 31 2c ba 2d 14 9 3e 25 2b 9 23 96
FIXUPS: ec1c 11 90 2b 16 a8 2b 6b 34 14 9 3e 2c 26 fffff4bf c 2e 9 1f 11
FIXUPS: e458 11 65 21 14 9 3e 19 14 9 23 11 9 7d d9 2b 16 59 12 40 9 23
FIXUPS: e843 14 9 23 fffff581 24 c 1a 19 2f 80 23 7b 17 16 31 1c 16 1f
FIXUPS: e0ff c 21 30 28 114 30 14 9 3e 28 14 9 23 2c 9 11 fffff5ed 2d 2f
FIXUPS: da27 23 36 12 15 9 2a 25 11 17 6c 2b 11 9 2a 25 11 17 f 11 9 93
FIXUPS: dd22 33 29 1e 11 28 1e 5a34 84 39 fa 5b c 7e 21 ffff9a66 9e 16
FIXUPS: d614 15 b 3e 1e 16 12 28 21 1e 17 2a 30 25 16 e9 25 11 1d e 88
FIXUPS: 13150 49 c 32 4a c 22 3f c 26 24 3c c 81 c 33 4c c 4f 13 6d c 2b
FIXUPS: 13589 c 46 c 22 13 3a 158 5e fffff225 c 4c c 49 c 49 c 49 c 6d
FIXUPS: 12c2c 3e a9 2c 15 4b 67 26 c 49 c 49 c 49 c 49 c 2c 111 24 57 fd6
FIXUPS: 1413c 3a c 49 c 46 c 54 3c 41 29 57 1b 12 13a c 3d c 53 c 2b ffffe029
FIXUPS: 12716 4b 145 a6 31 26 f 2a c 120b 21 c 12 21 c 12 21 19 13 25 57
FIXUPS: 13d5c 1f 13 3a c 49 c 46 c 2c 6f 28 20 3e c 25 27 73 1d 8a 3027
FIXUPS: 17151 5d 87 47 109 8c 36 13 33 25 52 14 14 13 13 1d 16 13 13 19
FIXUPS: 175cf f 1a 1a ffffc517 8 52 1a 17 21 c 30dd 16 14 1d 1f 13 2f 17
FIXUPS: 16d95 2c 26 e 2a 16 b 6f 28 b 2e 28 2f 31 1d 63 1d 22 c 25 25 30
FIXUPS: 170e8 13 fffff476 4d 37 18 27 39 18 2a 1f a0 18 2c 13 1b 10a 19
FIXUPS: 16938 48 27 13 7b 18 3f 13 6e 18 b4 14 55 1a 14 1d fffff269 29
FIXUPS: 15f31 22 40 13 39 16 13 13 21 29 12 22 47 18 b 29 22 35 21 29 12
FIXUPS: 161f7 b 29 22 22f 13 52 17 2b fffff5b6 14 14 22 b 23 5f 28 b 39
FIXUPS: 15c5f 19 c 1d 18 32 19 1d 18 37 2a 14 19 2a 13 19 1c 1f 41 16 13
FIXUPS: 15ed5 fffff6ee 17 2a b 35 1b 1c 2a b 27 f 13 1e 44 17 44 16 13
FIXUPS: 157fd 44 17 16 13 f 19 44 17 44 16 1b ed 4a fffff7ff 19 c 1f c
FIXUPS: 15319 c 1a 2a b 27 24 19 c 1f c 1d c 1a c 1a 2a b 27 29 1e c 1a
FIXUPS: 1554d 1a 2a b fffff928 28 29 b 28 29 b 28 29 b 28 29 b 27 3d 23
FIXUPS: 150e0 b 44 16 1e c 1f c 1a c 26 48 21 c 1a c fffff7e5 2e 2b f b3
FIXUPS: 14b8d 1f c 1a 2a b 27 1f 37 26 b 28 c 1f c 5f 22 b 1e 1a 29 b 28
FIXUPS: 14e5d b 28 29 fffff7ca 39 c 1f c 5f 22 b 13 1a 2a b 28 2a b 28
FIXUPS: 14890 b 28 2a b 28 2a b 28 2a b 28 2a b 28 24 2fa8 f0 85 6d 18
FIXUPS: 17c1d 3a 18 16 1e 2c 10 1f 3a 57 25 2c 23 4f 8b 2a 63 39 2e 53
FIXUPS: 1815c 3b2 152 ffffbf9e 1a 4d c 673f 32 15 98 1cf 81 1ae 6b 20e
FIXUPS: 1b532 237 160 43 5f ffffbcd7 1a 26 c f 2c 3e c 12 2e c 91 8c c
FIXUPS: 17897 6b 59 76 2910 18 82 58 1cb 4c 15 15 16 11 2e 2a 29 39 43
FIXUPS: 1a7bf 1a 2b 63 29 15 98 16b a1 79 f 2a 2d c2 37 14 58 ffffdd59
FIXUPS: 18ec6 3e d2 15 1f6 456 33 9a 1eb ea 59 15 84 22 14 bd 180 1e 50
FIXUPS: 19dc8 60 9a 1f 1b 33 ec 15 85 14 13e 7e 6624 144 4b 16 53 167 108
FIXUPS: 20d2c 25 167 22d 36 2b 49 1c c 1b 26 28 eb 66 72 1b0 46 24 47 ffff7045
FIXUPS: 18730 90 11c 98 79 6f50 53 153 3e 44 9 4b 60 fd 35 e 178 91 1a
FIXUPS: 1fffa 35 49 44 21 16 35 bf 14 10 5d bb 2c 31 26 3ec a0 61 ffffe799
FIXUPS: 1f045 44 b2 55 34 79 c4 28 34 79 d 11 30 57 47 4a 11c d 17 30 77
FIXUPS: 1f761 56 21 4f 4d 37 23 2b 1a c ffffeb8c 75 1a 1a 1a 1a 1a 1a 1a
FIXUPS: 1e5f0 1a 1a 1a 1a 36 24c 91 11f 42 2e 78 5 74 241 d 4d 3e d 8b
FIXUPS: 1ef81 33 13 ffffef47 11 39 1d 1c 43 1b 2c 1b 77 27 17 9 2a 23 14
FIXUPS: 1e1ec 17 9 2b 13 36 35 5d 33 6a 2a 8 37 44 b 3b ffffeff1 17 18
FIXUPS: 1d4da 28 18 3b 1c c2 56 ad 39 12 12 3a8 11f 22 28 30 2b 33 19 16
FIXUPS: 1dd71 11 11 7d 1b 22 10 2c 36 ffffeccd 5 3a 3a 3a 24 2e 30 13 17d
FIXUPS: 1ce91 2b 14 6e 28 18 18 18 c4 41 63 35 b8 6d 37 33 2b 48 f 1b 9e
FIXUPS: 1d47b fffff285 1a 9 1a 9 59 24 24 24 31 2f 9 1c 9 1c 9 1c 9 41
FIXUPS: 1c955 2f 9 19 9 1b 90 2a 9 20 9 61 24 fffff3fd 17 15 eb 2b 13 c4
FIXUPS: 1c167 16 16 16 16 16 16 de e 36 2f 9 19 9 b8 1d1 2f 9 19 9 2a 31
FIXUPS: 1c6d4 9 1a 61eb 291 1b ffff8ebb 83 3a 10b 51 e 44 43 53 46 9 19
FIXUPS: 1bdbb 19 9 19 9 19 9 19 9 3a e 16 2a 15 17 15 17 5de4 1f 2a 16
FIXUPS: 21d8e e 22 1d 37 1d 38 4a 38 38 38 38 2f 9d 13e 6a b3 108 d 15
FIXUPS: 225a5 17e d 20 19 1d 1f 34 595 f f 11 5d 5d 87 c 1c c 17 d 10 144
FIXUPS: 23093 ffffe678 10 10 19 17 b5 1c 5c 17 22 17 da 8 228 c8 1f 1f
FIXUPS: 25308 18 24 14 e 150 20 53 16 d 25 12 13 ffffdb2f 81 12 d 1b 88
FIXUPS: 232b7 9 38 1c 3a 26 fffff833 26 24 1c 14 9 86 231e 15 15 f 1c 12
FIXUPS: 2504b 26 14 d f 39 17 17 17 16 f 2b 30 30 12 17 17 1d f 1c 12 1d
FIXUPS: 2529d 23 1c 15 fffff9b8 16 15 15 15 15 16 f 1c 22 12 15 14 15 14
FIXUPS: 24de9 35 12 16 16 f 21 2c f 21 2c 17 f 2c 15 1f 21 fffff238 22
FIXUPS: 2422e 22 d3 75 2d 7d 19 21 49 d d 19 69 41 3f f 43 36 4e 21 12
FIXUPS: 24729 44 1a 21 f 3f 5f 428 16 ffffefc0 74 2d f 27 1a 21 f 27 1a
FIXUPS: 23dce 22 1f 19 1f 19 75 14 12 44 99 2e 33 22 22 22 20 a 16 32 23
FIXUPS: 241c3 fffff4d6 28 28 28 28 28 28 28 28 82 60 25 24 19 24 19 22
FIXUPS: 239a6 31 ae 23 25 44 26 21 24 23 16 16 22 22 22 471a 1f 13 16 14
FIXUPS: 283b4 71 19 ffffaf8c 22 22 22 2a f 27 1a 21 f 27 1a 21 f 31 11
FIXUPS: 235a7 21 f 31 11 1a 19 25 451a 36 4f 33 63 10 22 1e 18 18 18 18
FIXUPS: 27d6e 2b 6c 201 6d a 23 17 76 10 bf 20 1f 1d 32 1b 1b 23 37 19
FIXUPS: 273f5 18 11 12 44 1c 29 67 11 2f 1c 18 11 e1 c 8 c e c 39 40 43
FIXUPS: 277b0 1f 1f f5 1c 9f a5 86 59 56 fffff10e 1a 29 1b 1a 21 31 25
FIXUPS: 26d9a 15b 1b 10 f 1b 4f 58 c1 f 25 25 30 f 25 10 94 22 4b 51 1c
FIXUPS: 27316 83 11 fffff383 49 17 16 16 16 16 17 16 8 a 57 14 31 44 2d
FIXUPS: 26945 27 27 7e 36 37 2d 1f a 8d 1d 2d e f 21 78 fffff3ea 2e 43
FIXUPS: 260d6 34 37 24 76 57 3c 1b 2b 53 c 39 c 47 9 45 b8 d d 87 8 39
FIXUPS: 2658f 1a 8 1d 5e 8 1d fffff2a7 37 50 22 31 44 7e 8e 55 2f 24 c
FIXUPS: 25bf0 1d 4a 4e 15 c 25 29 19 32 66 19 2d 6a a0 15 19 31 3c 52 383f
FIXUPS: 2984a 3d 19 32 19 19 19 28 19 19 19 3c 4f 176 c ffffba2b d 1e d
FIXUPS: 25621 7e 13 1e 1f 16 3f 1c 34 19 4f ba 3908 19 16 1b 8e 32 c5 30
FIXUPS: 29420 18 51 ea c 35 9 54 30 13 89 12 12 12 3c 9 21 12 12 12 45
FIXUPS: 297fd 20 9 fffff340 14 50 5b 10 70 27 22 2e 46 e 7b c 12 3b f 25
FIXUPS: 28ee8 2a 17 74 12 6f 6b 21 25 50 1c 19 16 1b 1d 634d 14 3b 1b ffff8f29
FIXUPS: 28551 15 20 27 e b0 c e f f 3a e e 8 e 10d 15 2e 74 e 47 23 50
FIXUPS: 289f6 10 117 e 61af 25 25 25 25 25 25 24 a1 f 180 71 28 40 80 36
FIXUPS: 2f202 b9 7b 35 1c 25 43 16 9 4a 25 f 8 16 25 f fffff168 59 21 d1
FIXUPS: 2e7c6 49 22 31 2a f 59 10 15 24 1b 1b 19 68 c 8 1f d 8 4f 72 1b
FIXUPS: 2eb29 17 26 13 2e aa fffff083 1b 121 35 49 27 28 35 2e a8 47 6c
FIXUPS: 2e0dc ae 25 4d 5d a6 32 9c 1b 5e c 66 2c 21 4a 1b 1b 1b 3d 5d ffffedd0
FIXUPS: 2d460 20 13 45 5f f 146 35 56 71 d6 32 53 30 4b 2c 2b 44 88 1a
FIXUPS: 2dad4 15 26 13 16 f 1b 1b 10 67 47 ffffed40 53 4f 3f 48 c ac 2c
FIXUPS: 2cbc0 38 98 15 1a 2b 29 2b 65 55 14 10 f 14 18 18 18 10 10 42 58
FIXUPS: 2cfe1 2b0 18 ffffeb7f c d2 c 91 4d 81 4b c 77 26 10 1d 48 1a 7a
FIXUPS: 2c2b0 7e 16 6f 4b fe 51 b9 51 42 c ec d9 26 32 65 ffffee5f 33 19
FIXUPS: 2b7f9 19 1f 15 36 17 16 1d 22 1c 15 36 15 36 15 41 9 19 65 63 c
FIXUPS: 2bbb8 2d 1b ba 83 c 5e 2f fffff302 15 1c 8 5 42 36 ed 46 8e 1f
FIXUPS: 2b39f 9 8d 27 2f 1b 3e 9 64 15 68 15 68 15 36 15 36 1c 27 15 36
FIXUPS: 2a5e3 35 36 49 2f a0 46 86 2e f 16 9a 37 62 e1 16 4c f 4d 93 be
FIXUPS: 2ad0f 189 1b 47 36 79 1b 16 63 56 1b ffffed62 19 32 af 7e 9 25
FIXUPS: 29fcc 19 16 16 19 16 162 5 83 37 19 13 a6 a7 a0 21 8 15 72 f a
FIXUPS: 2a5a6 f a 12 778c 1a b 52 16 12 b 6c b 24 17 16 b 45 f 3d 19 e
FIXUPS: 29c1a 3a 1a 4e 10 f 25 15 40 9 17 5b 14 d 7716 6a 33 b 57 25e 11a
FIXUPS: 319bf b 8e 1a b 24 17 12 b 1c b 39 1a b 23 1a 3a b 37 1a b 44 b
FIXUPS: 31d36 b fffff128 1c 2f b 1c 5e 21 57 b 34 3a 35 1a 86 3c 23 4c
FIXUPS: 311d4 41 43 a1 2c 19 22 29 38 43 3d 28 39 36 24 ffffec18 24 30
FIXUPS: 302ac 7e cb 28 3f 37 2d d2 2d a4 e 12 4a 1f 4a d0 31 b 126 17 213
FIXUPS: 30bdf c 30 33 43 45 b8 95 ffffedbb 8 26 45 8 21 2b 1a 2b b 29 21
FIXUPS: 2fd65 41 b 53 e 9 10 1f 60 66 f f 25 24 51 3c 3f b 8c b fffff573
FIXUPS: 2f674 2a b 2a 8 72 1b 27 76 b 61 19 13 22 25 36 17 72 27 1a 1e
FIXUPS: 2fa13 29 45 54 1e 1f 11 64 2a 1a 55e4 48 20 42 34 19 1e 19 214
FIXUPS: 355e9 4e d4 46 41 79 74 e1 55 61 c 67 10 15 2d 12 28f 48 2b3 ffff9542
FIXUPS: 2f5e5 1e b 4c3e 17 1a 8 16 1a 8 b2 26 57 6b 72 f 1e4 106 119 48
FIXUPS: 34a00 21 83 2b 1a 8 83 1d c2 9f 42 1d 5 276 ee ffffe7ce e4 83 20
FIXUPS: 33a25 29 35 20 16 29 d 70 8 9c 1f 48 10 10a 1c 51 10 8 f 22 8d
FIXUPS: 33f0f 22 1a 8 239 c 57 ffffef45 41 23 73 34 54 35 3a 10 40 1a 2b
FIXUPS: 333c2 1f 17 3c 19 32 f 40 4b 5b b5 4d 35 15 13 38 16 e0 30 35 ffffeb79
FIXUPS: 32409 48 2c 2a 48 af 37 90 18b b6 2c 2c 30 45 1a4 1a 14c 99 1d
FIXUPS: 32d46 5f 79 e3 19 2d 79 19 42 23 a7 3f 3c56 2a 12 ea 4b ad 12 55
FIXUPS: 37022 74 8c 33 66 20 1b 1c 12 5d c f 31 121 4e 4a 26 8 6f ffffac13
FIXUPS: 3222e fd 73 2c 4261 16 15 16 15 16 15 15 15 15 15 15 15 15 15 15
FIXUPS: 3677e 16 15 31 2e 36 c6 a2 5e 2f 45 32 2d 2b 12a 9c 8f38 1a 10c
FIXUPS: 3fd2d 20 5f 8 ffff788e 32 4b 2d ffffe9dd 30 5c 2d be 1b 22 18 7e
FIXUPS: 36358 d5 2a 34 46 2e 17 31 8 23 8f 15 873d 3f a2 281 b 27 18 2c
FIXUPS: 3f146 40 28 b 2e 4b 94 2c 2a 20 7e 55 11 60 7d 84 b 20 16 12b 1dd
FIXUPS: 3fa9d 84 38 ffffe902 b0 29 17 e e 1b e 1b 2b 4d 15 110 2b 37 f
FIXUPS: 3e807 66 54 7e 3c 47 16 3a 15 53 1c 5f 56 5d 12e 41 fffff09c 30
FIXUPS: 3ddf2 25 31 66 30 21 3c 26 66 58 f 41 f 4e 32 f 4e 31 f 2a 4e 70
FIXUPS: 3e292 3e 19 39 79 24 24 26 fffff21f 22 c 28 1e 22 60 59 60 3b f
FIXUPS: 3d841 f 4f 22 3e 22 7b 25 85 3c f 20 f 20 f 50 68 3b 99 68 68 fffff03c
FIXUPS: 3cdb1 18 10 28 f 20 f 20 f 3d f 3e 1f 73 1e 3c d1 1d 98 b2 62 26
FIXUPS: 3d2ea 7c 3c 5b f4 8e 14 73 1d ffffeab0 12 b 29 12 b 9a 192 29 12
FIXUPS: 3c3a8 bd 92 b2 16 37 25 5f 25 107 3f 48 1a 136 53 25 118 5c 81
FIXUPS: 3cc27 52 ba ffffe7c1 2f d 27 21 64 a 8b 62 f 27 1a9 f 60 31 f 28
FIXUPS: 3ba64 25 45 e5 30 e7 4f 4a c5 a3 5e 66 3a 40 7f ffffeac9 23 37
FIXUPS: 3abd5 7a 85 18 35 7f b1 2b d 39 51 2b 1c e3 4f 88 33 178 15 58
FIXUPS: 3b348 35 22 3e 1f 13 30 8c f ffffec1e 2b 42 13 20 6b 44 7e 105
FIXUPS: 3a3f0 b1 1a f 25 65 1a 16 26 116 2c c5 f 64 29 17 15 1a4 4d 32
FIXUPS: 3aafa 5 38 ffffe98c 1a 32 1e 31 36 1c 20 19 7a 9d 124 2f 30 f 2e
FIXUPS: 398ed 24 68 194 94 18 65 18 c4 161 11c 89 1e 3a 55 1e ffffea1f
FIXUPS: 38ba4 1b 25 3d 42 4a 25 70 f 21 de 122 9e 3d f 15 64 25 25 27 c2
FIXUPS: 3922b 37 7e 64 21 72 32 26 32 1e ffffe8c0 4a 1b 6a 292 a7 40 13d
FIXUPS: 38304 82 f 1d 20 de 30 25 1e 104 5 4e 30 73 f 52 14 30 78 fe 25
FIXUPS: 389a5 48 1f ba38 6a b 25 b 28 12e 3c 11 2d 26 15 18 4d 5c 22 27
FIXUPS: 378e4 25 b 76 1d 10 67 17 35 15 38 5f 2b 132 8e bd3e 147 15 26
FIXUPS: 43bf0 4d 25 2c 28 2c c 8e 22 34 22 4c f 8 2d f6 f 41 2d 94 5c 11d
FIXUPS: 44216 5b 36 a9 b de ffffea32 49 39 41 33 16 3b 54 2b d 5f ad 7
FIXUPS: 43190 4a 8 77 217 23b b 25 b 28 b 26 12c 22 30 26 15 d4 64 ffffea19
FIXUPS: 4248f b3 5b 4e bc 5 2b 11 10 36 25 70 e 5e 5 18 d 6f 7a 45 186
FIXUPS: 42b4e a9 c 13 f 14 b9 3d 1f 6f ffffef1f c d c d a 55 a5 57 17 86
FIXUPS: 41f44 29 21 35 18 18 18 12 1a 7b f 19 1a b5 19 3e 127 19 6e 19
FIXUPS: 423f3 ffffefd7 82 a7 13a 21 f 1d 2b 2e 13 4a 66 f 6a 5 39 24 37
FIXUPS: 418b0 5 87 18 8 11 b4 70 c9 2e c 2b e6 24 ffffed89 13 13 13 13
FIXUPS: 40ab1 131 1f c 1b 50 29 75 a7 13a 21 f 1d 2b 21 c 281 17 5f f 1d
FIXUPS: 412da c 2e 5f f 1d ffffee16 2a 88 d 18 30 a6 21 90 18c 47 27 9
FIXUPS: 4062e 49 18 3a 20 72 83 7f 86 59 13 13 13 13 13 13 13 6b 13 7214
FIXUPS: 47c64 c 34 13 13 c 8 f f 5c f 42 17 45 c 16 f 56 12 4d 37 b1 ffff7e4d
FIXUPS: 3fe47 17a 1c 18 16 d 91 ce 6c32 35 a 38 32 12e 83 1e 129 53 84
FIXUPS: 47260 51 ae 116 55 50 1b1 40 b 80 2b 1cb 3d 31 b 9c 15d 11 c e
FIXUPS: 47c37 ffffe671 2a 72 1fb 24 b0 32 1c 1c 77 1f 7a 31 30 21 69 113
FIXUPS: 469ad c3 2e 1c 71 19 33 21 46 84 3f 5f 38 2a 2c ffffe8f0 d3 76
FIXUPS: 45903 257 d6 2f 7a 1d 16 c 2f 3b c 9f f 13 54 1d 55 cb 40 a 38
FIXUPS: 460c1 1c 80 a c 6f 42 42 ffffe806 8c 155 2f 2f 43 34 c 37 15 7e
FIXUPS: 44e51 c ca 31 3a a 13 2a 5d 9e 2b 16 77 39 198 19e 98 18 15 28
FIXUPS: 4564a 520c ffffd7f0 19 d 16 d c d e 11 d 1d 35 36 29 5e 4a 22 29
FIXUPS: 44857 39 2e 13 10 56 41 1a 22 32 1f 29 28 5933 16 b 8 d 1f f f
FIXUPS: 4a404 5 1a 5 13 2d 2a 1f 45 5 5 a 6b 8 21 f 15 57 18 b 9d 17 5
FIXUPS: 4a6fa fffff9df 15 35 1f 25 8 1a f 8 a d d 4d 11 11 f 16 b 1a 24
FIXUPS: 4a2ae 25 8 13 8 5 5 a 36 e 8 9 fffffb92 13 e d e d e d e d e 20
FIXUPS: 49fac d e d e d e 20 e d e d e d e d e d 17 e fffff810 20 2a 59
FIXUPS: 49985 8 14 9 8 44 2a 1d a 14 c a a 48 39 70 40 70 40 73 42 5d 85
FIXUPS: 49e84 12 17 1d 1a fffff5a8 c 8 48 10 39 d 11 19 12 40 34 a 1e b
FIXUPS: 49657 1d 44 2b 11 15 12 20 11 20 1d 1d 1d 96 20 20 20 fffff9b3
FIXUPS: 49283 8 5 5 12 a 11 8 d 20 15 b 8 13 f 8 10 20 1f 8 15 8 13 2c
FIXUPS: 49412 16 14 15 13 c 8 fffff8e4 c6 8 22 b 10 ed 1a 16 b f 16 b c2
FIXUPS: 490b1 22 c 28 d a 52 e 1f 15 b 8 49 8 5 5 a 20 fffff67d e d c 24
FIXUPS: 4897a 15 e 27 6b 15 12 8 21 e d d d 23 14 13 2b 90 44 34 34 1d
FIXUPS: 48c8d 10 86 1b b fffff6a3 23 1b 15 be 68 27 d 2d 23 17 18 b 97
FIXUPS: 486d1 5 5 5 b b 1b 4d a 49 a 22 24 e d c 24 66 45ac 50 3a 3c 5e
FIXUPS: 4cfb0 48 c 4b 16a 179 b8 108 68 15 8c c 1a ffffacb1 a 8 5 18 2b
FIXUPS: 4833e 8 5 18 2b 8 18 23 3f4d 15 15 17 12 b2 3b 5c 90 1e f f 2c
FIXUPS: 4c628 80 75 80 e5 2a 45 a4 35 37 11a 2a 16b c 15 6e 8c 71 c ffffebd8
FIXUPS: 4bae6 10 31 4e 34 24 30 2e 10 1f b7 b 3a 2a 86 b 18 2f 79 1e6 19
FIXUPS: 4c0e0 8c 19 33 20 22 51 a6 f f ffffec38 1d b 7b b 23 c6 46 6d 25
FIXUPS: 4b1f2 88 82 b6 9b 2d 3b c8 32 26 8f 65 aa 7e 2f 1b 3e 86 6d 70
FIXUPS: 4b9f5 10 2d9c 3f 14 8 12d 2ad 27 18 13 10 3a 20 41 bc 8 11 13 ffffbbf6
FIXUPS: 4a9f2 72 6e c2 7c 1d b 7b b 1d 99 29 97 97 29eb 45 88 ab 35c 2b
FIXUPS: 4ddd6 112 ee f 8 169 110 1f 1b 36 84 f8 26 b a 8 1a 19 40 e5 59
FIXUPS: 4e662 b8 1a 1f 2f 39fa f 6b db 80 698 a 1a 57 a 1a cb 21 17 ce
FIXUPS: 52c77 89 25c 4b f1 e9 2a 24 2c 121 32 ffffa4bf 2a 10 15 f 27 37f1
FIXUPS: 51099 16 16 16 16 1b 50 294 6e 1c 14 14 14 14 1c1 24 7d 24 157
FIXUPS: 518bf 580 24 1b 1c 97 15e 23 13 11 10 73 ffffdfe6 2f 1f 1d 1d 1d
FIXUPS: 50201 1d 2c 3a6 18 2f 28 12 21 1f 1f 16 18 5e 643 21 10 30 30 6d
FIXUPS: 50eaf 9 57 24 cf a ffffeab4 67 50 f 8 d0 65 16 28 2a 1c 3a d 35
FIXUPS: 4fe14 1a 2a 9c f 26 40 14 11 17 af c 11 c 13 1d 2b 3c fffff478
FIXUPS: 4f5f7 8b 4b 53 63 1b 17 15 20 a 34 38 27 1d 41 d 30 24 b f 22 19
FIXUPS: 4f9a4 2c b 5d 9 13 9 f 33 3cf2 37 fffffd02 29 37 2d ffffb8f4 b
FIXUPS: 4ee94 27 202 3a f c a 44 64 39 26 4a f 13 1f 9d c 60 2f 45 19 be
FIXUPS: 4f565 16 4fb2 17 17 2f8 44 51 114 ed 120 31 7f 152 8 12 ec 148
FIXUPS: 55065 ff 37 40 39 e7 b2 29 2c 28a 205 146 45 44 ffffdbf7 10 2907
FIXUPS: 56065 a a 43 23 fc 11c 31 11f 43 13 43 2e 22 30 22 30 5d 1e7 ffffd5c8
FIXUPS: 53e0f 1b 20 c d3 72 70 45 3b 13 f1 4a70 a7 242 d 19 d 86 7b ffffca8e
FIXUPS: 55ace 8 3f b 2a 1c 25 1c 19 3b 27 f 80 25 36 44 2d 13 31 3f 37
FIXUPS: 55e87 be 2361 2c 26 f 60 19 11 29 26 f 60 19 26 f 8e 45 8b 76 4f
FIXUPS: 58724 15 2a b 3c b 86 16 1e 31 3a 8e 219 ffffef86 2e b 49 21 c
FIXUPS: 57ccf a9 b 27 3f b 30 3d b 88 1e b 37 b 40 c7 30 2d b 2c b 42 1f
FIXUPS: 58172 f 8 fffff339 b 66 40 b 1e c 1a c 85 40 b 71 b 2d c 1a c 179
FIXUPS: 57932 b 1e c 1a c 45 b 9b 40 b 1e c fffff46f b 58 b 47 c 71 b 16
FIXUPS: 570f6 b 16 4b b 7b 42 b 7e c 2b b 27 40 35 b 39 b 2f c 1e 3a b
FIXUPS: 5691d b2 a9 b 27 40 b 1e 2e b 5f 40 b 1c 36 b 20 5c b f 81 b 27
FIXUPS: 56dd7 40 b 39 b 22 13 22 5f
